02-15 22:51:42.395 I/SurfaceFlinger( 1664): Capture layer list: 	 io.openclaw.telegramhandsfree/io.openclaw.telegramhandsfree.MainActivity$_24915#40652(seamlessTransition:0)
02-15 22:51:42.396 D/RenderEngine( 1664): [SEC_SF_EFFECTS] drawLayersInternal,1483, Rendering layer io.openclaw.telegramhandsfree/io.openclaw.telegramhandsfree.MainActivity$_24915#40652 at index 1
02-15 22:51:48.456 D/SGM:GameManager( 8359): identifyForegroundApp. io.openclaw.telegramhandsfree, mCurrentUserId: 0, callerUserId: 0
02-15 22:52:06.309 I/SurfaceFlinger( 1664): [io.openclaw.telegramhandsfree/io.openclaw.telegramhandsfree.MainActivity$_24915#40652] setFrameRateCategory: HighHint
02-15 22:52:06.342 D/WindowManager( 8359): requestTransientBars: swipeTarget=Window{d5e35a6 u0 NavigationBar0}, controlTarget=Window{46b07cb u0 io.openclaw.telegramhandsfree/io.openclaw.telegramhandsfree.MainActivity}, canShowTransient=false, restorePositionTypes=0x3, from=com.android.server.wm.DisplayPolicy$1.onSwipeFromBottom:21 com.android.server.wm.SystemGesturesPointerEventListener.onPointerEvent:545 
02-15 22:52:06.359 V/WindowManager( 8359): Transition 2131: Set Task{12cc20a #1043 type=standard A=10541:io.openclaw.telegramhandsfree} as transient-hidden-task, caller=com.android.server.wm.Task.forAllTasks:4 com.android.server.wm.WindowContainer.forAllTasks:2 com.android.server.wm.DisplayArea.forAllTasks:9 
02-15 22:52:06.359 V/WindowManager( 8359): Collecting in transition 2131: Task{12cc20a #1043 type=standard A=10541:io.openclaw.telegramhandsfree}, caller=com.android.server.wm.Transition$$ExternalSyntheticLambda20.test:119 com.android.server.wm.Task.forAllTasks:4 com.android.server.wm.WindowContainer.forAllTasks:2 com.android.server.wm.DisplayArea.forAllTasks:9 com.android.server.wm.Transition.setTransientLaunch:138 
02-15 22:52:06.364 D/ActivityTaskManager( 8359): scheduleTopResumedActivityChanged, onTop=false, r=ActivityRecord{242836085 u0 io.openclaw.telegramhandsfree/.MainActivity t1043}, caller=com.android.server.wm.ActivityTaskSupervisor.scheduleTopResumedActivityStateLossIfNeeded:19 com.android.server.wm.ActivityTaskSupervisor.endDeferResume:21 com.android.server.wm.WindowOrganizerController.applyTransaction:186 com.android.server.wm.WindowOrganizerController.applyTransaction:16 com.android.server.wm.WindowOrganizerController$$ExternalSyntheticLambda5.onCollectStarted:27 com.android.server.wm.TransitionController.startCollectOrQueue:97 
02-15 22:52:06.365 D/SurfaceComposerClient( 8359): setCornerRadius ## 46b07cb io.openclaw.telegramhandsfree/io.openclaw.telegramhandsfree.MainActivity#40651 cornerRadius=0.000000
02-15 22:52:06.366 D/SurfaceComposerClient( 8359): setCornerRadius ## 46b07cb io.openclaw.telegramhandsfree/io.openclaw.telegramhandsfree.MainActivity#40651 cornerRadius=0.000000
02-15 22:52:06.378 I/InputDispatcher( 8359): Channel [Gesture Monitor] swipe-up is stealing input gesture for device 7 from [46b07cb io.openclaw.telegramhandsfree/io.openclaw.telegramhandsfree.MainActivity, [Gesture Monitor] secinputdev, [Gesture Monitor] PalmMotion, [Gesture Monitor] edge-swipe]
02-15 22:52:06.383 D/SurfaceComposerClient( 8359): setCornerRadius ## 46b07cb io.openclaw.telegramhandsfree/io.openclaw.telegramhandsfree.MainActivity#40651 cornerRadius=0.000000
02-15 22:52:06.384 D/SurfaceComposerClient( 8359): setCornerRadius ## 46b07cb io.openclaw.telegramhandsfree/io.openclaw.telegramhandsfree.MainActivity#40651 cornerRadius=0.000000
02-15 22:52:06.394 D/SurfaceComposerClient( 8359): setCornerRadius ## 46b07cb io.openclaw.telegramhandsfree/io.openclaw.telegramhandsfree.MainActivity#40651 cornerRadius=0.000000
02-15 22:52:06.395 D/SurfaceComposerClient( 8359): setCornerRadius ## 46b07cb io.openclaw.telegramhandsfree/io.openclaw.telegramhandsfree.MainActivity#40651 cornerRadius=0.000000
02-15 22:52:06.396 D/SGM:GameManager( 8359): identifyForegroundApp. io.openclaw.telegramhandsfree, mCurrentUserId: 0, callerUserId: 0
02-15 22:52:06.397 D/SGM:GameManager( 8359): identifyForegroundApp. io.openclaw.telegramhandsfree, mCurrentUserId: 0, callerUserId: 0
02-15 22:52:06.402 D/SurfaceComposerClient( 8359): setCornerRadius ## 46b07cb io.openclaw.telegramhandsfree/io.openclaw.telegramhandsfree.MainActivity#40651 cornerRadius=0.000000
02-15 22:52:06.403 D/SurfaceComposerClient( 8359): setCornerRadius ## 46b07cb io.openclaw.telegramhandsfree/io.openclaw.telegramhandsfree.MainActivity#40651 cornerRadius=0.000000
02-15 22:52:06.413 D/SGM:GameManager( 8359): identifyGamePackage. io.openclaw.telegramhandsfree, mCurrentUserId: 0, callingMethodInfo: com.samsung.android.game.IGameManagerService$Stub.onTransact(IGameManagerService.java:247)
02-15 22:52:06.423 D/SurfaceComposerClient( 8359): setCornerRadius ## 46b07cb io.openclaw.telegramhandsfree/io.openclaw.telegramhandsfree.MainActivity#40651 cornerRadius=0.000000
02-15 22:52:06.423 D/SurfaceComposerClient( 8359): setCornerRadius ## 46b07cb io.openclaw.telegramhandsfree/io.openclaw.telegramhandsfree.MainActivity#40651 cornerRadius=0.000000
02-15 22:52:06.425 D/ChangeTransitionController( 8359):    ChangeInfo{12c3a00 container=Task{12cc20a #1043 type=standard A=10541:io.openclaw.telegramhandsfree} flags=0x4}
02-15 22:52:06.425 V/WindowManager( 8359): Start calculating TransitionInfo based on participants: {TransientLaunchOverlayToken{eae2d8 token=android.os.BinderProxy@5776dbb}, Task{12cc20a #1043 type=standard A=10541:io.openclaw.telegramhandsfree}, Task{1a3ce2d #1 type=home}, WallpaperWindowToken{8c1814e showWhenLocked=false}_<system>, Task{9a88754 #767 type=home I=com.sec.android.app.launcher/.activities.LauncherActivity}, ActivityRecord{263229377 u0 com.sec.android.app.launcher/.activities.LauncherActivity t767}}
02-15 22:52:06.425 V/WindowManager( 8359):   Final targets: [ChangeInfo{70c332 container=TransientLaunchOverlayToken{eae2d8 token=android.os.BinderProxy@5776dbb} flags=0x0}, ChangeInfo{580e239 container=Task{1a3ce2d #1 type=home} flags=0x30}, ChangeInfo{12c3a00 container=Task{12cc20a #1043 type=standard A=10541:io.openclaw.telegramhandsfree} flags=0x4}, ChangeInfo{7e129df container=WallpaperWindowToken{8c1814e showWhenLocked=false}_<system> flags=0x0}]
02-15 22:52:06.430 D/WindowManager( 8359): setActiveRecents, recents=Task{1a3ce2d #1 type=home}, task=Task{12cc20a #1043 type=standard A=10541:io.openclaw.telegramhandsfree}, caller=com.android.server.wm.InputMonitor.setActiveRecents:33 com.android.server.wm.Transition.onTransactionReady:1795 com.android.server.wm.BLASTSyncEngine$SyncGroup.finishNow:240 
02-15 22:52:06.430 V/WindowManager( 8359):         {WCT{RemoteToken{3844b00 Task{12cc20a #1043 type=standard A=10541:io.openclaw.telegramhandsfree}}} m=TO_BACK f=NONE leash=Surface(name=Task=1043)/@0xafc2c32 sb=Rect(0, 0 - 1080, 2316) eb=Rect(0, 0 - 1080, 2316) epz=Point(1080, 2316) d=0 taskParent=-1 inset=Rect(0, 75 - 0, 39) dim=true},
02-15 22:52:06.432 D/SurfaceComposerClient( 8359): setCornerRadius ## 46b07cb io.openclaw.telegramhandsfree/io.openclaw.telegramhandsfree.MainActivity#40651 cornerRadius=0.000000
02-15 22:52:06.432 D/SurfaceComposerClient( 8359): setCornerRadius ## 46b07cb io.openclaw.telegramhandsfree/io.openclaw.telegramhandsfree.MainActivity#40651 cornerRadius=0.000000
02-15 22:52:06.446 D/SurfaceFlinger( 1664):        DEVICE |          107009110179842 | 00002102 | RGBA_8888    |    0.0    0.0 1080.0 2316.0 |    0    0 1080 2316 | io.openclaw.telegramhandsfree/io.ope[...]mhandsfree.MainActivity$_24915#40652 (73)
02-15 22:52:06.463 V/WindowManager( 8359):         {WCT{RemoteToken{3844b00 Task{12cc20a #1043 type=standard A=10541:io.openclaw.telegramhandsfree}}} m=TO_BACK f=NONE leash=Surface(name=Task=1043)/@0xafc2c32 sb=Rect(0, 0 - 1080, 2316) eb=Rect(0, 0 - 1080, 2316) epz=Point(1080, 2316) d=0 taskParent=-1 inset=Rect(0, 75 - 0, 39) dim=true},
02-15 22:52:06.467 D/WindowManager( 8359): Changing focus from Window{46b07cb u0 io.openclaw.telegramhandsfree/io.openclaw.telegramhandsfree.MainActivity} to Window{22262d2 u0 com.sec.android.app.launcher/com.sec.android.app.launcher.activities.LauncherActivity} displayId=0 Callers=com.android.server.wm.ActivityTaskManagerService.setLastResumedActivityUncheckLocked:264 com.android.server.wm.ActivityTaskManagerService.setFocusedTask:19 com.android.server.wm.ActivityTaskManagerService.focusTopTask:53 android.app.IActivityTaskManager$Stub.onTransact:2020 
02-15 22:52:06.471 D/WindowManager( 8359): updateSystemBarAttributes: displayId=0, focusedCanBeNavColorWin=false, win=Window{22262d2 u0 com.sec.android.app.launcher/com.sec.android.app.launcher.activities.LauncherActivity}, navColorWin=Window{46b07cb u0 io.openclaw.telegramhandsfree/io.openclaw.telegramhandsfree.MainActivity}, caller=com.android.server.wm.WindowManagerService.updateFocusedWindowLocked:372 com.android.server.wm.ActivityTaskManagerService.setLastResumedActivityUncheckLocked:264 com.android.server.wm.ActivityTaskManagerService.setFocusedTask:19 
02-15 22:52:06.475 I/[AirCmd]_ActivitySwitchDetector(13986): onTaskFocusChanged :mTopMostActivity = ComponentInfo{io.openclaw.telegramhandsfree/io.openclaw.telegramhandsfree.MainActivity}
02-15 22:52:06.488 D/InputDispatcher( 8359): Focus left window (0): 46b07cb io.openclaw.telegramhandsfree/io.openclaw.telegramhandsfree.MainActivity
02-15 22:52:06.488 I/HoneySpace.AppCloseAnimationDelegate( 9309): findTargetValue [cookie-5518, pkgName-io.openclaw.telegramhandsfree]
02-15 22:52:06.490 D/SurfaceComposerClient( 8359): setCornerRadius ## 46b07cb io.openclaw.telegramhandsfree/io.openclaw.telegramhandsfree.MainActivity#40651 cornerRadius=0.000000
02-15 22:52:06.508 D/SurfaceFlinger( 1664):        CLIENT |          107009110179842 | 00002102 | RGBA_8888    |    0.0    0.0 1080.0 2316.0 |    0    0 1080 2316 | io.openclaw.telegramhandsfree/io.ope[...]mhandsfree.MainActivity$_24915#40652 (73)
02-15 22:52:06.615 D/SurfaceFlinger( 1664):        CLIENT |          107009110179843 | 00002102 | RGBA_8888    |    0.0   37.0 1080.0 2179.0 |  141  495  833 1866 | io.openclaw.telegramhandsfree/io.ope[...]mhandsfree.MainActivity$_24915#40652 (74)
02-15 22:52:06.656 I/MAMInfo (26245): MAMInfo initialized. Debug=false, Agent=PRODUCTION, ManagedDialogDisabled=false, PolicyRequired=false, MultiIdentityEnabled=true, FullBackupContent=true, DataExtractionRules=true, UseDefaultEnrollment=false, ExceptionOnInit=false, Debuggable=false, IsolatedProcessesAllowed=false
02-15 22:52:07.048 D/SurfaceComposerClient( 8359): setCornerRadius ## 46b07cb io.openclaw.telegramhandsfree/io.openclaw.telegramhandsfree.MainActivity#40651 cornerRadius=0.000000
02-15 22:52:07.278 V/WindowManager( 8359):    ChangeInfo{12c3a00 container=Task{12cc20a #1043 type=standard A=10541:io.openclaw.telegramhandsfree} flags=0x4}
02-15 22:52:07.284 I/SurfaceFlinger( 1664): Capture layer list: 	 io.openclaw.telegramhandsfree/io.openclaw.telegramhandsfree.MainActivity$_24915#40652(seamlessTransition:0)
02-15 22:52:07.285 D/RenderEngine( 1664): [SEC_SF_EFFECTS] drawLayersInternal,1483, Rendering layer io.openclaw.telegramhandsfree/io.openclaw.telegramhandsfree.MainActivity$_24915#40652 at index 1
02-15 22:52:07.287 V/WindowManager( 8359): Setting visibility of Window{46b07cb u0 io.openclaw.telegramhandsfree/io.openclaw.telegramhandsfree.MainActivity}: false, caller=com.android.server.wm.WindowContainer.sendAppVisibilityToClients:19 com.android.server.wm.WindowToken.setClientVisible:48 com.android.server.wm.ActivityRecord.commitVisibility:186 com.android.server.wm.TransitionController.finishTransition:846 com.android.server.wm.WindowOrganizerController.finishTransitionInner:31 
02-15 22:52:07.293 D/ChangeTransitionController( 8359):    ChangeInfo{12c3a00 container=Task{12cc20a #1043 type=standard A=10541:io.openclaw.telegramhandsfree} flags=0x4}
02-15 22:52:07.310 I/SurfaceFlinger( 1664): RequestedLayer [io.openclaw.telegramhandsfree/io.ope[...]mhandsfree.MainActivity$_24915#40652] hidden!! flag  from(0) --> to(1)
02-15 22:52:07.311 D/SGM:FgCheckThread( 8359): notePauseComponent(), received pkgName: io.openclaw.telegramhandsfree, userId: 0
02-15 22:52:07.312 I/Routine@Core[4.9.04.13]: ActivityWatcherListenerImpl(12362): onPauseComponent: componentName - io.openclaw.telegramhandsfree, userId: 0
02-15 22:52:07.319 D/VRI[MainActivity]@120e6a2(24915): WindowStopped on io.openclaw.telegramhandsfree/io.openclaw.telegramhandsfree.MainActivity set to true
02-15 22:52:07.363 I/WindowManager( 8359): Relayout Window{46b07cb u0 io.openclaw.telegramhandsfree/io.openclaw.telegramhandsfree.MainActivity}: viewVisibility=8 req=1080x2316 ty=1 d0
02-15 22:52:07.367 I/MAMInfo (26305): MAMInfo initialized. Debug=false, Agent=PRODUCTION, ManagedDialogDisabled=false, PolicyRequired=false, MultiIdentityEnabled=true, FullBackupContent=true, DataExtractionRules=true, UseDefaultEnrollment=false, ExceptionOnInit=false, Debuggable=false, IsolatedProcessesAllowed=false
02-15 22:52:07.374 E/WindowManager( 8359): win=Window{46b07cb u0 io.openclaw.telegramhandsfree/io.openclaw.telegramhandsfree.MainActivity} destroySurfaces: appStopped=true cleanupOnResume=false win.mWindowRemovalAllowed=false win.mRemoveOnExit=false win.mViewVisibility=8 caller=com.android.server.wm.ActivityRecord.destroySurfaces:25 com.android.server.wm.ActivityRecord.activityStopped:192 com.android.server.wm.ActivityClientController.activityStopped:97 android.app.IActivityClientController$Stub.onTransact:740 com.android.server.wm.ActivityClientController.onTransact:1 android.os.Binder.execTransactInternal:1462 android.os.Binder.execTransact:1401 
02-15 22:52:07.375 D/SGM:FgCheckThread( 8359): pkgName: io.openclaw.telegramhandsfree is not in foreground
02-15 22:52:07.375 D/SGM:FgCheckThread( 8359): noteStopComponent(), received pkgName: io.openclaw.telegramhandsfree, focusedPkgName: com.sec.android.app.launcher, userId: 0
02-15 22:52:07.375 I/Routine@Core[4.9.04.13]: ActivityWatcherListenerImpl(12362): onStopComponent: componentName - io.openclaw.telegramhandsfree, userId: 0
02-15 22:52:07.376 I/SurfaceFlinger( 1664): [LayerHierarchy{RequestedLayerState{io.openclaw.telegramhandsfree/io.openclaw.telegramhandsfree.MainActivity$_24915#40652} no children}] reparent to OffscreenRoot
02-15 22:52:07.377 I/SurfaceFlinger( 1664): [LayerHierarchy{RequestedLayerState{io.openclaw.telegramhandsfree/io.openclaw.telegramhandsfree.MainActivity$_24915#40652} no children}] RelativeParent to null
02-15 22:52:07.377 I/SurfaceFlinger( 1664): id=40652 Removed io.openclaw.telegramhandsfree/io.openclaw.telegramhandsfree.MainActivity$_24915#40652 (259)
02-15 22:52:07.383 D/PkgPredictorService-SecIpmManagerServiceImpl( 8359): bg information pid:24915 uid:10541 pkgName:io.openclaw.telegramhandsfree
02-15 22:52:07.385 I/SurfaceFlinger( 1664): destroyed io.openclaw.telegramhandsfree/io.openclaw.telegramhandsfree.MainActivity$_24915#40652 form LifecycleManager
02-15 22:52:07.385 I/SurfaceFlinger( 1664): id=40652 onLayerDestroyed from LayerHierarchyBuilder(RequestedLayerState{io.openclaw.telegramhandsfree/io.openclaw.telegramhandsfree.MainActivity$_24915#40652 !handle})
02-15 22:52:07.386 I/Layer   ( 1664): id=40652 Destroyed io.openclaw.telegramhandsfree/io.openclaw.telegramhandsfree.MainActivity$_24915#40652
02-15 22:52:07.761 I/[SC]SamsungCloudApp(26317): time elapsed to initialize ExceptionFilterInitializer: 0
02-15 22:52:07.795 W/Bundle  (26317): Attempt to cast generated internal exception:
02-15 22:52:07.795 W/Bundle  (26317): java.lang.ClassCastException: java.lang.Float cannot be cast to java.lang.String
02-15 22:52:13.377 D/FreecessHandler( 8359): freeze io.openclaw.telegramhandsfree(10541) result : 40
02-15 22:52:13.379 D/FreecessHandler( 8359): stop trying to freeze io.openclaw.telegramhandsfree
02-15 22:52:13.799 I/AndroidRuntime(26111): VM exiting with result code 0, cleanup skipped.
02-15 22:52:16.108 D/DLTD    (24915): [ 4][t 1][1771156336.107681035][Binlog.cpp:425][#1][!Binlog /data/data/io.openclaw.telegramhandsfree/files/tdlib-db/td.binlog]	Flush binlog from try_flush
02-15 22:52:16.469 W/BinderNative( 8359): Uncaught exception from death notification
02-15 22:52:16.469 W/BinderNative( 8359): java.lang.SecurityException: Specified package "com.google.android.apps.photos" under uid 1000 but it is not
02-15 22:52:17.400 W/BinderNative( 8359): Uncaught exception from death notification
02-15 22:52:17.400 W/BinderNative( 8359): java.lang.SecurityException: Specified package "com.google.android.googlequicksearchbox" under uid 1000 but it is not
02-15 22:52:18.370 E/KeepSyncerImpl(  882): IOException
02-15 22:52:18.370 E/KeepSyncerImpl(  882): java.io.InterruptedIOException: thread interrupted
02-15 22:52:19.190 W/MobStoreFlagStore(26743): java.util.concurrent.ExecutionException: java.lang.NullPointerException: Attempt to invoke virtual method 'java.lang.Class java.lang.Object.getClass()' on a null object reference
02-15 22:52:19.190 W/MobStoreFlagStore(26743): Caused by: java.lang.NullPointerException: Attempt to invoke virtual method 'java.lang.Class java.lang.Object.getClass()' on a null object reference
02-15 22:52:19.745 W/YouTube (26743): ECatcher disabled: level: ERROR, category: ad, message: [DefaultAdSignalsRequester] Unexpected unplanned exception: AdvertisingIdClient cannot reconnect.
02-15 22:52:19.745 W/YouTube (26743): java.lang.Exception
02-15 22:52:26.100 W/MobStoreFlagStore(26743): java.util.concurrent.ExecutionException: java.lang.NullPointerException: Attempt to invoke virtual method 'java.lang.Class java.lang.Object.getClass()' on a null object reference
02-15 22:52:26.100 W/MobStoreFlagStore(26743): Caused by: java.lang.NullPointerException: Attempt to invoke virtual method 'java.lang.Class java.lang.Object.getClass()' on a null object reference
02-15 22:53:11.525 D/d       (26951): ExceptionHandlerManager not explicitly initialized, using default mode
02-15 22:53:11.525 D/d       (26951): initializing exception handler manager, prioritized=true
02-15 22:53:11.732 D/ExceptionHandler(26950): [EKG-BackgroundExecutor] Uploading pending java crashes
02-15 22:53:11.736 D/ExceptionHandler(26950): [EKG-BackgroundExecutor] Number of crash files to process: 0
02-15 22:53:11.736 D/ExceptionHandler(26950): [EKG-BackgroundExecutor] Uploading native crashes
02-15 22:53:11.737 D/ExceptionHandler(26950): [EKG-BackgroundExecutor] Number of crash files to process: 0
02-15 22:53:12.110 E/LixCacheManager(26950): java.io.IOException: com.linkedin.data.lite.DataReaderException: Cache miss for: voyager.android.media-lazy-init-2
02-15 22:53:12.110 E/LixCacheManager(26950): Caused by: com.linkedin.data.lite.DataReaderException: Cache miss for: voyager.android.media-lazy-init-2
02-15 22:53:12.111 E/CronetNetworkEngine(26950): org.chromium.net.impl.NetworkExceptionImpl: Exception in CronetUrlRequest: net::ERR_NAME_NOT_RESOLVED, ErrorCode=1, InternalErrorCode=-105, Retryable=false
02-15 22:53:12.112 I/VoyagerNetworkRequestLo(26950): com.linkedin.android.networking.NetworkRequestException
02-15 22:53:16.872 E/LoadedApk(17342): Exception : java.lang.NullPointerException: Attempt to invoke virtual method 'boolean android.os.Looper.isPerfLogEnable()' on a null object reference
02-15 22:53:17.518 E/ingb    (17342): java.lang.RuntimeException: ManagedChannel allocation site
02-15 22:53:17.697 W/Conscrypt(17342): Could not set socket write timeout: java.net.SocketException: Socket closed
02-15 22:53:17.823 W/Conscrypt(17342): Could not set socket write timeout: java.net.SocketException: Socket closed
02-15 22:53:18.745 D/DLTD    (24915): [ 4][t 1][1771156398.745137929][Binlog.cpp:425][#1][!Binlog /data/data/io.openclaw.telegramhandsfree/files/tdlib-db/td.binlog]	Flush binlog from try_flush
02-15 22:53:21.451 W/ApkUtil (27310): getPackageInfo NameNotFoundException
02-15 22:53:21.452 W/ApkUtil (27310): getPackageInfo NameNotFoundException
02-15 22:53:21.452 W/ApkUtil (27310): getPackageInfo NameNotFoundException
02-15 22:53:21.548 I/System.out(22968): Caught a exception encoding the public key: com.android.apksig.internal.asn1.Asn1DecodingException: Failed to parse mgb.a
02-15 22:53:21.548 W/System.err(22968): com.android.apksig.internal.asn1.Asn1DecodingException: Failed to parse mgb.a
02-15 22:53:21.551 W/System.err(22968): Caused by: com.android.apksig.internal.asn1.Asn1BerParser$Asn1UnexpectedTagException: Tag mismatch. Expected: UNIVERSAL BIT STRING, but found UNIVERSAL SEQUENCE
02-15 22:53:21.553 I/System.out(22968): Caught a exception encoding the public key: com.android.apksig.internal.asn1.Asn1DecodingException: Failed to parse mgb.a
02-15 22:53:21.553 W/System.err(22968): com.android.apksig.internal.asn1.Asn1DecodingException: Failed to parse mgb.a
02-15 22:53:21.553 W/System.err(22968): Caused by: com.android.apksig.internal.asn1.Asn1BerParser$Asn1UnexpectedTagException: Tag mismatch. Expected: UNIVERSAL BIT STRING, but found UNIVERSAL SEQUENCE
02-15 22:53:21.559 I/System.out(22968): Caught a exception encoding the public key: com.android.apksig.internal.asn1.Asn1DecodingException: Failed to parse mgb.a
02-15 22:53:21.559 W/System.err(22968): com.android.apksig.internal.asn1.Asn1DecodingException: Failed to parse mgb.a
02-15 22:53:21.559 W/System.err(22968): Caused by: com.android.apksig.internal.asn1.Asn1BerParser$Asn1UnexpectedTagException: Tag mismatch. Expected: UNIVERSAL BIT STRING, but found UNIVERSAL SEQUENCE
02-15 22:53:21.560 I/System.out(22968): Caught a exception encoding the public key: com.android.apksig.internal.asn1.Asn1DecodingException: Failed to parse mgb.a
02-15 22:53:21.560 W/System.err(22968): com.android.apksig.internal.asn1.Asn1DecodingException: Failed to parse mgb.a
02-15 22:53:21.560 W/System.err(22968): Caused by: com.android.apksig.internal.asn1.Asn1BerParser$Asn1UnexpectedTagException: Tag mismatch. Expected: UNIVERSAL BIT STRING, but found UNIVERSAL SEQUENCE
02-15 22:53:21.561 I/System.out(22968): Caught a exception encoding the public key: com.android.apksig.internal.asn1.Asn1DecodingException: Failed to parse mgb.a
02-15 22:53:21.561 W/System.err(22968): com.android.apksig.internal.asn1.Asn1DecodingException: Failed to parse mgb.a
02-15 22:53:21.562 W/System.err(22968): Caused by: com.android.apksig.internal.asn1.Asn1BerParser$Asn1UnexpectedTagException: Tag mismatch. Expected: UNIVERSAL BIT STRING, but found UNIVERSAL SEQUENCE
02-15 22:53:21.562 I/System.out(22968): Caught a exception encoding the public key: com.android.apksig.internal.asn1.Asn1DecodingException: Failed to parse mgb.a
02-15 22:53:21.562 W/System.err(22968): com.android.apksig.internal.asn1.Asn1DecodingException: Failed to parse mgb.a
02-15 22:53:21.562 W/System.err(22968): Caused by: com.android.apksig.internal.asn1.Asn1BerParser$Asn1UnexpectedTagException: Tag mismatch. Expected: UNIVERSAL BIT STRING, but found UNIVERSAL SEQUENCE
02-15 22:53:21.635 I/flutter (27310): apm_flutter localLog other exception : type 'int' is not a subtype of type 'double?' in type cast
02-15 22:53:21.635 I/flutter (27310): apm_flutter localLog other exception : type 'int' is not a subtype of type 'double?' in type cast
02-15 22:53:21.808 W/System.err(27310): java.lang.SecurityException: Need android.permission.BLUETOOTH_CONNECT permission for AttributionSource { uid = 1002, packageName = com.android.bluetooth, attributionTag = null, token = android.os.Binder@39641e0, deviceId = 0, next = AttributionSource { uid = 10384, packageName = com.coinmarketcap.android, attributionTag = null, token = android.os.BinderProxy@7539064, deviceId = 0, next = null } }: BluetoothAdapterServiceBinder.getProfileConnectionState()
02-15 22:53:21.810 W/System.err(27310): 	at android.os.Parcel.createExceptionOrNull(Parcel.java:3354)
02-15 22:53:21.810 W/System.err(27310): 	at android.os.Parcel.createException(Parcel.java:3338)
02-15 22:53:21.810 W/System.err(27310): 	at android.os.Parcel.readException(Parcel.java:3321)
02-15 22:53:21.810 W/System.err(27310): 	at android.os.Parcel.readException(Parcel.java:3263)
02-15 22:53:25.010 I/AndroidRuntime(27139): VM exiting with result code 0, cleanup skipped.
02-15 22:53:25.660 E/[CE]_IndoorLocationManager(27412): onNewPrimaryLocation - Exception: java.lang.IllegalStateException: Duplicate key 36:19:4d:24:30:23 (attempted merging values 5520 and 5520)
02-15 22:54:03.244 W/MobStoreFlagStore(27591): java.util.concurrent.ExecutionException: java.lang.NullPointerException: Attempt to invoke virtual method 'java.lang.Class java.lang.Object.getClass()' on a null object reference
02-15 22:54:03.244 W/MobStoreFlagStore(27591): Caused by: java.lang.NullPointerException: Attempt to invoke virtual method 'java.lang.Class java.lang.Object.getClass()' on a null object reference
02-15 22:54:03.251 W/YouTube (27591): ECatcher disabled: level: ERROR, category: ad, message: [DefaultAdSignalsRequester] Unexpected unplanned exception: AdvertisingIdClient cannot reconnect.
02-15 22:54:03.251 W/YouTube (27591): java.lang.Exception
02-15 22:54:09.924 W/MobStoreFlagStore(27591): java.util.concurrent.ExecutionException: java.lang.NullPointerException: Attempt to invoke virtual method 'java.lang.Class java.lang.Object.getClass()' on a null object reference
02-15 22:54:09.924 W/MobStoreFlagStore(27591): Caused by: java.lang.NullPointerException: Attempt to invoke virtual method 'java.lang.Class java.lang.Object.getClass()' on a null object reference
02-15 22:54:21.516 D/DLTD    (24915): [ 4][t 1][1771156461.516716241][Binlog.cpp:425][#1][!Binlog /data/data/io.openclaw.telegramhandsfree/files/tdlib-db/td.binlog]	Flush binlog from try_flush
02-15 22:55:24.086 D/DLTD    (24915): [ 4][t 1][1771156524.086105108][Binlog.cpp:425][#1][!Binlog /data/data/io.openclaw.telegramhandsfree/files/tdlib-db/td.binlog]	Flush binlog from try_flush
02-15 22:56:26.378 D/DLTD    (24915): [ 4][t 1][1771156586.378034114][Binlog.cpp:425][#1][!Binlog /data/data/io.openclaw.telegramhandsfree/files/tdlib-db/td.binlog]	Flush binlog from try_flush
02-15 22:56:26.752 D/DLTD    (24915): [ 4][t 1][1771156586.752768039][Binlog.cpp:425][#1][!Binlog /data/data/io.openclaw.telegramhandsfree/files/tdlib-db/td.binlog]	Flush binlog from try_flush
02-15 22:56:50.422 I/Pageboost( 8359): start alp : io.openclaw.telegramhandsfree
02-15 22:56:50.422 I/Pageboost( 8359): alp skip : io.openclaw.telegramhandsfree , 2
02-15 22:56:50.442 D/ShellStartingWindow( 8802): preload Icon io.openclaw.telegramhandsfree
02-15 22:56:50.858 I/AppWidgetServiceImpl( 8359): getInstalledProvidersForProfiles lock in io.openclaw.telegramhandsfree
02-15 22:56:50.859 I/Widget  ( 9309): package : io.openclaw.telegramhandsfree, provider size : 0, isDex : false
02-15 22:56:50.897 I/HoneySpace.QuickOptionPopup( 9309): Inflate QuickOption view: App(item=id:5518 label:Nova Walkie-Talkie componnet:io.openclaw.telegramhandsfree/.MainActivity#UserHandle{0} badgeCount:1  drag:false iconState:NONE, pageRank=3, rank=21, dragged=false, hasReservedPosition=false) , Shortcut Count: 0 ,Notification Count: 0, Title: null 
02-15 22:56:52.520 I/UninstallerActivity(24830): Uninstalling extras=Bundle[{com.android.packageinstaller.extra.IS_CLONE_APP=false, com.android.packageinstaller.extra.APP_LABEL=Nova Walkie-Talkie, com.android.packageinstaller.applicationInfo=ApplicationInfo{bfc546b io.openclaw.telegramhandsfree}, android.intent.extra.UNINSTALL_ALL_USERS=false, com.android.packageinstaller.extra.UNINSTALL_ID=-2147483618}]
02-15 22:56:52.523 I/PackageManager( 8359): pkg{io.openclaw.telegramhandsfree}, user{0}, caller{10083} flags{0}
02-15 22:56:52.534 I/ActivityManager( 8359): Force stopping io.openclaw.telegramhandsfree appid=10541 user=0: deletePackageX
02-15 22:56:52.536 I/ActivityManager( 8359): Killing 24915:io.openclaw.telegramhandsfree/u0a541 (adj 200): stop io.openclaw.telegramhandsfree due to deletePackageX
02-15 22:56:52.546 W/ForegroundServiceTypeLoggerModule( 8359): Logger should be tracking FGS types correctly for UID 10541 in package io.openclaw.telegramhandsfree
02-15 22:56:52.546 W/ForegroundServiceTypeLoggerModule( 8359): Logger should be tracking FGS types correctly for UID 10541 in package io.openclaw.telegramhandsfree
02-15 22:56:52.548 D/ActivityManager( 8359): proc ProcessRecord{c24c13f 24915:io.openclaw.telegramhandsfree/u0a541} already removed. so we skip next process.
02-15 22:56:52.549 D/SecFgsManagerController( 8802): onForegroundStateChanged: [dialog:false]:[isForeground:false]:[packageName:io.openclaw.telegramhandsfree]:[token:android.os.BinderProxy@1fcfff8]:[userId:0]
02-15 22:56:52.565 W/ActivityTaskManager( 8359): Force removing ActivityRecord{242836085 u0 io.openclaw.telegramhandsfree/.MainActivity t1043 f}}: app died, no saved state
02-15 22:56:52.566 V/WindowManager( 8359): Remove Window{46b07cb u0 io.openclaw.telegramhandsfree/io.openclaw.telegramhandsfree.MainActivity}: mSurfaceControl=null mAnimatingExit=false mRemoveOnExit=false mHasSurface=false surfaceShowing=false animating=false app-animation=false callers=com.android.server.wm.WindowToken.removeAllWindowsIfPossible:45 com.android.server.wm.WindowToken.removeIfPossible:16 com.android.server.wm.WindowToken.handleCompleteDeferredRemoval:5 com.android.server.wm.WindowContainer.handleCompleteDeferredRemoval:21 com.android.server.wm.TaskFragment.handleCompleteDeferredRemoval:17 com.android.server.wm.WindowContainer.handleCompleteDeferredRemoval:21 
02-15 22:56:52.568 I/SurfaceFlinger( 1664): id=40647 Removed cc0275f ActivityRecordInputSink io.openclaw.telegramhandsfree/.MainActivity#40647 (272)
02-15 22:56:52.577 I/SurfaceFlinger( 1664): [LayerHierarchy{RequestedLayerState{ActivityRecord{242836085 u0 io.openclaw.telegramhandsfree/.MainActivity t1043}#40641} 2 children}] reparent to OffscreenRoot
02-15 22:56:52.577 I/SurfaceFlinger( 1664): [LayerHierarchy{RequestedLayerState{ActivityRecord{242836085 u0 io.openclaw.telegramhandsfree/.MainActivity t1043}#40641} 2 children}] RelativeParent to null
02-15 22:56:52.577 I/SurfaceFlinger( 1664): [LayerHierarchy{RequestedLayerState{46b07cb io.openclaw.telegramhandsfree/io.openclaw.telegramhandsfree.MainActivity#40651} no children}] reparent to OffscreenRoot
02-15 22:56:52.577 I/SurfaceFlinger( 1664): [LayerHierarchy{RequestedLayerState{46b07cb io.openclaw.telegramhandsfree/io.openclaw.telegramhandsfree.MainActivity#40651} no children}] RelativeParent to null
02-15 22:56:52.581 I/SurfaceFlinger( 1664): id=40651 Removed 46b07cb io.openclaw.telegramhandsfree/io.openclaw.telegramhandsfree.MainActivity#40651 (273)
02-15 22:56:52.581 I/SurfaceFlinger( 1664): id=40641 Removed ActivityRecord{242836085 u0 io.openclaw.telegramhandsfree/.MainActivity t1043}#40641 (273)
02-15 22:56:52.583 W/NotificationService( 8359): io.openclaw.telegramhandsfree:10541 trying to cancel notification for nonexistent pkg io.openclaw.telegramhandsfree in user 0
02-15 22:56:52.583 D/NotificationService( 8359): removeFlagFromNotificationLocked pkg = io.openclaw.telegramhandsfree notificationId = 1001, flag = 64
02-15 22:56:52.586 I/SurfaceFlinger( 1664): destroyed cc0275f ActivityRecordInputSink io.openclaw.telegramhandsfree/.MainActivity#40647 form LifecycleManager
02-15 22:56:52.586 I/SurfaceFlinger( 1664): destroyed ActivityRecord{242836085 u0 io.openclaw.telegramhandsfree/.MainActivity t1043}#40641 form LifecycleManager
02-15 22:56:52.586 I/SurfaceFlinger( 1664): destroyed 46b07cb io.openclaw.telegramhandsfree/io.openclaw.telegramhandsfree.MainActivity#40651 form LifecycleManager
02-15 22:56:52.586 I/SurfaceFlinger( 1664): id=40647 onLayerDestroyed from LayerHierarchyBuilder(RequestedLayerState{cc0275f ActivityRecordInputSink io.openclaw.telegramhandsfree/.MainActivity#40647 !handle z=-2147483648})
02-15 22:56:52.586 I/SurfaceFlinger( 1664): id=40641 onLayerDestroyed from LayerHierarchyBuilder(RequestedLayerState{ActivityRecord{242836085 u0 io.openclaw.telegramhandsfree/.MainActivity t1043}#40641 !handle})
02-15 22:56:52.586 I/SurfaceFlinger( 1664): id=40651 onLayerDestroyed from LayerHierarchyBuilder(RequestedLayerState{46b07cb io.openclaw.telegramhandsfree/io.openclaw.telegramhandsfree.MainActivity#40651 !handle})
02-15 22:56:52.586 I/Layer   ( 1664): id=40647 Destroyed cc0275f ActivityRecordInputSink io.openclaw.telegramhandsfree/.MainActivity#40647
02-15 22:56:52.586 I/Layer   ( 1664): id=40641 Destroyed ActivityRecord{242836085 u0 io.openclaw.telegramhandsfree/.MainActivity t1043}#40641
02-15 22:56:52.586 I/Layer   ( 1664): id=40651 Destroyed 46b07cb io.openclaw.telegramhandsfree/io.openclaw.telegramhandsfree.MainActivity#40651
02-15 22:56:52.598 D/Bubbles ( 8802): onEntryUpdated : shouldBubbleUp=false ,key=0|io.openclaw.telegramhandsfree|1001|null|10541
02-15 22:56:52.600 W/NotificationEntry( 9950): Couldn't look up io.openclaw.telegramhandsfree
02-15 22:56:52.601 I/HoneySpace.NotificationListener( 9309): onNotificationPosted io.openclaw.telegramhandsfree: 0|io.openclaw.telegramhandsfree|1001|null|10541: 0
02-15 22:56:52.601 I/HoneySpace.BadgeDataSourceImpl( 9309): Get notification count. PK(p='io.openclaw.telegramhandsfree', u=UserHandle{0}) - forceBadgeCount: false, notification listener: 1, badge provider: 0
02-15 22:56:52.601 I/HoneySpace.PackageEventOperator( 9309): [ApplistViewModel] badge count is updated. io.openclaw.telegramhandsfree/.MainActivity#UserHandle{0}|5518 : 1
02-15 22:56:52.605 D/InterruptionStateProvider( 8802):  no Heads up : edgelighting enabled app. 0|io.openclaw.telegramhandsfree|1001|null|10541
02-15 22:56:52.607 E/AppOps  ( 8359): Operation not started: uid=10541 pkg=io.openclaw.telegramhandsfree(null) op=WAKE_LOCK
02-15 22:56:52.607 V/ActivityManager( 8359): Got obituary of 24915:io.openclaw.telegramhandsfree
02-15 22:56:52.607 D/MediaSessionService( 8359): Destroying io.openclaw.telegramhandsfree/NovaWalkieTalkie/50 (userId=0)
02-15 22:56:52.608 I/MediaSessionStack( 8359): removeSession | record: io.openclaw.telegramhandsfree/NovaWalkieTalkie/50 (userId=0)
02-15 22:56:52.610 D/MediaSessionService( 8359): destroySessionLocked: record=io.openclaw.telegramhandsfree/NovaWalkieTalkie/50 (userId=0)
02-15 22:56:52.611 W/UsageStatsService( 8359): Unexpected activity event reported! (io.openclaw.telegramhandsfree/io.openclaw.telegramhandsfree.MainActivity event : 23 instanceId : 172339352)
02-15 22:56:52.612 D/SGM:FgCheckThread( 8359): pkgName: io.openclaw.telegramhandsfree is not in foreground
02-15 22:56:52.612 D/SGM:FgCheckThread( 8359): noteStopComponent(), received pkgName: io.openclaw.telegramhandsfree, focusedPkgName: com.sec.android.app.launcher, userId: 0
02-15 22:56:52.616 I/Routine@Core[4.9.04.13]: ActivityWatcherListenerImpl(12362): onStopComponent: componentName - io.openclaw.telegramhandsfree, userId: 0
02-15 22:56:52.618 D/InterruptionStateProvider( 8802):  no Heads up : edgelighting enabled app. 0|io.openclaw.telegramhandsfree|1001|null|10541
02-15 22:56:52.638 D/ExpandableNotifRow( 8802): mMaxSmallHeight different before reInflateViews mMaxSmallHeight: 189 mTempSmallHeight:0 0|io.openclaw.telegramhandsfree|1001|null|10541
02-15 22:56:52.638 D/ExpandableNotifRow( 8802): mMaxSmallHeight different before reInflateViews mMaxSmallHeight: 189 mTempSmallHeight:0 0|io.openclaw.telegramhandsfree|1001|null|10541
02-15 22:56:52.803 W/System.err( 8802): android.content.pm.PackageManager$NameNotFoundException: io.openclaw.telegramhandsfree
02-15 22:56:52.805 D/BackgroundInstallControlService( 8359): handlePackageRemove: removing io.openclaw.telegramhandsfree from 0
02-15 22:56:52.823 D/ZenModeHelper( 8359): The number of this sound is not in ExceptionContacts. flags=0 matched=false
02-15 22:56:52.830 D/ExpandableNotifRow( 8802): mMaxSmallHeight different before reInflateViews mMaxSmallHeight: 189 mTempSmallHeight:0 0|io.openclaw.telegramhandsfree|1001|null|10541
02-15 22:56:52.830 D/ExpandableNotifRow( 8802): mMaxSmallHeight different before reInflateViews mMaxSmallHeight: 189 mTempSmallHeight:0 0|io.openclaw.telegramhandsfree|1001|null|10541
02-15 22:56:52.830 D/ExpandableNotifRow( 8802): mMaxSmallHeight different before reInflateViews mMaxSmallHeight: 189 mTempSmallHeight:0 0|io.openclaw.telegramhandsfree|1001|null|10541
02-15 22:56:52.830 D/ExpandableNotifRow( 8802): mMaxSmallHeight different before reInflateViews mMaxSmallHeight: 189 mTempSmallHeight:0 0|io.openclaw.telegramhandsfree|1001|null|10541
02-15 22:56:52.840 D/AASA_PackageManager_RESTRICTED( 8359): Uninstall : userId = 0, info.uid = 10541, packageName = io.openclaw.telegramhandsfree
02-15 22:56:52.848 D/S.S.N.  ( 8802): entryViewBound parent :0|io.openclaw.telegramhandsfree|1001|null|10541
02-15 22:56:52.849 W/System.err( 8802): android.content.pm.PackageManager$NameNotFoundException: io.openclaw.telegramhandsfree
02-15 22:56:52.859 D/ExpandableNotifRow( 8802): mMaxSmallHeight different before reInflateViews mMaxSmallHeight: 189 mTempSmallHeight:0 0|io.openclaw.telegramhandsfree|1001|null|10541
02-15 22:56:52.859 D/ExpandableNotifRow( 8802): mMaxSmallHeight different before reInflateViews mMaxSmallHeight: 189 mTempSmallHeight:0 0|io.openclaw.telegramhandsfree|1001|null|10541
02-15 22:56:52.860 I/UninstallFinish(24830): Uninstall finished extras=Bundle[{android.content.pm.extra.STATUS=0, com.android.packageinstaller.extra.IS_CLONE_APP=false, android.content.pm.extra.PACKAGE_NAME=io.openclaw.telegramhandsfree, com.android.packageinstaller.extra.APP_LABEL=Nova Walkie-Talkie, com.android.packageinstaller.applicationInfo=Supplier{VAL_PARCELABLE@576+1616}, android.intent.extra.UNINSTALL_ALL_USERS=false, android.content.pm.extra.LEGACY_STATUS=1, com.android.packageinstaller.extra.UNINSTALL_ID=-2147483618, android.content.pm.extra.STATUS_MESSAGE=DELETE_SUCCEEDED}]
02-15 22:56:52.868 I/ActivityManager( 8359): Force stopping io.openclaw.telegramhandsfree appid=10541 user=0: pkg removed
02-15 22:56:52.876 D/InterruptionStateProvider( 8802):  no Heads up : edgelighting enabled app. 0|io.openclaw.telegramhandsfree|1001|null|10541
02-15 22:56:52.884 D/InterruptionStateProvider( 8802):  no Heads up : edgelighting enabled app. 0|io.openclaw.telegramhandsfree|1001|null|10541
02-15 22:56:52.903 V/StorageManagerService( 8359): Package io.openclaw.telegramhandsfree does not have legacy storage
02-15 22:56:52.904 D/UsageStatsService( 8359): onPackageRemoved io.openclaw.telegramhandsfree
02-15 22:56:52.904 I/CredentialManager( 8359): updateProvidersWhenPackageRemoved)pkg=io.openclaw.telegramhandsfree (0)
02-15 22:56:52.905 D/OverlayManager( 8359): onPackageRemoved pkgName=io.openclaw.telegramhandsfree userId=0
02-15 22:56:52.905 I/OverlayManager( 8359): updateOverlaysForTarget() called with: targetPackage = [io.openclaw.telegramhandsfree], userId = [0], flags = [0]
02-15 22:56:52.907 D/CarrierSvcBindHelper( 8778): onPackageRemoved: io.openclaw.telegramhandsfree
02-15 22:56:52.908 I/SatelliteAppTracker( 8778): onPackageRemoved : io.openclaw.telegramhandsfree
02-15 22:56:52.914 D/AS.AudioService( 8359): io.openclaw.telegramhandsfree(10541) is removed
02-15 22:56:52.917 D/ShortcutService( 8359): removing package: io.openclaw.telegramhandsfree userId=0
02-15 22:56:52.928 W/WifiService( 8359): Couldn't get PackageInfo for package:io.openclaw.telegramhandsfree
02-15 22:56:52.928 D/WifiService( 8359): Remove settings for package:io.openclaw.telegramhandsfree
02-15 22:56:52.929 D/WifiConfigManager( 8359): Remove all networks for app ApplicationInfo{eff5f68 io.openclaw.telegramhandsfree}
02-15 22:56:52.930 I/PasspointManager( 8359): No app ops listener found for io.openclaw.telegramhandsfree
02-15 22:56:52.938 I/MediaPlayerList( 8955): Removing media player io.openclaw.telegramhandsfree
02-15 22:56:52.938 I/PackageInfoManager_FLP( 9965): action : ACTION_PACKAGE_REMOVED, packageName = io.openclaw.telegramhandsfree
02-15 22:56:52.940 I/MediaPlayerList( 8955): io.openclaw.telegramhandsfree doesn't have a browse service. Recycle player ID.
02-15 22:56:52.940 D/SGM:GameManager( 8359): identifyGamePackage. io.openclaw.telegramhandsfree, mCurrentUserId: 0, callingMethodInfo: com.samsung.android.game.SemGameManager.isGamePackage(SemGameManager.java:106)
02-15 22:56:52.940 D/SGM:SemGameManager( 8359): isGamePackage(), pkgName=io.openclaw.telegramhandsfree, ret=false
02-15 22:56:52.948 E/LoadedApk(17342): Exception : java.lang.NullPointerException: Attempt to invoke virtual method 'boolean android.os.Looper.isPerfLogEnable()' on a null object reference
02-15 22:56:52.950 I/[AirCmd]_ShortcutListController(13986): onReceive : android.intent.action.PACKAGE_REMOVED pkg = io.openclaw.telegramhandsfree
02-15 22:56:52.965 I/VvmPkgInstalledRcvr( 8778): packageName: io.openclaw.telegramhandsfree, systemDialer: com.samsung.android.dialer
02-15 22:56:52.972 W/LightPackageInfoLiveData(21629): Package "io.openclaw.telegramhandsfree" not found for user UserHandle{0}
02-15 22:56:52.972 W/LightPackageInfoLiveData(21629): Package "io.openclaw.telegramhandsfree" not found for user UserHandle{0}
02-15 22:56:52.977 W/LightPackageInfoLiveData(21629): Package "io.openclaw.telegramhandsfree" not found for user UserHandle{0}
02-15 22:56:52.993 W/VvmPkgInstalledRcvr( 8778): carrierVvmPkgAdded: carrier vvm packages doesn't contain io.openclaw.telegramhandsfree
02-15 22:56:53.028 D/SEP_UNION_SemDeviceInfoManagerService( 8359): Package io.openclaw.telegramhandsfree is removed on User 0 
02-15 22:56:53.048 D/LocationManagerService( 8359): package io.openclaw.telegramhandsfree reset
02-15 22:56:53.048 D/SdpManagerImpl.receiver( 8359): On android.intent.action.PACKAGE_REMOVED : DATA = package:io.openclaw.telegramhandsfree, UID = 10541, UserId = 0, Is replacing? false
02-15 22:56:53.048 D/SdpManagerImpl.receiver( 8359): ACTION_PACKAGE_REMOVED packageName:: io.openclaw.telegramhandsfree
02-15 22:56:53.055 I/Telecom ( 8359): CarModeTracker: Package io.openclaw.telegramhandsfree is not tracked.: SSH.oR@UPg
02-15 22:56:53.059 D/SdpManagerImpl( 8359): handlePackageRemoved - PackageName : io.openclaw.telegramhandsfree, UserId : 0
02-15 22:56:53.075 W/RegisteredComponentCache( 9031): org.xmlpull.v1.XmlPullParserException: No android.nfc.action.TECH_DISCOVERED meta-data
02-15 22:56:53.079 W/RegisteredComponentCache( 9031): org.xmlpull.v1.XmlPullParserException: No android.nfc.action.TECH_DISCOVERED meta-data
02-15 22:56:53.135 E/AppOpService( 8359): java.lang.RuntimeException
02-15 22:56:53.138 I/Pageboost( 8359): remove app @ runtime : io.openclaw.telegramhandsfree
02-15 22:56:53.158 D/Navbar.Store( 8802): handleEvent(0) OnPackageRemoved(packageName=io.openclaw.telegramhandsfree) [Module] NavBarStoreImpl
02-15 22:56:53.160 D/EdgeLightingManager( 8359): hideForNotification : packageName = io.openclaw.telegramhandsfree
02-15 22:56:53.160 D/EdgeLightingPolicyManager:NotificationGroup( 8359): remove : sbn : StatusBarNotification(pkg=io.openclaw.telegramhandsfree user=UserHandle{0} id=1001 tag=null key=0|io.openclaw.telegramhandsfree|1001|null|10541: Notification(channel=nova_handsfree shortcut=null contentView=null vibrate=null sound=null defaults=0 flags=ONGOING_EVENT|NO_CLEAR color=0x00000000 vis=PRIVATE semFlags=0x0 semPriority=0 semMissedCount=0))
02-15 22:56:53.161 D/KeyguardShortcutManager( 8802): onReceive : Intent.EXTRA_REPLACING false, io.openclaw.telegramhandsfree
02-15 22:56:53.182 I/RollbackManager( 8359): broadcast=ACTION_PACKAGE_FULLY_REMOVED pkg=io.openclaw.telegramhandsfree
02-15 22:56:53.186 W/WifiService( 8359): Couldn't get PackageInfo for package:io.openclaw.telegramhandsfree
02-15 22:56:53.186 D/WifiService( 8359): Remove settings for package:io.openclaw.telegramhandsfree
02-15 22:56:53.186 D/WifiConfigManager( 8359): Remove all networks for app ApplicationInfo{1338db6 io.openclaw.telegramhandsfree}
02-15 22:56:53.186 I/PasspointManager( 8359): No app ops listener found for io.openclaw.telegramhandsfree
02-15 22:56:53.186 D/SecSTQuickControlRequestReceiver( 8802): onReceiveForPackage action = android.intent.action.PACKAGE_REMOVED, pkgName = io.openclaw.telegramhandsfree
02-15 22:56:53.205 E/SDHMS:PowerAnomaly:BatteryStatsDBProvider(10536): delete Exception : no such table: 10541 (code 1 SQLITE_ERROR[1]): , while compiling: DELETE FROM [10541]
02-15 22:56:53.205 E/SDHMS:PowerAnomaly:BatteryStatsDBProvider(10536): delete Exception : cursor  null
02-15 22:56:53.205 W/System.err(10536): android.database.sqlite.SQLiteException: no such table: 10541 (code 1 SQLITE_ERROR[1]): , while compiling: DELETE FROM [10541]
02-15 22:56:53.237 I/Finsky  (22968): [713] Asset module storage cleared for package io.openclaw.telegramhandsfree.
02-15 22:56:53.253 I/GoodLockLifecycle( 8802): onPackageRemoved: io.openclaw.telegramhandsfree
02-15 22:56:53.271 D/FaceWidgetMusicViewModel( 8802): onPackageRemoved() pkg = io.openclaw.telegramhandsfree, r = false
02-15 22:56:53.301 I/SharedAppWidgetFacade( 8802):  onPackageRemoved io.openclaw.telegramhandsfree
02-15 22:56:53.306 I/SharedWidgetListManager( 8802):  provider removed io.openclaw.telegramhandsfree , size = 49 ,  49
02-15 22:56:53.359 I/ConditionProviders( 8359): Disallowing condition provider io.openclaw.telegramhandsfree (userSet: true)
02-15 22:56:53.372 I/HoneySpace.NotificationListener( 9309): onNotificationRemoved io.openclaw.telegramhandsfree: 0|io.openclaw.telegramhandsfree|1001|null|10541: 0
02-15 22:56:53.373 I/HoneySpace.NotificationListener( 9309): onNotificationRemoved sbn : StatusBarNotification(pkg=io.openclaw.telegramhandsfree user=UserHandle{0} id=1001 tag=null key=0|io.openclaw.telegramhandsfree|1001|null|10541: Notification(channel=nova_handsfree shortcut=null contentView=null vibrate=null sound=null defaults=0 flags=ONGOING_EVENT|NO_CLEAR color=0x00000000 vis=PRIVATE semFlags=0x0 semPriority=0 semMissedCount=0)), reason : 5
02-15 22:56:53.373 I/HoneySpace.PackageEventOperator( 9309): [ApplistViewModel] badge count is updated. io.openclaw.telegramhandsfree/.MainActivity#UserHandle{0}|5518 : 0
02-15 22:56:53.375 D/NotificationReminder( 8359): removeFromNotificationList record io.openclaw.telegramhandsfree
02-15 22:56:53.378 I/Finsky  (22968): [2] AIM: AppInfoCacheUpdater -> invalidating apps: [io.openclaw.telegramhandsfree]
02-15 22:56:53.386 D/S.S.N.  ( 8802): onEntryRemoved parent : 0|io.openclaw.telegramhandsfree|1001|null|10541
02-15 22:56:53.386 D/InsignificantCoordinator( 8802): onEntryRemoved :0|io.openclaw.telegramhandsfree|1001|null|10541 flags: 0 entrySize:0
02-15 22:56:53.387 I/Finsky  (22968): [340] AIM: AppInfoManager-Perf > OnDeviceAppInfo > cacheHitCount=0, cacheMissCount=1. Missed  in cache (limit 10) : [io.openclaw.telegramhandsfree]
02-15 22:56:53.388 D/StackScroller( 8802): generateRemoveAnimation 0|io.openclaw.telegramhandsfree|1001|null|10541
02-15 22:56:53.389 D/StackScroller( 8802): generateRemoveAnimation 0|io.openclaw.telegramhandsfree|1001|null|10541 mIsExpanded false mAnimationsEnabled true
02-15 22:56:53.389 D/StackScroller( 8802): onViewRemovedInternal remove child without animation 0|io.openclaw.telegramhandsfree|1001|null|10541
02-15 22:56:53.396 W/ziparchive(22968): Unable to open '/data/app/~~v7JNpdnTYgOkRgmUxR0D1g==/io.openclaw.telegramhandsfree-Q-gaUFZSKICKREins4PWWA==/base.apk': No such file or directory
02-15 22:56:53.406 I/View    ( 8802): setRequestedFrameRate frameRate=-2.0, this=StatusBarIconView(slot='io.openclaw.telegramhandsfree/0x3e9' alpha=1.0 icon=StatusBarIcon(icon=Icon(typ=RESOURCE pkg=io.openclaw.telegramhandsfree id=0x010800a4) visible user=0 ) visibleState=ICON iconColor=#ffffffff staticDrawableColor=#ffffffff decorColor=#ffffffff animationStartColor=#0 currentSetColor=#ffffffff notification=StatusBarNotification(pkg=io.openclaw.telegramhandsfree user=UserHandle{0} id=1001 tag=null key=0|io.openclaw.telegramhandsfree|1001|null|10541: Notification(channel=nova_handsfree shortcut=null contentView=null vibrate=null sound=null defaults=0 flags=ONGOING_EVENT|NO_CLEAR color=0x00000000 vis=PRIVATE semFlags=0x0 semPriority=0 semMissedCount=0))), caller=com.android.systemui.statusbar.StatusBarIconView.onAttachedToWindow:6 android.view.View.dispatchAttachedToWindow:24320 android.view.ViewGroup.addTransientView:5172 com.android.systemui.statusbar.phone.NotificationIconContainer.onViewRemoved:108 android.view.ViewGroup.dispatchViewRemoved:5433 
02-15 22:56:53.407 I/View    ( 8802): setRequestedFrameRate frameRate=-2.0, this=StatusBarIconView(slot='io.openclaw.telegramhandsfree/0x3e9' alpha=1.0 icon=StatusBarIcon(icon=Icon(typ=RESOURCE pkg=io.openclaw.telegramhandsfree id=0x010800a4) visible user=0 ) visibleState=ICON iconColor=#fffafaff staticDrawableColor=#ffb0c6ff decorColor=#ff1b6cf7 animationStartColor=#0 currentSetColor=#fffafaff notification=StatusBarNotification(pkg=io.openclaw.telegramhandsfree user=UserHandle{0} id=1001 tag=null key=0|io.openclaw.telegramhandsfree|1001|null|10541: Notification(channel=nova_handsfree shortcut=null contentView=null vibrate=null sound=null defaults=0 flags=ONGOING_EVENT|NO_CLEAR color=0x00000000 vis=PRIVATE semFlags=0x0 semPriority=0 semMissedCount=0))), caller=com.android.systemui.statusbar.StatusBarIconView.onAttachedToWindow:6 android.view.View.dispatchAttachedToWindow:24320 android.view.ViewGroup.addTransientView:5172 com.android.systemui.statusbar.phone.NotificationIconContainer.onViewRemoved:108 android.view.ViewGroup.dispatchViewRemoved:5433 
02-15 22:56:53.417 I/ProximityAuth(17342): [RecentAppsMediator] Package removed: (user=UserHandle{0}) io.openclaw.telegramhandsfree
02-15 22:56:53.421 E/DMASA[C](10509): [LOGWING][k]Failed to get App version : io.openclaw.telegramhandsfree
02-15 22:56:53.465 E/android.vending(22968): Failed to open APK '/data/app/~~v7JNpdnTYgOkRgmUxR0D1g==/io.openclaw.telegramhandsfree-Q-gaUFZSKICKREins4PWWA==/base.apk': I/O error
02-15 22:56:53.472 W/RWIPackageIntentOps( 6822): Registries cleared for package: io.openclaw.telegramhandsfree
02-15 22:56:53.507 I/Icing   ( 6822): doRemovePackageData io.openclaw.telegramhandsfree
02-15 22:56:53.509 D/EnterpriseLicenseService( 8359): isPackageInstalled() - io.openclaw.telegramhandsfree not found in user 0
