02-15 22:56:53.521 W/ResourcesManager(22968): failed to preload asset path '/data/app/~~v7JNpdnTYgOkRgmUxR0D1g==/io.openclaw.telegramhandsfree-Q-gaUFZSKICKREins4PWWA==/base.apk'
02-15 22:56:53.521 W/ResourcesManager(22968): java.io.IOException: Failed to load asset path /data/app/~~v7JNpdnTYgOkRgmUxR0D1g==/io.openclaw.telegramhandsfree-Q-gaUFZSKICKREins4PWWA==/base.apk
02-15 22:56:53.521 W/ziparchive(22968): Unable to open '/data/app/~~v7JNpdnTYgOkRgmUxR0D1g==/io.openclaw.telegramhandsfree-Q-gaUFZSKICKREins4PWWA==/base.apk': No such file or directory
02-15 22:56:53.521 E/android.vending(22968): Failed to open APK '/data/app/~~v7JNpdnTYgOkRgmUxR0D1g==/io.openclaw.telegramhandsfree-Q-gaUFZSKICKREins4PWWA==/base.apk': I/O error
02-15 22:56:53.533 E/ResourcesManager(22968): failed to add asset path '/data/app/~~v7JNpdnTYgOkRgmUxR0D1g==/io.openclaw.telegramhandsfree-Q-gaUFZSKICKREins4PWWA==/base.apk'
02-15 22:56:53.533 E/ResourcesManager(22968): java.io.IOException: Failed to load asset path /data/app/~~v7JNpdnTYgOkRgmUxR0D1g==/io.openclaw.telegramhandsfree-Q-gaUFZSKICKREins4PWWA==/base.apk
02-15 22:56:53.533 W/PackageManager(22968): Failure retrieving resources for io.openclaw.telegramhandsfree
02-15 22:56:53.552 I/ENTM:Systemprocess(24124): handlePackageRemoved().pkgName: io.openclaw.telegramhandsfree
02-15 22:56:53.552 I/ENTM:Systemprocess(24124): checkELMActivationForPackageRemoved().START - io.openclaw.telegramhandsfree
02-15 22:56:53.566 I/ENTM:Systemprocess(24124): checkKLMActivationForPackageRemoved().START - io.openclaw.telegramhandsfree
02-15 22:56:53.568 I/ENTM:DataBaseUtils(24124): isSameTrackerIdInDeviceDB().START: io.openclaw.telegramhandsfree
02-15 22:56:53.625 D/PersistedStoragePackageUninstalledReceiver(21629): Received android.intent.action.PACKAGE_FULLY_REMOVED for io.openclaw.telegramhandsfree for u0
02-15 22:56:53.627 W/Finsky  (22968): [2] STU: Failed to get storage stats for package 'io.openclaw.telegramhandsfree' (1601: Error getting stats: android.content.pm.PackageManager.NameNotFoundException)
02-15 22:56:53.665 I/Telecom ( 8359): SamsungTelecomServiceImpl : clearAccounts - packageName : io.openclaw.telegramhandsfree / callingPid : 8359 / processName : sts / callingUser : UserHandle{0}
02-15 22:56:53.671 D/GmsGcmUnregisterRcvr(19443): Package removed or data cleared: io.openclaw.telegramhandsfree
02-15 22:56:53.685 I/FILP/PackageIntentReceiver(28246): pkgName : io.openclaw.telegramhandsfree
02-15 22:56:53.715 I/AiPrivacy::AppEventReceiver(23229): io.openclaw.telegramhandsfree Uninstalled !!!
02-15 22:56:53.720 W/SQLiteLog( 6822): (28) double-quoted string literal: "io.openclaw.telegramhandsfree"
02-15 22:56:53.729 I/FILP/FilterInstaller(28246): removeFromFS : io.openclaw.telegramhandsfree, cursor size : 0
02-15 22:56:53.746 I/FILP/FilterInstaller(28246): Delete all filter DB result : io.openclaw.telegramhandsfree, 0
02-15 22:56:53.746 I/FILP/FilterInstaller(28246): Delete filter DB result : io.openclaw.telegramhandsfree, 0
02-15 22:56:53.746 I/FILP/FilterInstaller(28246): Delete my filter DB result : io.openclaw.telegramhandsfree, 0
02-15 22:56:53.748 I/FILP/FilterInstaller(28246): uninstallFilters mPackageName: io.openclaw.telegramhandsfree
02-15 22:56:53.851 W/AppSearchAppsUtil( 8359): android.content.pm.PackageManager$NameNotFoundException
02-15 22:56:53.852 W/AppSearchAppsUtil( 8359): android.content.pm.PackageManager$NameNotFoundException
02-15 22:56:53.852 W/AppSearchAppsUtil( 8359): android.content.pm.PackageManager$NameNotFoundException
02-15 22:56:53.852 W/AppSearchAppsUtil( 8359): android.content.pm.PackageManager$NameNotFoundException
02-15 22:56:53.987 W/AppSearchAppsUtil( 8359): android.content.pm.PackageManager$NameNotFoundException
02-15 22:56:53.987 W/AppSearchAppsUtil( 8359): android.content.pm.PackageManager$NameNotFoundException
02-15 22:56:53.987 W/AppSearchAppsUtil( 8359): android.content.pm.PackageManager$NameNotFoundException
02-15 22:56:53.987 W/AppSearchAppsUtil( 8359): android.content.pm.PackageManager$NameNotFoundException
02-15 22:56:53.987 W/AppSearchAppsUtil( 8359): android.content.pm.PackageManager$NameNotFoundException
02-15 22:56:53.987 W/AppSearchAppsUtil( 8359): android.content.pm.PackageManager$NameNotFoundException
02-15 22:56:53.987 W/AppSearchAppsUtil( 8359): android.content.pm.PackageManager$NameNotFoundException
02-15 22:56:54.041 I/Finsky  (22968): [2] Received an install/uninstall event for package io.openclaw.telegramhandsfree
02-15 22:56:54.258 I/Finsky:background(28301): [2] Package no longer installed: io.openclaw.telegramhandsfree
02-15 22:56:54.266 I/Finsky:background(28301): [2] Package no longer installed: io.openclaw.telegramhandsfree
02-15 22:56:54.291 I/Finsky:background(28301): [347] IQ:PSL: skipping onPackageRemoved(replacing=false) for untracked package=io.openclaw.telegramhandsfree
02-15 22:56:54.303 I/Finsky:background(28301): [348] SettingNotFoundException, fall through to G.downloadBytesOverMobileMaximum
02-15 22:56:54.305 I/Finsky:background(28301): [348] SettingNotFoundException, fall through to G.downloadBytesOverMobileRecommended
02-15 22:56:54.678 I/SurfaceFlinger( 1664): id=40655 Removed Surface(name=46b07cb io.openclaw.telegramhandsfree/io.openclaw.telegramhandsfree.MainActivity)/@0x2a7343e - animation-leash of starting_reveal#40655 (255)
02-15 22:56:54.679 I/SurfaceFlinger( 1664): destroyed Surface(name=46b07cb io.openclaw.telegramhandsfree/io.openclaw.telegramhandsfree.MainActivity)/@0x2a7343e - animation-leash of starting_reveal#40655 form LifecycleManager
02-15 22:56:54.679 I/SurfaceFlinger( 1664): id=40655 onLayerDestroyed from LayerHierarchyBuilder(RequestedLayerState{Surface(name=46b07cb io.openclaw.telegramhandsfree/io.openclaw.telegramhandsfree.MainActivity)/@0x2a7343e - animation-leash of starting_reveal#40655 !handle})
02-15 22:56:54.682 I/Layer   ( 1664): id=40655 Destroyed Surface(name=46b07cb io.openclaw.telegramhandsfree/io.openclaw.telegramhandsfree.MainActivity)/@0x2a7343e - animation-leash of starting_reveal#40655
02-15 22:56:54.795 D/MediaProvider(10354): Deleted 0 Android/media items belonging to io.openclaw.telegramhandsfree on /data/user/0/com.google.android.providers.media.module/databases/external.db
02-15 22:56:54.826 I/FuseDaemon(10354): Successfully deleted rows in leveldb for owner_id:  and ownerPackageIdentifier: io.openclaw.telegramhandsfree::0
02-15 22:56:54.831 D/MediaGrants(10354): Removed 0 media_grants for 0 user for [io.openclaw.telegramhandsfree]. Reason: Package orphaned
02-15 22:56:54.935 I/SGM:GameManager( 8359): PkgUpdateReceiver, onPackageRemoved(). pkgName=io.openclaw.telegramhandsfree, userId=0
02-15 22:56:54.936 W/SGM:Util( 8359): isPkgInstalled(), io.openclaw.telegramhandsfree does not exist. 
02-15 22:56:54.936 D/SGM:Util( 8359): isPkgInstalled(). pkgName=io.openclaw.telegramhandsfree, userId=0, installed=false
02-15 22:56:54.936 D/SGM:GosNotifyThread( 8359): sendPackageMessage(), changeType=1, pkgName=io.openclaw.telegramhandsfree, userHandleId=0
02-15 22:56:55.361 I/DWBh    (28536): onPackageDeleted : io.openclaw.telegramhandsfree
02-15 22:56:55.404 D/MetaDataCollector( 8359): onReceive: done pkgName=io.openclaw.telegramhandsfree
02-15 22:56:55.406 I/SettingsProvider( 8359): onPackageRemoved (userId 0) PackageName = io.openclaw.telegramhandsfree
02-15 22:56:55.407 I/SpenThemeManager( 8359): package removed = io.openclaw.telegramhandsfree
02-15 22:56:55.418 D/LauncherAppsService( 8359): Calling onPackageRemoved: io.openclaw.telegramhandsfree, EXTRA_REPLACING: false
02-15 22:56:55.419 D/LauncherAppsService( 8359): onPackageRemoved: triggering onPackageRemoved for user=UserHandle{0}, packageName=io.openclaw.telegramhandsfree
02-15 22:56:55.419 D/LauncherApps( 8359): onPackageRemoved 0,io.openclaw.telegramhandsfree
02-15 22:56:55.419 D/LauncherAppsService( 8359): onPackageRemoved: triggering onPackageRemoved for user=UserHandle{0}, packageName=io.openclaw.telegramhandsfree
02-15 22:56:55.419 D/LauncherAppsService( 8359): onPackageRemoved: triggering onPackageRemoved for user=UserHandle{0}, packageName=io.openclaw.telegramhandsfree
02-15 22:56:55.419 D/LauncherAppsService( 8359): onPackageRemoved: triggering onPackageRemoved for user=UserHandle{0}, packageName=io.openclaw.telegramhandsfree
02-15 22:56:55.419 D/LauncherAppsService( 8359): onPackageRemoved: triggering onPackageRemoved for user=UserHandle{0}, packageName=io.openclaw.telegramhandsfree
02-15 22:56:55.419 I/HoneySpace.PackageOperationTracker( 9309): onPackageRemoved - io.openclaw.telegramhandsfree UserHandle{0}
02-15 22:56:55.419 D/LauncherApps(10377): onPackageRemoved 0,io.openclaw.telegramhandsfree
02-15 22:56:55.420 I/HoneySpace.PackageChangedCallbackImpl( 9309): onPackageRemoved: io.openclaw.telegramhandsfree / UserHandle{0}
02-15 22:56:55.420 D/LauncherApps( 8802): onPackageRemoved 0,io.openclaw.telegramhandsfree
02-15 22:56:55.421 I/HoneySpace.IconCache( 9309): remove icon cache & DB : io.openclaw.telegramhandsfree UserHandle{0}
02-15 22:56:55.421 I/HoneySpace.IconCache( 9309): removeSpecificIconDb: io.openclaw.telegramhandsfree UserHandle{0}
02-15 22:56:55.448 I/HoneySpace.HoneySpaceManagerContainer( 9309): refreshHoneyPlugin, packageName: io.openclaw.telegramhandsfree
02-15 22:56:55.449 I/HoneySpace.HoneySpacePackageSourceImpl( 9309): Package removed : io.openclaw.telegramhandsfree
02-15 22:56:55.449 I/SearchableManager( 9309): io.openclaw.telegramhandsfree is not legacy engine type
02-15 22:56:55.449 I/SearchableManager( 9309): invalidate: io.openclaw.telegramhandsfree
02-15 22:56:55.449 I/HoneySpace.PackageEventHandler( 9309): Package removed : [io.openclaw.telegramhandsfree/.MainActivity#UserHandle{0}]
02-15 22:56:55.452 I/HoneySpace.DataCache( 9309): deleteItem : id=5518, title=Nova Walkie-Talkie, type=APP, containerType=ITEM_GROUP, containerId=12, x=-1, y=-1, rank=21, spanX=-1, spanY=-1, scale=1.0, component=io.openclaw.telegramhandsfree/.MainActivity, profileId=0, intent=null, restored=0, hidden=UNHIDDEN, appWidgetId=-1, options=0, refPackageName=null (appList) package removed
02-15 22:56:55.456 I/HoneySpace.DataCache( 9309): delete item : (appList) package removed - APP / 5518 / 12 / Nova Walkie-Talkie / io.openclaw.telegramhandsfree/.MainActivity / -1 / 0
02-15 22:56:55.456 E/MediaProvider(10354): java.lang.IllegalArgumentException: Primary directory null not allowed for content://media/external_primary/file; allowed directories are [Download, Documents]
02-15 22:56:55.464 I/DWBa    (28536): couldn't find io.openclaw.telegramhandsfree
02-15 22:56:55.472 E/MediaProvider(10354): java.lang.IllegalArgumentException: Primary directory null not allowed for content://media/external_primary/file; allowed directories are [Download, Documents]
02-15 22:56:55.479 E/MediaProvider(10354): java.lang.IllegalArgumentException: Primary directory null not allowed for content://media/external_primary/file; allowed directories are [Download, Documents]
02-15 22:56:55.488 E/MediaProvider(10354): java.lang.IllegalArgumentException: Primary directory null not allowed for content://media/external_primary/file; allowed directories are [Download, Documents]
02-15 22:56:55.495 E/MediaProvider(10354): java.lang.IllegalArgumentException: Primary directory null not allowed for content://media/external_primary/file; allowed directories are [Download, Documents]
02-15 22:56:55.502 E/MediaProvider(10354): java.lang.IllegalArgumentException: Primary directory null not allowed for content://media/external_primary/file; allowed directories are [Download, Documents]
02-15 22:56:55.508 E/MediaProvider(10354): java.lang.IllegalArgumentException: Primary directory null not allowed for content://media/external_primary/file; allowed directories are [Download, Documents]
02-15 22:56:55.514 E/MediaProvider(10354): java.lang.IllegalArgumentException: Primary directory null not allowed for content://media/external_primary/file; allowed directories are [Download, Documents]
02-15 22:56:55.519 E/MediaProvider(10354): java.lang.IllegalArgumentException: Primary directory null not allowed for content://media/external_primary/file; allowed directories are [Download, Documents]
02-15 22:56:55.526 E/MediaProvider(10354): java.lang.IllegalArgumentException: Primary directory null not allowed for content://media/external_primary/file; allowed directories are [Download, Documents]
02-15 22:56:55.859 I/SearchEngineAppSuggestion( 9309): package removed: io.openclaw.telegramhandsfree
02-15 22:56:56.080 I/SamsungAccount(22830): [LocalBusinessException] Not Skip Name Validation by AppId
02-15 22:57:03.083 W/FileUtils( 8359): Failed to chmod(AtomicFile[/data/system_de/0/system/game-manager-service.xml]): android.system.ErrnoException: chmod failed: ENOENT (No such file or directory)
02-15 22:57:12.139 I/SAccessoryManager_SAccessoryManager( 8359): File read fail java.io.FileNotFoundException: sys/class/power_supply/battery/wpc_auth_mode: open failed: ENOENT (No such file or directory)
02-15 22:57:12.302 I/SAccessoryManager_SAccessoryManager( 8359): File read fail java.io.FileNotFoundException: sys/class/power_supply/battery/wpc_auth_mode: open failed: ENOENT (No such file or directory)
02-15 22:57:12.476 I/SAccessoryManager_SAccessoryManager( 8359): File read fail java.io.FileNotFoundException: sys/class/power_supply/battery/wpc_auth_mode: open failed: ENOENT (No such file or directory)
02-15 22:57:12.628 D/ZenModeHelper( 8359): The number of this sound is not in ExceptionContacts. flags=0 matched=false
02-15 22:57:12.970 W/Finsky  (22968): [2] STU: Failed to get storage stats for package 'com.android.wifi' (1601: Error getting stats: android.content.pm.PackageManager.NameNotFoundException)
02-15 22:57:13.015 W/Finsky  (22968): [2] STU: Failed to get storage stats for package 'com.samsung.android.camera.unihal' (1601: Error getting stats: android.content.pm.PackageManager.NameNotFoundException)
02-15 22:57:13.121 W/Finsky  (22968): [2] STU: Failed to get storage stats for package 'com.samsung.android.shell' (1601: Error getting stats: android.content.pm.PackageManager.NameNotFoundException)
02-15 22:57:13.192 W/BinderNative( 8359): Uncaught exception from death notification
02-15 22:57:13.192 W/BinderNative( 8359): java.lang.SecurityException: Specified package "com.linkedin.android" under uid 1000 but it is not
02-15 22:57:13.369 W/Finsky  (22968): [2] STU: Failed to get storage stats for package 'com.android.apex.cts.shim' (1601: Error getting stats: android.content.pm.PackageManager.NameNotFoundException)
02-15 22:57:13.639 W/Finsky  (22968): [2] STU: Failed to get storage stats for package 'com.google.android.appsearch' (1601: Error getting stats: android.content.pm.PackageManager.NameNotFoundException)
02-15 22:57:13.649 W/Finsky  (22968): [2] STU: Failed to get storage stats for package 'com.google.android.art' (1601: Error getting stats: android.content.pm.PackageManager.NameNotFoundException)
02-15 22:57:13.657 W/Finsky  (22968): [2] STU: Failed to get storage stats for package 'com.android.bt' (1601: Error getting stats: android.content.pm.PackageManager.NameNotFoundException)
02-15 22:57:13.758 W/Finsky  (22968): [2] STU: Failed to get storage stats for package 'com.google.android.mediaprovider' (1601: Error getting stats: android.content.pm.PackageManager.NameNotFoundException)
02-15 22:57:13.802 W/Finsky  (22968): [2] STU: Failed to get storage stats for package 'com.samsung.android.camera.qciq' (1601: Error getting stats: android.content.pm.PackageManager.NameNotFoundException)
02-15 22:57:13.820 W/Finsky  (22968): [2] STU: Failed to get storage stats for package 'com.android.virt' (1601: Error getting stats: android.content.pm.PackageManager.NameNotFoundException)
02-15 22:57:13.835 W/Finsky  (22968): [2] STU: Failed to get storage stats for package 'com.google.android.resolv' (1601: Error getting stats: android.content.pm.PackageManager.NameNotFoundException)
02-15 22:57:13.851 W/Finsky  (22968): [2] STU: Failed to get storage stats for package 'com.google.android.configinfrastructure' (1601: Error getting stats: android.content.pm.PackageManager.NameNotFoundException)
02-15 22:57:13.851 W/Finsky  (22968): [2] STU: Failed to get storage stats for package 'com.google.android.media' (1601: Error getting stats: android.content.pm.PackageManager.NameNotFoundException)
02-15 22:57:13.890 W/Finsky  (22968): [2] STU: Failed to get storage stats for package 'com.android.vndk.v31' (1601: Error getting stats: android.content.pm.PackageManager.NameNotFoundException)
02-15 22:57:13.998 W/Finsky  (22968): [2] STU: Failed to get storage stats for package 'com.google.android.sdkext' (1601: Error getting stats: android.content.pm.PackageManager.NameNotFoundException)
02-15 22:57:14.029 W/Finsky  (22968): [2] STU: Failed to get storage stats for package 'com.samsung.android.biometrics.face' (1601: Error getting stats: android.content.pm.PackageManager.NameNotFoundException)
02-15 22:57:14.031 W/Finsky  (22968): [2] STU: Failed to get storage stats for package 'com.google.android.adservices' (1601: Error getting stats: android.content.pm.PackageManager.NameNotFoundException)
02-15 22:57:14.043 W/Finsky  (22968): [2] STU: Failed to get storage stats for package 'com.google.android.tethering' (1601: Error getting stats: android.content.pm.PackageManager.NameNotFoundException)
02-15 22:57:14.145 W/Finsky  (22968): [2] STU: Failed to get storage stats for package 'com.android.runtime' (1601: Error getting stats: android.content.pm.PackageManager.NameNotFoundException)
02-15 22:57:14.250 W/Finsky  (22968): [2] STU: Failed to get storage stats for package 'com.google.android.cellbroadcast' (1601: Error getting stats: android.content.pm.PackageManager.NameNotFoundException)
02-15 22:57:14.293 W/Finsky  (22968): [2] STU: Failed to get storage stats for package 'com.google.android.rkpd' (1601: Error getting stats: android.content.pm.PackageManager.NameNotFoundException)
02-15 22:57:14.622 W/Finsky  (22968): [2] STU: Failed to get storage stats for package 'com.google.android.tzdata6' (1601: Error getting stats: android.content.pm.PackageManager.NameNotFoundException)
02-15 22:57:14.652 W/Finsky  (22968): [2] STU: Failed to get storage stats for package 'com.google.android.permission' (1601: Error getting stats: android.content.pm.PackageManager.NameNotFoundException)
02-15 22:57:14.830 W/Finsky  (22968): [2] STU: Failed to get storage stats for package 'com.samsung.android.biometrics.fingerprint' (1601: Error getting stats: android.content.pm.PackageManager.NameNotFoundException)
02-15 22:57:14.843 W/Finsky  (22968): [2] STU: Failed to get storage stats for package 'com.google.android.media.swcodec' (1601: Error getting stats: android.content.pm.PackageManager.NameNotFoundException)
02-15 22:57:14.849 W/Finsky  (22968): [2] STU: Failed to get storage stats for package 'com.android.uprobestats' (1601: Error getting stats: android.content.pm.PackageManager.NameNotFoundException)
02-15 22:57:14.866 W/Finsky  (22968): [2] STU: Failed to get storage stats for package 'com.android.profiling' (1601: Error getting stats: android.content.pm.PackageManager.NameNotFoundException)
02-15 22:57:14.928 W/Finsky  (22968): [2] STU: Failed to get storage stats for package 'com.samsung.android.media.extractor' (1601: Error getting stats: android.content.pm.PackageManager.NameNotFoundException)
02-15 22:57:14.980 W/Finsky  (22968): [2] STU: Failed to get storage stats for package 'com.samsung.android.media.imagecodec.system' (1601: Error getting stats: android.content.pm.PackageManager.NameNotFoundException)
02-15 22:57:14.998 W/Finsky  (22968): [2] STU: Failed to get storage stats for package 'com.google.android.adbd' (1601: Error getting stats: android.content.pm.PackageManager.NameNotFoundException)
02-15 22:57:15.018 W/Finsky  (22968): [2] STU: Failed to get storage stats for package 'com.android.i18n' (1601: Error getting stats: android.content.pm.PackageManager.NameNotFoundException)
02-15 22:57:15.026 W/Finsky  (22968): [2] STU: Failed to get storage stats for package 'com.samsung.android.spqr' (1601: Error getting stats: android.content.pm.PackageManager.NameNotFoundException)
02-15 22:57:15.026 W/Finsky  (22968): [2] STU: Failed to get storage stats for package 'com.google.android.conscrypt' (1601: Error getting stats: android.content.pm.PackageManager.NameNotFoundException)
02-15 22:57:15.183 W/Finsky  (22968): [2] STU: Failed to get storage stats for package 'com.google.android.neuralnetworks' (1601: Error getting stats: android.content.pm.PackageManager.NameNotFoundException)
02-15 22:57:15.196 W/Finsky  (22968): [2] STU: Failed to get storage stats for package 'com.google.android.ipsec' (1601: Error getting stats: android.content.pm.PackageManager.NameNotFoundException)
02-15 22:57:15.212 W/Finsky  (22968): [2] STU: Failed to get storage stats for package 'com.android.devicelock' (1601: Error getting stats: android.content.pm.PackageManager.NameNotFoundException)
02-15 22:57:15.228 W/Finsky  (22968): [2] STU: Failed to get storage stats for package 'com.google.android.ondevicepersonalization' (1601: Error getting stats: android.content.pm.PackageManager.NameNotFoundException)
02-15 22:57:15.239 W/Finsky  (22968): [2] STU: Failed to get storage stats for package 'com.google.android.healthfitness' (1601: Error getting stats: android.content.pm.PackageManager.NameNotFoundException)
02-15 22:57:15.353 W/Finsky  (22968): [2] STU: Failed to get storage stats for package 'com.android.uwb' (1601: Error getting stats: android.content.pm.PackageManager.NameNotFoundException)
02-15 22:57:15.354 W/Finsky  (22968): [2] STU: Failed to get storage stats for package 'com.google.android.extservices' (1601: Error getting stats: android.content.pm.PackageManager.NameNotFoundException)
02-15 22:57:15.413 W/Finsky  (22968): [2] STU: Failed to get storage stats for package 'com.google.android.os.statsd' (1601: Error getting stats: android.content.pm.PackageManager.NameNotFoundException)
02-15 22:57:15.444 W/Finsky  (22968): [2] STU: Failed to get storage stats for package 'com.samsung.android.authfw.ta' (1601: Error getting stats: android.content.pm.PackageManager.NameNotFoundException)
02-15 22:57:15.474 W/Finsky  (22968): [2] STU: Failed to get storage stats for package 'com.google.android.scheduling' (1601: Error getting stats: android.content.pm.PackageManager.NameNotFoundException)
02-15 22:57:15.481 W/Finsky  (22968): [2] STU: Failed to get storage stats for package 'com.samsung.android.lifeguard' (1601: Error getting stats: android.content.pm.PackageManager.NameNotFoundException)
02-15 22:57:18.354 I/Finsky  (22968): [2] VerifyApps: Install-time verification requested for package io.openclaw.telegramhandsfree, PackageManager id = 52, Verifier id = 96248fa3-28c2-433b-b4da-c8859c092fb8
02-15 22:57:18.484 I/GOS:GameServiceReceiver(28982):  PkgInstallStarted for io.openclaw.telegramhandsfree UserID : 0
02-15 22:57:18.576 W/GOS:PackageUtil(28982): isPackageInstalledAsUser(). Exception: android.content.pm.PackageManager$NameNotFoundException: io.openclaw.telegramhandsfree
02-15 22:57:18.576 I/GOS:GameIntentService(28982): onPackageChanged(). extras: Bundle[{changeType=2, userId=0, type=15, packageName=io.openclaw.telegramhandsfree}]
02-15 22:57:18.576 I/GOS:GameIntentService(28982): onPackageChanged(). changeType(INSTALL_STARTED), pkgName(io.openclaw.telegramhandsfree), UserHandle(0), userId(0), Installed(false)
02-15 22:57:18.578 W/GOS:PackageUtil(28982): isPackageInstalledAsUser(). Exception: android.content.pm.PackageManager$NameNotFoundException: io.openclaw.telegramhandsfree
02-15 22:57:18.867 I/Finsky  (22968): [724] VerifyApps: Anti-malware verification task started for package=io.openclaw.telegramhandsfree
02-15 22:57:19.539 I/Finsky  (22968): [724] VerifyApps: chooseScanResult for package=io.openclaw.telegramhandsfree with timeout=15000ms
02-15 22:57:19.541 I/Finsky  (22968): [346] VerifyApps: Starting APK Analysis scan for io.openclaw.telegramhandsfree.
02-15 22:57:19.542 I/Finsky  (22968): [346] Scanning package io.openclaw.telegramhandsfree contents with client side protections. File: [cbVC9aGuo0HW1dpOT07FMsBjXJnMZnUT1kowyxNcBPg]
02-15 22:57:19.542 I/Finsky  (22968): [346] VerifyApps: APK Analysis scan finished for io.openclaw.telegramhandsfree. Verdict: SAFE
02-15 22:57:19.990 I/Finsky  (22968): [726] VerifyApps: Verification package=io.openclaw.telegramhandsfree, id=52, response=0, upload_requested=false, enable_ecm=false
02-15 22:57:19.993 I/Finsky  (22968): [726] VerifyApps: PAM result saving to datastore delayed for package: io.openclaw.telegramhandsfree
02-15 22:57:19.994 I/Finsky  (22968): [724] VerifyApps: ScanResultPicker returned for package=io.openclaw.telegramhandsfree: SAFE
02-15 22:57:19.994 I/Finsky  (22968): [724] VerifyApps: chooseScanResult returning verdict SAFE for package=io.openclaw.telegramhandsfree
02-15 22:57:20.006 I/Finsky  (22968): [2] VerifyApps: Install-time verification complete: id=52, package_name=io.openclaw.telegramhandsfree
02-15 22:57:20.007 D/InstallDependencyHelper( 8359): No missing dependency for io.openclaw.telegramhandsfree
02-15 22:57:20.008 I/PackageManager( 8359):           pkg{io.openclaw.telegramhandsfree}
02-15 22:57:20.189 D/PermissionService( 8359): setAllowlistedRestrictedPermissionsUnchecked called for package - io.openclaw.telegramhandsfree
02-15 22:57:20.189 D/PermissionService( 8359): updateAdminPermissionsInternalio.openclaw.telegramhandsfree
02-15 22:57:20.257 D/BackupManagerService( 8359): [UserID:0] restoreAtInstall pkg=io.openclaw.telegramhandsfree token=33 restoreSet=0
02-15 22:57:20.260 I/PackageManager( 8359): installation completed for package:io.openclaw.telegramhandsfree. Final code path: /data/app/~~tUd298OFhaNT4aD71SfAVQ==/io.openclaw.telegramhandsfree-rJ8mPedmO3GThP-Cm0_SwQ==
02-15 22:57:20.284 I/AppWidgetServiceImpl( 8359): Received broadcast: android.intent.action.PACKAGE_ADDED, Updates all providers with io.openclaw.telegramhandsfree, userId: 0
02-15 22:57:20.286 D/SGM:GameManager( 8359): identifyGamePackage. io.openclaw.telegramhandsfree, mCurrentUserId: 0, callingMethodInfo: com.samsung.android.game.SemGameManager.isGamePackage(SemGameManager.java:106)
02-15 22:57:20.286 D/SGM:SemGameManager( 8359): isGamePackage(), pkgName=io.openclaw.telegramhandsfree, ret=false
02-15 22:57:20.287 D/ShortcutService( 8359): adding package: io.openclaw.telegramhandsfree userId=0
02-15 22:57:20.288 D/CarrierSvcBindHelper( 8778): onPackageAdded: io.openclaw.telegramhandsfree
02-15 22:57:20.291 I/SatelliteAppTracker( 8778): onPackageAdded : io.openclaw.telegramhandsfree
02-15 22:57:20.292 I/PackageInfoManager_FLP( 9965): action : ACTION_PACKAGE_ADDED, packageName = io.openclaw.telegramhandsfree
02-15 22:57:20.295 D/PluginActionManager( 8802): queryPkg io.openclaw.telegramhandsfree com.samsung.systemui.action.PLUGIN_FACE_WIDGET
02-15 22:57:20.295 D/PluginActionManager( 8802): queryPkg io.openclaw.telegramhandsfree com.android.systemui.action.PLUGIN_NOTIFICATION_ASSISTANT
02-15 22:57:20.296 D/PluginActionManager( 8802): queryPkg io.openclaw.telegramhandsfree com.android.systemui.action.PLUGIN_NAVIGATION_EDGE_BACK_ACTION
02-15 22:57:20.296 E/LoadedApk(17342): Exception : java.lang.NullPointerException: Attempt to invoke virtual method 'boolean android.os.Looper.isPerfLogEnable()' on a null object reference
02-15 22:57:20.298 D/PluginActionManager( 8802): queryPkg io.openclaw.telegramhandsfree com.android.systemui.action.PLUGIN_OVERLAY
02-15 22:57:20.298 D/BluetoothEventManager(15668): AppPackageChangedHandler: package name = io.openclaw.telegramhandsfree
02-15 22:57:20.304 W/RegisteredComponentCache( 9031): org.xmlpull.v1.XmlPullParserException: No android.nfc.action.TECH_DISCOVERED meta-data
02-15 22:57:20.304 D/NativePermissionController( 7983): updatePackagesForUid, UidPackageState{uid: 10542, packageNames: [io.openclaw.telegramhandsfree]}
02-15 22:57:20.304 W/RegisteredComponentCache( 9031): org.xmlpull.v1.XmlPullParserException: No android.nfc.action.TECH_DISCOVERED meta-data
02-15 22:57:20.304 D/SGM:GameManager( 8359): identifyGamePackage. io.openclaw.telegramhandsfree, mCurrentUserId: 0, callingMethodInfo: com.samsung.android.game.SemGameManager.isGamePackage(SemGameManager.java:106)
02-15 22:57:20.304 D/SGM:SemGameManager( 8359): isGamePackage(), pkgName=io.openclaw.telegramhandsfree, ret=false
02-15 22:57:20.306 D/BluetoothEventManager( 8802): AppPackageChangedHandler: package name = io.openclaw.telegramhandsfree
02-15 22:57:20.308 I/GoodLockLifecycle( 8802): onPackageAdded: io.openclaw.telegramhandsfree
02-15 22:57:20.309 D/PluginActionManager( 8802): queryPkg io.openclaw.telegramhandsfree com.android.systemui.action.PLUGIN_SENSOR_MANAGER
02-15 22:57:20.310 I/SdkSandboxManager( 8359): No SDKs used. Skipping SDK data reconcilation for CallingInfo{mUid=10542, mPackageName='io.openclaw.telegramhandsfree, mAppProcessToken='null'}
02-15 22:57:20.309 D/PluginActionManager( 8802): queryPkg io.openclaw.telegramhandsfree com.android.systemui.action.PLUGIN_GLOBAL_ACTIONS
02-15 22:57:20.311 D/PluginActionManager( 8802): queryPkg io.openclaw.telegramhandsfree com.android.systemui.action.PLUGIN_NOTIFICATION_MENU_ROW
02-15 22:57:20.314 D/PluginActionManager( 8802): queryPkg io.openclaw.telegramhandsfree com.android.systemui.action.PLUGIN_QS
02-15 22:57:20.318 D/ImsResolver( 8778): maybeAddedImsService, packageName: io.openclaw.telegramhandsfree
02-15 22:57:20.320 D/PluginActionManager( 8802): queryPkg io.openclaw.telegramhandsfree com.android.systemui.action.PLUGIN_VOLUME
02-15 22:57:20.321 D/PluginActionManager( 8802): queryPkg io.openclaw.telegramhandsfree com.android.systemui.action.PLUGIN_CLOCK_PROVIDER
02-15 22:57:20.322 D/PluginActionManager( 8802): queryPkg io.openclaw.telegramhandsfree com.android.systemui.action.PEOPLE_HUB_PERSON_EXTRACTOR
02-15 22:57:20.323 D/PluginActionManager( 8802): queryPkg io.openclaw.telegramhandsfree com.android.systemui.action.PLUGIN_TOAST
02-15 22:57:20.323 V/ImsResolver( 8778): searchForImsServices: package=io.openclaw.telegramhandsfree, users=[UserHandle{0}]
02-15 22:57:20.325 V/ImsResolver( 8778): searchForImsServices: package=io.openclaw.telegramhandsfree, users=[UserHandle{0}]
02-15 22:57:20.327 I/VvmPkgInstalledRcvr( 8778): packageName: io.openclaw.telegramhandsfree, systemDialer: com.samsung.android.dialer
02-15 22:57:20.331 I/FILP/PackageIntentReceiver(28246): pkgName : io.openclaw.telegramhandsfree
02-15 22:57:20.337 I/SafetyLabelChangedBroadcastReceiver(21629): received broadcast packageName: io.openclaw.telegramhandsfree, current user: UserHandle{0}, packageChangeEvent: NEW_INSTALL, intent user: UserHandle{0}
02-15 22:57:20.338 D/OverlayManager( 8359): reconcileSettingsForPackage pkgName=io.openclaw.telegramhandsfree userId=0
02-15 22:57:20.338 I/OverlayManager( 8359): updateOverlaysForTarget() called with: targetPackage = [io.openclaw.telegramhandsfree], userId = [0], flags = [0]
02-15 22:57:20.342 W/VvmPkgInstalledRcvr( 8778): carrierVvmPkgAdded: carrier vvm packages doesn't contain io.openclaw.telegramhandsfree
02-15 22:57:20.350 I/Telecom ( 8359): SamsungOpenCommunicationPlatformPolicyPackageBroadcastReceiver : action : android.intent.action.PACKAGE_ADDED / packageName : io.openclaw.telegramhandsfree
02-15 22:57:20.351 I/Telecom ( 8359): SamsungOpenCommunicationPlatformPolicyPackageHandler : handleMessage : { when=-1ms what=0 obj=io.openclaw.telegramhandsfree target=com.samsung.server.telecom.advancedcall.ocp.policy.broadcast.SamsungOpenCommunicationPlatformPolicyPackageHandler }.what
02-15 22:57:20.361 I/Routine@Core[4.9.04.13]: PackageChangedHandler(12362): collectMetadata packageName - io.openclaw.telegramhandsfree
02-15 22:57:20.361 I/Routine@Core[4.9.04.13]: MetadataLoaderImpl(12362): scheduleCollectPackageJob - packageName:io.openclaw.telegramhandsfree
02-15 22:57:20.363 D/OverlayManager( 8359): -> Updating overlay: target=io.openclaw.telegramhandsfree overlays=[OverlayPaths { resourceDirs = [/product/overlay/NavigationBarModeGestural/NavigationBarModeGesturalOverlay.apk], overlayPaths = [/product/overlay/NavigationBarModeGestural/NavigationBarModeGesturalOverlay.apk] }] userId=0
02-15 22:57:20.363 I/Routine@Core[4.9.04.13]: MetadataSyncBacklog(12362): add: null + io.openclaw.telegramhandsfree
02-15 22:57:20.364 W/AppSearchAppsUtil( 8359): android.content.pm.PackageManager$NameNotFoundException
02-15 22:57:20.364 W/AppSearchAppsUtil( 8359): android.content.pm.PackageManager$NameNotFoundException
02-15 22:57:20.364 W/AppSearchAppsUtil( 8359): android.content.pm.PackageManager$NameNotFoundException
02-15 22:57:20.364 W/AppSearchAppsUtil( 8359): android.content.pm.PackageManager$NameNotFoundException
02-15 22:57:20.366 W/AppSearchAppsUtil( 8359): android.content.pm.PackageManager$NameNotFoundException
02-15 22:57:20.366 W/AppSearchAppsUtil( 8359): android.content.pm.PackageManager$NameNotFoundException
02-15 22:57:20.366 W/AppSearchAppsUtil( 8359): android.content.pm.PackageManager$NameNotFoundException
02-15 22:57:20.366 W/AppSearchAppsUtil( 8359): android.content.pm.PackageManager$NameNotFoundException
02-15 22:57:20.367 W/AppSearchAppsUtil( 8359): android.content.pm.PackageManager$NameNotFoundException
02-15 22:57:20.367 W/AppSearchAppsUtil( 8359): android.content.pm.PackageManager$NameNotFoundException
02-15 22:57:20.372 I/ProximityAuth(17342): [RecentAppsMediator] Package added: (user=UserHandle{0}) io.openclaw.telegramhandsfree
02-15 22:57:20.375 E/AppOpService( 8359): java.lang.RuntimeException
02-15 22:57:20.396 W/AppSearchAppsUtil( 8359): android.content.pm.PackageManager$NameNotFoundException
02-15 22:57:20.398 D/SGM:GameManager( 8359): identifyGamePackage. io.openclaw.telegramhandsfree, mCurrentUserId: 0, callingMethodInfo: com.samsung.android.game.SemGameManager.isGamePackage(SemGameManager.java:106)
02-15 22:57:20.398 D/SGM:SemGameManager( 8359): isGamePackage(), pkgName=io.openclaw.telegramhandsfree, ret=false
02-15 22:57:20.398 I/Pageboost( 8359): appinfo : io.openclaw.telegramhandsfree 0 0 0 0
02-15 22:57:20.398 D/SGM:GameManager( 8359): identifyGamePackage. io.openclaw.telegramhandsfree, mCurrentUserId: 0, callingMethodInfo: com.samsung.android.game.SemGameManager.isGamePackage(SemGameManager.java:106)
02-15 22:57:20.398 D/SGM:SemGameManager( 8359): isGamePackage(), pkgName=io.openclaw.telegramhandsfree, ret=false
02-15 22:57:20.398 I/Pageboost( 8359): Reset this app info : io.openclaw.telegramhandsfree 
02-15 22:57:20.407 D/MARsPolicyManager( 8359): new Package : io.openclaw.telegramhandsfree, SCPMTarget : false
02-15 22:57:20.423 I/Pageboost( 8359): add app to global @ runtime: io.openclaw.telegramhandsfree
02-15 22:57:20.426 I/AppWidgetServiceImpl( 8359): Received broadcast: android.intent.action.PACKAGE_CHANGED, Updates all providers with io.openclaw.telegramhandsfree, userId: 0
02-15 22:57:20.427 D/ShortcutService( 8359): changing package: io.openclaw.telegramhandsfree userId=0
02-15 22:57:20.434 D/CarrierSvcBindHelper( 8778): onPackageModified: io.openclaw.telegramhandsfree
02-15 22:57:20.435 D/PluginActionManager( 8802): queryPkg io.openclaw.telegramhandsfree com.samsung.systemui.action.PLUGIN_FACE_WIDGET
02-15 22:57:20.435 D/PluginActionManager( 8802): queryPkg io.openclaw.telegramhandsfree com.android.systemui.action.PLUGIN_NOTIFICATION_ASSISTANT
02-15 22:57:20.435 I/SatelliteAppTracker( 8778): onPackageModified : io.openclaw.telegramhandsfree
02-15 22:57:20.435 D/PluginActionManager( 8802): queryPkg io.openclaw.telegramhandsfree com.android.systemui.action.PLUGIN_NAVIGATION_EDGE_BACK_ACTION
02-15 22:57:20.435 D/SecSTQuickControlRequestReceiver( 8802): onReceiveForPackage action = android.intent.action.PACKAGE_CHANGED, pkgName = io.openclaw.telegramhandsfree
02-15 22:57:20.436 D/PluginActionManager( 8802): queryPkg io.openclaw.telegramhandsfree com.android.systemui.action.PLUGIN_OVERLAY
02-15 22:57:20.436 D/PluginActionManager( 8802): queryPkg io.openclaw.telegramhandsfree com.android.systemui.action.PLUGIN_SENSOR_MANAGER
02-15 22:57:20.436 D/PluginActionManager( 8802): queryPkg io.openclaw.telegramhandsfree com.android.systemui.action.PLUGIN_GLOBAL_ACTIONS
02-15 22:57:20.436 W/RegisteredComponentCache( 9031): org.xmlpull.v1.XmlPullParserException: No android.nfc.action.TECH_DISCOVERED meta-data
02-15 22:57:20.437 W/RegisteredComponentCache( 9031): org.xmlpull.v1.XmlPullParserException: No android.nfc.action.TECH_DISCOVERED meta-data
02-15 22:57:20.437 D/PluginActionManager( 8802): queryPkg io.openclaw.telegramhandsfree com.android.systemui.action.PLUGIN_NOTIFICATION_MENU_ROW
02-15 22:57:20.437 I/GoodLockLifecycle( 8802): onPackageChanged: io.openclaw.telegramhandsfree
02-15 22:57:20.437 I/SharedAppWidgetFacade( 8802):  onPackageChanged io.openclaw.telegramhandsfree
02-15 22:57:20.438 D/PluginActionManager( 8802): queryPkg io.openclaw.telegramhandsfree com.android.systemui.action.PLUGIN_QS
02-15 22:57:20.438 D/PluginActionManager( 8802): queryPkg io.openclaw.telegramhandsfree com.android.systemui.action.PLUGIN_VOLUME
02-15 22:57:20.439 D/PluginActionManager( 8802): queryPkg io.openclaw.telegramhandsfree com.android.systemui.action.PLUGIN_CLOCK_PROVIDER
02-15 22:57:20.440 D/ImsResolver( 8778): maybeAddedImsService, packageName: io.openclaw.telegramhandsfree
02-15 22:57:20.440 V/ImsResolver( 8778): searchForImsServices: package=io.openclaw.telegramhandsfree, users=[UserHandle{0}]
02-15 22:57:20.440 D/PluginActionManager( 8802): queryPkg io.openclaw.telegramhandsfree com.android.systemui.action.PEOPLE_HUB_PERSON_EXTRACTOR
02-15 22:57:20.441 V/ImsResolver( 8778): searchForImsServices: package=io.openclaw.telegramhandsfree, users=[UserHandle{0}]
02-15 22:57:20.441 D/PluginActionManager( 8802): queryPkg io.openclaw.telegramhandsfree com.android.systemui.action.PLUGIN_TOAST
02-15 22:57:20.452 I/[AirCmd]_ShortcutListController(13986): onReceive : android.intent.action.PACKAGE_CHANGED pkg = io.openclaw.telegramhandsfree
02-15 22:57:20.453 D/SatelliteController( 8778): packageStateChanged: package:io.openclaw.telegramhandsfree DefaultSmsPackageName:com.google.android.apps.messaging
02-15 22:57:20.468 I/Finsky  (22968): [2] AIM: AppInfoCacheUpdater -> invalidating apps: [io.openclaw.telegramhandsfree]
02-15 22:57:20.501 I/Finsky  (22968): [347] AIM: AppInfoManager-Perf > OnDeviceAppInfo > cacheHitCount=0, cacheMissCount=1. Missed  in cache (limit 10) : [io.openclaw.telegramhandsfree]
02-15 22:57:20.501 I/Finsky  (22968): [2] AIM: AppInfoCacheUpdater -> invalidating apps: [io.openclaw.telegramhandsfree]
02-15 22:57:20.509 I/Finsky  (22968): [345] AIM: AppInfoManager-Perf > OnDeviceAppInfo > cacheHitCount=0, cacheMissCount=1. Missed  in cache (limit 10) : [io.openclaw.telegramhandsfree]
02-15 22:57:20.510 I/Finsky  (22968): [345] AIM: AppInfoManager-Perf > OnDeviceAppInfo > cacheHitCount=0, cacheMissCount=1. Missed  in cache (limit 10) : [io.openclaw.telegramhandsfree]
02-15 22:57:20.513 I/Routine@Core[4.9.04.13]: MetadataLoaderJobService(12362): onStartJob: collectPackageInBG - io.openclaw.telegramhandsfree
02-15 22:57:20.513 I/Routine@Core[4.9.04.13]: MetadataLoaderJobService(12362): packageName : io.openclaw.telegramhandsfree, forced : true
02-15 22:57:20.529 I/Routine@Core[4.9.04.13]: MetadataLoadManager(12362): collect: io.openclaw.telegramhandsfree
02-15 22:57:20.530 I/Routine@Core[4.9.04.13]: MetadataLoadManager(12362): collectWithCollectors - Collect Start! package = io.openclaw.telegramhandsfree
02-15 22:57:20.533 I/Routine@Core[4.9.04.13]: WatchMetaDataCollector(12362): collect - packageName :io.openclaw.telegramhandsfree
02-15 22:57:20.541 I/Finsky  (22968): [340] AIM: AppInfoManager-Perf > OnDeviceAppInfo > cacheHitCount=0, cacheMissCount=1. Missed  in cache (limit 10) : [io.openclaw.telegramhandsfree]
02-15 22:57:20.677 I/Finsky  (22968): [2] Received an install/uninstall event for package io.openclaw.telegramhandsfree
02-15 22:57:20.782 I/AiPrivacy::AppEventReceiver(23229): io.openclaw.telegramhandsfree Installed !!!
02-15 22:57:20.793 W/AppSearchAppsUtil( 8359): android.content.pm.PackageManager$NameNotFoundException
02-15 22:57:20.794 W/AppSearchAppsUtil( 8359): android.content.pm.PackageManager$NameNotFoundException
02-15 22:57:20.794 W/AppSearchAppsUtil( 8359): android.content.pm.PackageManager$NameNotFoundException
02-15 22:57:20.794 W/AppSearchAppsUtil( 8359): android.content.pm.PackageManager$NameNotFoundException
02-15 22:57:20.794 W/AppSearchAppsUtil( 8359): android.content.pm.PackageManager$NameNotFoundException
02-15 22:57:20.794 W/AppSearchAppsUtil( 8359): android.content.pm.PackageManager$NameNotFoundException
02-15 22:57:20.794 W/AppSearchAppsUtil( 8359): android.content.pm.PackageManager$NameNotFoundException
02-15 22:57:20.794 W/AppSearchAppsUtil( 8359): android.content.pm.PackageManager$NameNotFoundException
02-15 22:57:20.794 W/AppSearchAppsUtil( 8359): android.content.pm.PackageManager$NameNotFoundException
02-15 22:57:20.794 W/AppSearchAppsUtil( 8359): android.content.pm.PackageManager$NameNotFoundException
02-15 22:57:20.795 W/AppSearchAppsUtil( 8359): android.content.pm.PackageManager$NameNotFoundException
02-15 22:57:20.876 I/Routine@Core[4.9.04.13]: MetadataLoadManager(12362): doPostCollectionTasks - packageName:io.openclaw.telegramhandsfree
02-15 22:57:20.902 D/ZenModeHelper( 8359): The number of this sound is not in ExceptionContacts. flags=0 matched=false
02-15 22:57:20.933 I/SGM:GameManager( 8359): PkgUpdateReceiver, onPackageAdded : io.openclaw.telegramhandsfree userHandle : UserHandle{0} userId : 0
02-15 22:57:20.933 D/SGM:GosNotifyThread( 8359): sendPackageMessage(), changeType=0, pkgName=io.openclaw.telegramhandsfree, userHandleId=0
02-15 22:57:20.936 D/SGM:GosNotifyThread( 8359): notifyPackageChangedToGos(), before send intent to GOS. type:15, changeType: 0, pkgName:io.openclaw.telegramhandsfree, userHandleId:0
02-15 22:57:20.937 D/SGM:PmAppCategoryManager( 8359): getManifestCategory(), manifestCategory=-1, packageName=io.openclaw.telegramhandsfree
02-15 22:57:20.937 D/SGM:PmAppCategoryManager( 8359): getCategoryOverride(), categoryOverride=-1, packageName=io.openclaw.telegramhandsfree
02-15 22:57:20.937 I/SGM:GosNotifyThread( 8359): notifyPackageChangedToGos(), category from pm: io.openclaw.telegramhandsfree, [-1/-1]
02-15 22:57:20.961 I/GOS:GameIntentService(28982): onHandleIntent. GameIntentService. type: 15, pkgName: io.openclaw.telegramhandsfree
02-15 22:57:21.058 D/MetaDataCollector( 8359): onReceive: done pkgName=io.openclaw.telegramhandsfree
02-15 22:57:21.062 D/LauncherAppsService( 8359): Calling onPackageAdded: io.openclaw.telegramhandsfree, uid: 10542
02-15 22:57:21.062 D/LauncherAppsService( 8359): onPackageAdded: triggering onPackageAdded for user=UserHandle{0}, packageName=io.openclaw.telegramhandsfree
02-15 22:57:21.062 D/LauncherApps( 8359): onPackageAdded 0,io.openclaw.telegramhandsfree
02-15 22:57:21.062 D/LauncherAppsService( 8359): onPackageAdded: triggering onPackageAdded for user=UserHandle{0}, packageName=io.openclaw.telegramhandsfree
02-15 22:57:21.063 D/LauncherAppsService( 8359): onPackageAdded: triggering onPackageAdded for user=UserHandle{0}, packageName=io.openclaw.telegramhandsfree
02-15 22:57:21.063 I/HoneySpace.PackageOperationTracker( 9309): onPackageAdded - io.openclaw.telegramhandsfree UserHandle{0}
02-15 22:57:21.063 D/LauncherAppsService( 8359): onPackageAdded: triggering onPackageAdded for user=UserHandle{0}, packageName=io.openclaw.telegramhandsfree
02-15 22:57:21.063 I/HoneySpace.PackageChangedCallbackImpl( 9309): onPackageAdded: io.openclaw.telegramhandsfree / UserHandle{0}
02-15 22:57:21.063 D/LauncherAppsService( 8359): onPackageAdded: triggering onPackageAdded for user=UserHandle{0}, packageName=io.openclaw.telegramhandsfree
02-15 22:57:21.063 D/LauncherApps(10377): onPackageAdded 0,io.openclaw.telegramhandsfree
02-15 22:57:21.064 I/HoneySpace.PackageSourceImpl( 9309): addActivityToList [ADD] : io.openclaw.telegramhandsfree/.MainActivity#UserHandle{0}
02-15 22:57:21.064 D/LauncherApps( 8802): onPackageAdded 0,io.openclaw.telegramhandsfree
02-15 22:57:21.065 I/AppWidgetServiceImpl( 8359): getInstalledProvidersForProfiles lock in io.openclaw.telegramhandsfree
02-15 22:57:21.066 I/HoneySpace.HoneySpacePackageSourceImpl( 9309): Package added : io.openclaw.telegramhandsfree
02-15 22:57:21.066 I/HoneySpace.WorkspaceViewModel( 9309): Package added : io.openclaw.telegramhandsfree/.MainActivity#UserHandle{0}
02-15 22:57:21.067 I/HoneySpace.PackageEventHandler( 9309): Package added : io.openclaw.telegramhandsfree/.MainActivity#UserHandle{0}
02-15 22:57:21.074 I/AdaptiveAppByDefaultLogger( 8359): sendSaBroadcast update:io.openclaw.telegramhandsfree;35;Unspecified;True;False;False
02-15 22:57:21.077 I/AppIconSolution( 9309): getThemeIconWithBG called with public API, pkg = io.openclaw.telegramhandsfree, mode = 48
02-15 22:57:21.080 I/AppIconSolution( 9309): start to load, pkg=io.openclaw.telegramhandsfree, bg=192-192, dr=128-128, forDefault=true, density=640
02-15 22:57:21.081 I/AppIconSolution( 9309): getIconScale, pkg=io.openclaw.telegramhandsfree, size=96, iconScale=IconScale[alpha=15, scale=0.72, isCrop=false]
02-15 22:57:21.081 I/GOS:GameIntentService(28982): onPackageChanged(). extras: Bundle[{changeType=0, manifestCategory=-1, userId=0, pkgName=io.openclaw.telegramhandsfree, type=15, packageName=io.openclaw.telegramhandsfree, categoryOverride=-1}]
02-15 22:57:21.081 I/GOS:GameIntentService(28982): onPackageChanged(). changeType(INSTALLED), pkgName(io.openclaw.telegramhandsfree), UserHandle(0), userId(0), Installed(true)
02-15 22:57:21.082 I/GOS:GameIntentService(28982): onPkgInstalled(), appInfoCategory: null, packageName: io.openclaw.telegramhandsfree
02-15 22:57:21.083 I/AppIconSolution( 9309): default container[Contain], pkg=io.openclaw.telegramhandsfree, bg=92-92, dr=96-96, isNight = true
02-15 22:57:21.084 I/LauncherActivityInfo( 9309): packageName: io.openclaw.telegramhandsfree, useThemeIcon: false, height: 92, width: 92, density: 640
02-15 22:57:21.086 I/HoneySpace.IconCache( 9309): add icon DB: [io.openclaw.telegramhandsfree/.MainActivity#UserHandle{0}] - IconAndLabel(icon=android.graphics.Bitmap@f7b96d1, label=Nova Walkie-Talkie) | false | 640 | false |true | -1710619
02-15 22:57:21.087 I/GOS:FilteredPmAppCategoryGetter(28982): getCategoryCode(). categoryCode:undefined, packageName:io.openclaw.telegramhandsfree
02-15 22:57:21.087 I/GOS:SystemEventReactor(28982): onPackageInstalled(). categoryByAppInfo=undefined, packageName=io.openclaw.telegramhandsfree
02-15 22:57:21.088 I/HoneySpace.DataCache( 9309): insertItem : id=5535, title=Nova Walkie-Talkie, type=APP, containerType=ITEM_GROUP, containerId=-1, x=-1, y=-1, rank=-1, spanX=-1, spanY=-1, scale=1.0, component=io.openclaw.telegramhandsfree/.MainActivity, profileId=0, intent=null, restored=0, hidden=UNHIDDEN, appWidgetId=-1, options=0, refPackageName=null
02-15 22:57:21.088 I/AppCategoryExecutor(29053): getAppCategoryDetails() called with packageNames: [io.openclaw.telegramhandsfree]
02-15 22:57:21.088 I/HoneySpace.DataCache( 9309): updateItem : id=5535, title=Nova Walkie-Talkie, type=APP, containerType=ITEM_GROUP, containerId=12, x=-1, y=-1, rank=21, spanX=-1, spanY=-1, scale=1.0, component=io.openclaw.telegramhandsfree/.MainActivity, profileId=0, intent=null, restored=0, hidden=UNHIDDEN, appWidgetId=-1, options=0, refPackageName=null
02-15 22:57:21.100 D/SGM:GameManager( 8359): setPackageConfigurations(). category=-1, pkgName=io.openclaw.telegramhandsfree
02-15 22:57:21.100 D/SGM:GameManager( 8359): setPackageConfiguration(). configuration: packageName: io.openclaw.telegramhandsfree, performancePolicyForSsrm: null, optimalAspectRatio: 1.7777778, dynamicSurfaceScaling: 1.0, category: -1, categoryByUser: -1, fillBlackSurfaceOnMargins: false, userId: null
02-15 22:57:21.100 D/SGM:GameManager( 8359): setPackageConfiguration(). pkgName=io.openclaw.telegramhandsfree
02-15 22:57:21.101 D/SGM:Util( 8359): isPkgInstalled(). pkgName=io.openclaw.telegramhandsfree, userId=0, installed=true
02-15 22:57:21.169 D/LauncherApps( 8359): onPackageChanged 0,io.openclaw.telegramhandsfree
02-15 22:57:21.170 D/LauncherApps(10377): onPackageChanged 0,io.openclaw.telegramhandsfree
02-15 22:57:21.170 I/HoneySpace.PackageOperationTracker( 9309): onPackageChanged - io.openclaw.telegramhandsfree UserHandle{0}
02-15 22:57:21.170 D/LauncherApps( 8802): onPackageChanged 0,io.openclaw.telegramhandsfree
02-15 22:57:21.170 I/HoneySpace.PackageChangedCallbackImpl( 9309): onPackageChanged: io.openclaw.telegramhandsfree / UserHandle{0}
02-15 22:57:21.171 I/AppWidgetServiceImpl( 8359): getInstalledProvidersForProfiles lock in io.openclaw.telegramhandsfree
02-15 22:57:21.172 I/HoneySpace.IconCache( 9309): remove icon cache & DB : io.openclaw.telegramhandsfree UserHandle{0}
02-15 22:57:21.172 I/HoneySpace.IconCache( 9309): removeSpecificIconDb: io.openclaw.telegramhandsfree UserHandle{0}
02-15 22:57:21.185 I/AppIconSolution( 9309): getThemeIconWithBG called with public API, pkg = io.openclaw.telegramhandsfree, mode = 48
02-15 22:57:21.186 I/AppIconSolution( 9309): start to load, pkg=io.openclaw.telegramhandsfree, bg=192-192, dr=128-128, forDefault=true, density=640
02-15 22:57:21.186 I/AppIconSolution( 9309): getIconScale, pkg=io.openclaw.telegramhandsfree, size=96, iconScale=IconScale[alpha=15, scale=0.72, isCrop=false]
02-15 22:57:21.192 I/AppIconSolution( 9309): default container[Contain], pkg=io.openclaw.telegramhandsfree, bg=92-92, dr=96-96, isNight = true
02-15 22:57:21.192 I/LauncherActivityInfo( 9309): packageName: io.openclaw.telegramhandsfree, useThemeIcon: false, height: 92, width: 92, density: 640
02-15 22:57:21.193 I/HoneySpace.HoneySpaceManagerContainer( 9309): refreshHoneyPlugin, packageName: io.openclaw.telegramhandsfree
