02-15 22:57:28.808 V/WindowManager( 8359): Schedule remove starting ActivityRecord{151058124 u0 io.openclaw.telegramhandsfree/.MainActivity t1047} startingWindow=Window{c610183 u0 Splash Screen io.openclaw.telegramhandsfree} animate=true Callers=com.android.server.wm.ActivityRecord.removeStartingWindow:178 com.android.server.wm.WindowState.performShowLocked:155 com.android.server.wm.WindowStateAnimator.commitFinishDrawingLocked:73 com.android.server.wm.DisplayContent$$ExternalSyntheticLambda1.accept$com$android$server$wm$DisplayContent$$ExternalSyntheticLambda37:23 com.android.server.wm.DisplayContent$$ExternalSyntheticLambda1.accept:143 
02-15 22:57:28.808 D/TaskOrganizerController( 8359): applyStartingWindowAnimation, window=Window{3a73544 u0 io.openclaw.telegramhandsfree/io.openclaw.telegramhandsfree.MainActivity}, caller=com.android.server.wm.TaskOrganizerController.removeStartingWindow:132 com.android.server.wm.StartingSurfaceController$StartingSurface.remove:23 com.android.server.wm.ActivityRecord.removeStartingWindowAnimation:171 
02-15 22:57:28.808 I/WindowManager( 8359): Reparenting to leash, surface=Surface(name=3a73544 io.openclaw.telegramhandsfree/io.openclaw.telegramhandsfree.MainActivity)/@0x4c5e8dc, leashParent=Surface(name=ActivityRecord{151058124 u0 io.openclaw.telegramhandsfree/.MainActivity t1047})/@0xb5f5de5
02-15 22:57:28.809 I/SurfaceFlinger( 1664): id=40794 createSurf, flag=24000, Surface(name=3a73544 io.openclaw.telegramhandsfree/io.openclaw.telegramhandsfree.MainActivity)/@0x4c5e8dc - animation-leash of starting_reveal#40794
02-15 22:57:28.810 D/WindowManager( 8359): makeSurface duration=2 leash=Surface(name=Surface(name=3a73544 io.openclaw.telegramhandsfree/io.openclaw.telegramhandsfree.MainActivity)/@0x4c5e8dc - animation-leash of starting_reveal)/@0xa54f0ba
02-15 22:57:28.810 I/InsetsSourceConsumer(29190): applyRequestedVisibilityToControl: visible=true, type=navigationBars, host=io.openclaw.telegramhandsfree/io.openclaw.telegramhandsfree.MainActivity
02-15 22:57:28.810 V/WindowManager( 8359): performShowLocked: mDrawState=HAS_DRAWN in Window{3a73544 u0 io.openclaw.telegramhandsfree/io.openclaw.telegramhandsfree.MainActivity}
02-15 22:57:28.811 D/SurfaceComposerClient( 8359): setCornerRadius ## 3a73544 io.openclaw.telegramhandsfree/io.openclaw.telegramhandsfree.MainActivity#40790 cornerRadius=0.000000
02-15 22:57:28.811 I/InsetsSourceConsumer(29190): applyRequestedVisibilityToControl: visible=true, type=statusBars, host=io.openclaw.telegramhandsfree/io.openclaw.telegramhandsfree.MainActivity
02-15 22:57:28.811 D/SurfaceComposerClient( 8359): setCornerRadius ## c610183 Splash Screen io.openclaw.telegramhandsfree#40781 cornerRadius=0.000000
02-15 22:57:28.811 D/SurfaceComposerClient( 8359): setCornerRadius ## 3a73544 io.openclaw.telegramhandsfree/io.openclaw.telegramhandsfree.MainActivity#40790 cornerRadius=0.000000
02-15 22:57:28.811 D/SurfaceComposerClient( 8359): setCornerRadius ## c610183 Splash Screen io.openclaw.telegramhandsfree#40781 cornerRadius=0.000000
02-15 22:57:28.811 D/SurfaceComposerClient( 8359): setCornerRadius ## 3a73544 io.openclaw.telegramhandsfree/io.openclaw.telegramhandsfree.MainActivity#40790 cornerRadius=0.000000
02-15 22:57:28.813 I/SurfaceFlinger( 1664): [Surface(name=3a73544 io.openclaw.telegramhandsfree/io.openclaw.telegramhandsfree.MainActivity)/@0x4c5e8dc - animation-leash of starting_reveal#40794] attach to parent LayerHierarchy{RequestedLayerState{ActivityRecord{151058124 u0 io.openclaw.telegramhandsfree/.MainActivity t1047}#40780 parentId=40779} 4 children}
02-15 22:57:28.813 I/PkgPredictorService-SecIpmManagerServiceImpl( 8359): reportToNAP uid:10542 io.openclaw.telegramhandsfree/io.openclaw.telegramhandsfree.MainActivity thisTime:837
02-15 22:57:28.818 I/ActivityTaskManager( 8359): Displayed io.openclaw.telegramhandsfree/.MainActivity for user 0: +837ms
02-15 22:57:28.818 I/Pageboost( 8359): Launch time gathered : pid 29190 io.openclaw.telegramhandsfree 837
02-15 22:57:28.829 D/SurfaceComposerClient( 8359): setCornerRadius ## c610183 Splash Screen io.openclaw.telegramhandsfree#40781 cornerRadius=0.000000
02-15 22:57:28.829 D/SurfaceComposerClient( 8359): setCornerRadius ## 3a73544 io.openclaw.telegramhandsfree/io.openclaw.telegramhandsfree.MainActivity#40790 cornerRadius=0.000000
02-15 22:57:28.830 I/SurfaceFlinger( 1664): RequestedLayer [io.openclaw.telegramhandsfree/io.ope[...]mhandsfree.MainActivity$_29190#40791] hidden!! flag  from(1) --> to(0)
02-15 22:57:28.830 I/SurfaceFlinger( 1664): [LayerHierarchy{RequestedLayerState{3a73544 io.openclaw.telegramhandsfree/io.openclaw.telegramhandsfree.MainActivity#40790 parentId=40794} 1 children}] reparent to LayerHierarchy{RequestedLayerState{Surface(name=3a73544 io.openclaw.telegramhandsfree/io.openclaw.telegramhandsfree.MainActivity)/@0x4c5e8dc - animation-leash of starting_reveal#40794 parentId=40780} 1 children}
02-15 22:57:28.832 D/SurfaceFlinger( 1664):        DEVICE |          125370095370241 | 00002102 | RGBA_8888    |    0.0    0.0 1080.0 2316.0 |    0    0 1080 2316 | io.openclaw.telegramhandsfree/io.ope[...]mhandsfree.MainActivity$_29190#40791 (3)
02-15 22:57:28.832 D/SurfaceFlinger( 1664):        DEVICE |           37804302214302 | 00002100 | RGBA_8888    |    0.0    0.0 1080.0 2316.0 |    0    0 1080 2316 | Splash Screen io.openclaw.telegramhandsfree$_8802#40782 (1)
02-15 22:57:28.834 D/SurfaceComposerClient( 8359): setCornerRadius ## c610183 Splash Screen io.openclaw.telegramhandsfree#40781 cornerRadius=0.000000
02-15 22:57:28.834 D/SurfaceComposerClient( 8359): setCornerRadius ## 3a73544 io.openclaw.telegramhandsfree/io.openclaw.telegramhandsfree.MainActivity#40790 cornerRadius=0.000000
02-15 22:57:28.836 D/SGM:FgCheckThread( 8359): getForegroundApp(), foregroundPkgName=io.openclaw.telegramhandsfree
02-15 22:57:28.837 D/InputDispatcher( 8359): Focus entered window (0): 3a73544 io.openclaw.telegramhandsfree/io.openclaw.telegramhandsfree.MainActivity
02-15 22:57:28.838 D/SGM:FgCheckThread( 8359): noteStopComponent(), received pkgName: com.sec.android.app.launcher, focusedPkgName: io.openclaw.telegramhandsfree, userId: 0
02-15 22:57:28.868 I/ImeTracker( 8359): io.openclaw.telegramhandsfree:1d11b044: onRequestHide at ORIGIN_SERVER reason HIDE_UNSPECIFIED_WINDOW fromUser false
02-15 22:57:28.869 I/WindowManager( 8359): Relayout Window{c610183 u0 Splash Screen io.openclaw.telegramhandsfree}: viewVisibility=8 req=1080x2316 ty=3 d0
02-15 22:57:28.869 D/SurfaceComposerClient( 8359): setCornerRadius ## 3a73544 io.openclaw.telegramhandsfree/io.openclaw.telegramhandsfree.MainActivity#40790 cornerRadius=0.000000
02-15 22:57:28.870 D/SurfaceComposerClient( 8359): setCornerRadius ## c610183 Splash Screen io.openclaw.telegramhandsfree#40781 cornerRadius=0.000000
02-15 22:57:28.870 D/SurfaceComposerClient( 8359): setCornerRadius ## 3a73544 io.openclaw.telegramhandsfree/io.openclaw.telegramhandsfree.MainActivity#40790 cornerRadius=0.000000
02-15 22:57:28.876 D/SGM:GameManager( 8359): identifyForegroundApp. io.openclaw.telegramhandsfree, mCurrentUserId: 0, callerUserId: 0
02-15 22:57:28.876 D/CoreBackPreview( 8359): Window{c610183 u0 Splash Screen io.openclaw.telegramhandsfree}: Setting back callback null
02-15 22:57:28.877 D/WindowManager( 8359): Starting window removed Window{c610183 u0 Splash Screen io.openclaw.telegramhandsfree}
02-15 22:57:28.877 I/WindowManager( 8359): Cancelling animation restarting=false, leash=Surface(name=Surface(name=3a73544 io.openclaw.telegramhandsfree/io.openclaw.telegramhandsfree.MainActivity)/@0x4c5e8dc - animation-leash of starting_reveal)/@0xa54f0ba
02-15 22:57:28.877 I/WindowManager( 8359): Reparenting to original parent: Surface(name=ActivityRecord{151058124 u0 io.openclaw.telegramhandsfree/.MainActivity t1047})/@0xb5f5de5, destroy=false, surface=Surface(name=3a73544 io.openclaw.telegramhandsfree/io.openclaw.telegramhandsfree.MainActivity)/@0x4c5e8dc
02-15 22:57:28.877 V/WindowManager( 8359): Remove Window{c610183 u0 Splash Screen io.openclaw.telegramhandsfree}: mSurfaceControl=Surface(name=Splash Screen io.openclaw.telegramhandsfree$_8802)/@0x9418d0f mAnimatingExit=false mRemoveOnExit=false mHasSurface=true surfaceShowing=true animating=false app-animation=false callers=com.android.server.wm.Session.remove:16 android.view.IWindowSession$Stub.onTransact:804 com.android.server.wm.Session.onTransact:1 android.os.Binder.execTransactInternal:1462 android.os.Binder.execTransact:1401 <bottom of call stack> 
02-15 22:57:28.877 D/SGM:GameManager( 8359): identifyForegroundApp. io.openclaw.telegramhandsfree, mCurrentUserId: 0, callerUserId: 0
02-15 22:57:28.878 D/SurfaceComposerClient( 8359): setCornerRadius ## 3a73544 io.openclaw.telegramhandsfree/io.openclaw.telegramhandsfree.MainActivity#40790 cornerRadius=0.000000
02-15 22:57:28.878 D/SurfaceComposerClient( 8359): setCornerRadius ## 3a73544 io.openclaw.telegramhandsfree/io.openclaw.telegramhandsfree.MainActivity#40790 cornerRadius=0.000000
02-15 22:57:28.878 D/SurfaceComposerClient( 8359): setCornerRadius ## 3a73544 io.openclaw.telegramhandsfree/io.openclaw.telegramhandsfree.MainActivity#40790 cornerRadius=0.000000
02-15 22:57:28.880 I/ImeTracker(29190): io.openclaw.telegramhandsfree:1d11b044: onCancelled at PHASE_CLIENT_ALREADY_HIDDEN
02-15 22:57:28.882 D/SurfaceComposerClient( 8359): setCornerRadius ## 3a73544 io.openclaw.telegramhandsfree/io.openclaw.telegramhandsfree.MainActivity#40790 cornerRadius=0.000000
02-15 22:57:28.887 D/InsetsSourceProvider( 8359): updateControlForTarget: control=InsetsSourceControl: {3 mType=ime mSurfacePosition=Point(0, 75) mInsetsHint=Insets{left=0, top=0, right=0, bottom=991}}, target=Window{3a73544 u0 io.openclaw.telegramhandsfree/io.openclaw.telegramhandsfree.MainActivity}, from=com.android.server.wm.ImeInsetsSourceProvider.updateControlForTarget:17 com.android.server.wm.InsetsStateController.onControlTargetChanged:83 com.android.server.wm.DisplayContent.updateImeControlTarget:21 com.android.server.wm.DisplayContent.updateImeInputAndControlTarget:156 com.android.server.wm.WindowManagerService$LocalService.updateInputMethodTargetWindow:64 
02-15 22:57:28.888 I/SurfaceFlinger( 1664): [LayerHierarchy{RequestedLayerState{Surface(name=3a73544 io.openclaw.telegramhandsfree/io.openclaw.telegramhandsfree.MainActivity)/@0x4c5e8dc - animation-leash of starting_reveal#40794} 1 children}] reparent to OffscreenRoot
02-15 22:57:28.888 I/SurfaceFlinger( 1664): [LayerHierarchy{RequestedLayerState{Surface(name=3a73544 io.openclaw.telegramhandsfree/io.openclaw.telegramhandsfree.MainActivity)/@0x4c5e8dc - animation-leash of starting_reveal#40794} 1 children}] RelativeParent to null
02-15 22:57:28.888 I/SurfaceFlinger( 1664): [LayerHierarchy{RequestedLayerState{c610183 Splash Screen io.openclaw.telegramhandsfree#40781 z=2147483647} 1 children}] reparent to OffscreenRoot
02-15 22:57:28.888 I/SurfaceFlinger( 1664): [LayerHierarchy{RequestedLayerState{c610183 Splash Screen io.openclaw.telegramhandsfree#40781 z=2147483647} 1 children}] RelativeParent to null
02-15 22:57:28.888 I/SurfaceFlinger( 1664): [LayerHierarchy{RequestedLayerState{Splash Screen io.openclaw.telegramhandsfree$_8802#40782} no children}] reparent to OffscreenRoot
02-15 22:57:28.888 I/SurfaceFlinger( 1664): [LayerHierarchy{RequestedLayerState{Splash Screen io.openclaw.telegramhandsfree$_8802#40782} no children}] RelativeParent to null
02-15 22:57:28.888 I/SurfaceFlinger( 1664): [LayerHierarchy{RequestedLayerState{3a73544 io.openclaw.telegramhandsfree/io.openclaw.telegramhandsfree.MainActivity#40790 parentId=40780} 1 children}] reparent to LayerHierarchy{RequestedLayerState{ActivityRecord{151058124 u0 io.openclaw.telegramhandsfree/.MainActivity t1047}#40780 parentId=40779} 2 children}
02-15 22:57:28.889 D/SurfaceComposerClient( 8359): setCornerRadius ## 3a73544 io.openclaw.telegramhandsfree/io.openclaw.telegramhandsfree.MainActivity#40790 cornerRadius=0.000000
02-15 22:57:28.889 I/SurfaceFlinger( 1664): id=40782 Removed Splash Screen io.openclaw.telegramhandsfree$_8802#40782 (254)
02-15 22:57:28.889 I/SurfaceFlinger( 1664): id=40781 Removed c610183 Splash Screen io.openclaw.telegramhandsfree#40781 (254)
02-15 22:57:28.891 D/SurfaceFlinger( 1664):        DEVICE |          125370095370242 | 00002102 | RGBA_8888    |    0.0    0.0 1080.0 2316.0 |    0    0 1080 2316 | io.openclaw.telegramhandsfree/io.ope[...]mhandsfree.MainActivity$_29190#40791 (6)
02-15 22:57:28.894 D/SurfaceComposerClient( 8359): setCornerRadius ## 3a73544 io.openclaw.telegramhandsfree/io.openclaw.telegramhandsfree.MainActivity#40790 cornerRadius=0.000000
02-15 22:57:28.896 I/SurfaceFlinger( 1664): destroyed c610183 Splash Screen io.openclaw.telegramhandsfree#40781 form LifecycleManager
02-15 22:57:28.896 I/SurfaceFlinger( 1664): destroyed Splash Screen io.openclaw.telegramhandsfree$_8802#40782 form LifecycleManager
02-15 22:57:28.896 I/SurfaceFlinger( 1664): [LayerHierarchy{RequestedLayerState{ImeContainer#12606 parentId=40780 relativeParentId=40790 z=1} 1 children}] reparent to LayerHierarchy{RequestedLayerState{ActivityRecord{151058124 u0 io.openclaw.telegramhandsfree/.MainActivity t1047}#40780 parentId=40779} 3 children}
02-15 22:57:28.896 I/SurfaceFlinger( 1664): [LayerHierarchy{RequestedLayerState{ImeContainer#12606 parentId=40780 relativeParentId=40790 z=1} 1 children}] RelativeParent to LayerHierarchy{RequestedLayerState{3a73544 io.openclaw.telegramhandsfree/io.openclaw.telegramhandsfree.MainActivity#40790 parentId=40780} 2 children}
02-15 22:57:28.896 I/SurfaceFlinger( 1664): id=40781 onLayerDestroyed from LayerHierarchyBuilder(RequestedLayerState{c610183 Splash Screen io.openclaw.telegramhandsfree#40781 !handle z=2147483647})
02-15 22:57:28.896 I/SurfaceFlinger( 1664): id=40782 onLayerDestroyed from LayerHierarchyBuilder(RequestedLayerState{Splash Screen io.openclaw.telegramhandsfree$_8802#40782 !handle})
02-15 22:57:28.897 I/Layer   ( 1664): id=40781 Destroyed c610183 Splash Screen io.openclaw.telegramhandsfree#40781
02-15 22:57:28.897 I/Layer   ( 1664): id=40782 Destroyed Splash Screen io.openclaw.telegramhandsfree$_8802#40782
02-15 22:57:28.917 I/HBD     ( 6464): b [AiWriter] setContact : io.openclaw.telegramhandsfree
02-15 22:57:28.917 I/HBD     ( 6464): a [AiWriter] setContact : io.openclaw.telegramhandsfree
02-15 22:57:29.010 D/MdnieScenarioControlService( 8359):  packageName : io.openclaw.telegramhandsfree    className : io.openclaw.telegramhandsfree.MainActivity
02-15 22:57:29.065 I/HBD     ( 6464): a [SKE_SPECIFIC] specific model[io.openclaw.telegramhandsfree] loaded, 117518072 ns
02-15 22:57:29.388 D/SGM:GameManager( 8359): identifyForegroundApp. io.openclaw.telegramhandsfree, mCurrentUserId: 0, callerUserId: 0
02-15 22:57:33.122 I/SurfaceFlinger( 1664): [io.openclaw.telegramhandsfree/io.openclaw.telegramhandsfree.MainActivity$_29190#40791] setFrameRateCategory: HighHint
02-15 22:57:33.242 D/ActivityTaskManager( 8359): DesktopModeLaunchParamsModifier: task=Task{e636d15 #1047 type=standard A=10542:io.openclaw.telegramhandsfree} activity=ActivityRecord{5135115 u0 com.google.android.permissioncontroller/com.android.permissioncontroller.role.ui.RequestRoleActivity t-1} non-desktop, skipping
02-15 22:57:33.242 D/ActivityTaskManager( 8359): TaskLaunchParamsModifier:task=Task{e636d15 #1047 type=standard A=10542:io.openclaw.telegramhandsfree} activity=ActivityRecord{5135115 u0 com.google.android.permissioncontroller/com.android.permissioncontroller.role.ui.RequestRoleActivity t-1} display-area-from-source=DefaultTaskDisplayArea_d0@17612067 display-id=0 task-display-area-windowing-mode=1 suggested-display-area=DefaultTaskDisplayArea_d0@17612067 inherit-from-source=fullscreen non-freeform-task-display-area display-area=DefaultTaskDisplayArea_d0@17612067 default-portrait freeform-size-mismatch=Rect(81, 597 - 999, 1755)
02-15 22:57:33.242 D/ActivityTaskManager( 8359): DesktopModeLaunchParamsModifier: task=Task{e636d15 #1047 type=standard A=10542:io.openclaw.telegramhandsfree} activity=ActivityRecord{5135115 u0 com.google.android.permissioncontroller/com.android.permissioncontroller.role.ui.RequestRoleActivity t-1} non-desktop, skipping
02-15 22:57:33.242 D/ActivityTaskManager( 8359): TaskLaunchParamsModifier:task=Task{e636d15 #1047 type=standard A=10542:io.openclaw.telegramhandsfree} activity=ActivityRecord{5135115 u0 com.google.android.permissioncontroller/com.android.permissioncontroller.role.ui.RequestRoleActivity t-1} display-area-from-source=DefaultTaskDisplayArea_d0@17612067 display-id=0 task-display-area-windowing-mode=1 suggested-display-area=DefaultTaskDisplayArea_d0@17612067 inherit-from-source=fullscreen non-freeform-task-display-area display-area=DefaultTaskDisplayArea_d0@17612067 default-portrait freeform-size-mismatch=Rect(81, 597 - 999, 1755)
02-15 22:57:33.254 D/ActivityTaskManager( 8359): scheduleTopResumedActivityChanged, onTop=false, r=ActivityRecord{151058124 u0 io.openclaw.telegramhandsfree/.MainActivity t1047}, caller=com.android.server.wm.ActivityTaskSupervisor.scheduleTopResumedActivityStateLossIfNeeded:19 com.android.server.wm.ActivityTaskSupervisor.updateTopResumedActivityIfNeeded:20 com.android.server.wm.TaskFragment.setResumedActivity:30 com.android.server.wm.ActivityRecord.setState:91 com.android.server.wm.TaskFragment.startPausing$1:209 com.android.server.wm.TaskFragment.resumeTopActivity:699 
02-15 22:57:33.257 V/WindowManager( 8359):    ChangeInfo{a6b3a39 container=Task{e636d15 #1047 type=standard A=10542:io.openclaw.telegramhandsfree} flags=0x0}
02-15 22:57:33.258 V/WindowManagerShell( 8802): Transition requested (#2137): android.os.BinderProxy@1fda76a TransitionRequestInfo { type = OPEN, triggerTask = TaskInfo{userId=0 taskId=1047 effectiveUid=10542 displayId=0 isRunning=true baseIntent=Intent { act=android.intent.action.MAIN cat=[android.intent.category.LAUNCHER] flg=0x10200000 cmp=io.openclaw.telegramhandsfree/.MainActivity } baseActivity=ComponentInfo{io.openclaw.telegramhandsfree/io.openclaw.telegramhandsfree.MainActivity} topActivity=ComponentInfo{com.google.android.permissioncontroller/com.android.permissioncontroller.role.ui.RequestRoleActivity} origActivity=null realActivity=ComponentInfo{io.openclaw.telegramhandsfree/io.openclaw.telegramhandsfree.MainActivity} numActivities=2 lastActiveTime=363035743 supportsMultiWindow=true resizeMode=1 isResizeable=true minWidth=-1 minHeight=-1 maxWidth=-1 maxHeight=-1 defaultMinSize=220 desktopDefaultMinSize=304 token=WCT{android.window.IWindowContainerToken$Stub$Proxy@7fec45b} topActivityType=1 pictureInPictureParams=null shouldDockBigOverlays=false launchIntoPipHostTaskId=-1 lastParentTaskIdBeforePip=-1 displayCutoutSafeInsets=Rect(0, 0 - 0, 0) topActivityInfo=ActivityInfo{af84f8 com.android.permissioncontroller.role.ui.RequestRoleActivity} launchCookies=[android.os.BinderProxy@2e72ed6] positionInParent=Point(0, 0) parentTaskId=-1 isFocused=true isVisible=true isVisibleRequested=true isTopActivityNoDisplay=false isSleeping=false locusId=null displayAreaFeatureId=1 isTopActivityTransparent=true isActivityStackTransparent=false lastNonFullscreenBounds=Rect(81, 597 - 999, 1755) capturedLink=null capturedLinkTimestamp=0 requestedVisibleTypes=-9 topActivityRequestOpenInBrowserEducationTimestamp=0 appCompatTaskInfo=AppCompatTaskInfo { topActivityInSizeCompat=false eligibleForLetterboxEducation= false isLetterboxEducationEnabled= false isLetterboxDoubleTapEnabled= false eligibleForUserAspectRatioButton= false topActivityBoundsLetterboxed= false isFromLetterboxDoubleTap= false topActivityLetterboxVerticalPosition= -1 topActivityLetterboxHorizontalPosition= -1 topActivityLetterboxWidth=-1 topActivityLetterboxHeight=-1 topActivityAppBounds=Rect(0, 0 - 1080, 2316) isUserFullscreenOverrideEnabled=false isSystemFullscreenOverrideEnabled=false hasMinAspectRatioOverride=false topActivityLetterboxBounds=null cameraCompatTaskInfo=CameraCompatTaskInfo { freeformCameraCompatMode=inactive} topActivityBounds=null topActivityInDisplayCompat=false singleTapFromLetterbox=false} topActivityMainWindowFrame=null originallySupportedMultiWindow=true hasWallpaper=false rootAffinity=10542:io.openclaw.telegramhandsfree isTopTaskInStage=false CoverLauncherWidgetTask=false LaunchedFromAppsCoverLauncherTask=false LaunchedFromMultistarCoverLauncherTask=false isAllowedSeamlessRotation=false isTopTransparentActivity=false isAliasManaged=false hasConfigChanged=false snappingGuideBounds=null isAiKeyRemoveAppTask=false lastDesktopWindowingBounds=null lastExternalDesktopWindowingBounds=null safeCutoutInsets=null}, pipChange = null, remoteTransition = null, displayChange = null, flags = 0, debugId = 2137 }
02-15 22:57:33.265 D/WindowManager( 8359): Changing focus from Window{3a73544 u0 io.openclaw.telegramhandsfree/io.openclaw.telegramhandsfree.MainActivity} to null displayId=0 Callers=com.android.server.wm.ActivityTaskManagerService.setLastResumedActivityUncheckLocked:264 com.android.server.wm.ActivityTaskSupervisor.updateTopResumedActivityIfNeeded:51 com.android.server.wm.TaskFragment.setResumedActivity:30 com.android.server.wm.ActivityRecord.setState:100 
02-15 22:57:33.266 D/SurfaceComposerClient( 8359): setCornerRadius ## 3a73544 io.openclaw.telegramhandsfree/io.openclaw.telegramhandsfree.MainActivity#40790 cornerRadius=0.000000
02-15 22:57:33.267 D/SurfaceComposerClient( 8359): setCornerRadius ## 3a73544 io.openclaw.telegramhandsfree/io.openclaw.telegramhandsfree.MainActivity#40790 cornerRadius=0.000000
02-15 22:57:33.268 D/SGM:FgCheckThread( 8359): notePauseComponent(), received pkgName: io.openclaw.telegramhandsfree, userId: 0
02-15 22:57:33.269 I/Routine@Core[4.9.04.13]: ActivityWatcherListenerImpl(12362): onPauseComponent: componentName - io.openclaw.telegramhandsfree, userId: 0
02-15 22:57:33.276 D/SGM:GameManager( 8359): identifyForegroundApp. io.openclaw.telegramhandsfree, mCurrentUserId: 0, callerUserId: 0
02-15 22:57:33.279 D/SGM:GameManager( 8359): identifyForegroundApp. io.openclaw.telegramhandsfree, mCurrentUserId: 0, callerUserId: 0
02-15 22:57:33.281 D/InputDispatcher( 8359): Focus left window (0): 3a73544 io.openclaw.telegramhandsfree/io.openclaw.telegramhandsfree.MainActivity
02-15 22:57:33.284 I/RequestRoleFragment(21629): Role request result requestingUid=10542 requestingPackageName=io.openclaw.telegramhandsfree roleName=android.app.role.ASSISTANT qualifyingCount=-1 currentUid=-1 currentPackageName=null grantedAnotherUid=-1 grantedAnotherPackageName=null result=1
02-15 22:57:33.285 D/SurfaceComposerClient( 8359): setCornerRadius ## 3a73544 io.openclaw.telegramhandsfree/io.openclaw.telegramhandsfree.MainActivity#40790 cornerRadius=0.000000
02-15 22:57:33.289 D/SurfaceComposerClient( 8359): setCornerRadius ## 3a73544 io.openclaw.telegramhandsfree/io.openclaw.telegramhandsfree.MainActivity#40790 cornerRadius=0.000000
02-15 22:57:33.295 D/InputDispatcher( 8359): Focused application(0): ActivityRecord{151058124 u0 io.openclaw.telegramhandsfree/.MainActivity t1047}
02-15 22:57:33.295 D/WindowManager( 8359): Changing focus from null to Window{3a73544 u0 io.openclaw.telegramhandsfree/io.openclaw.telegramhandsfree.MainActivity} displayId=0 Callers=com.android.server.wm.ActivityTaskManagerService.setLastResumedActivityUncheckLocked:264 com.android.server.wm.ActivityTaskSupervisor.updateTopResumedActivityIfNeeded:51 com.android.server.wm.TaskFragment.setResumedActivity:30 com.android.server.wm.ActivityRecord.setState:100 
02-15 22:57:33.295 V/SystemKeyManager( 8359): updateFocusedWindow() is called, io.openclaw.telegramhandsfree/io.openclaw.telegramhandsfree.MainActivity
02-15 22:57:33.295 D/ActivityTaskManager( 8359): scheduleTopResumedActivityChanged, onTop=true, r=ActivityRecord{151058124 u0 io.openclaw.telegramhandsfree/.MainActivity t1047}, caller=com.android.server.wm.ActivityTaskSupervisor.scheduleTopResumedActivityStateIfNeeded:18 com.android.server.wm.ActivityTaskSupervisor.updateTopResumedActivityIfNeeded:54 com.android.server.wm.TaskFragment.setResumedActivity:30 com.android.server.wm.ActivityRecord.setState:100 com.android.server.wm.TaskFragment.resumeTopActivity:1705 com.android.server.wm.Task.resumeTopActivityInnerLocked:119 
02-15 22:57:33.297 D/SurfaceComposerClient( 8359): setCornerRadius ## 3a73544 io.openclaw.telegramhandsfree/io.openclaw.telegramhandsfree.MainActivity#40790 cornerRadius=0.000000
02-15 22:57:33.297 D/ChangeTransitionController( 8359):    ChangeInfo{a6b3a39 container=Task{e636d15 #1047 type=standard A=10542:io.openclaw.telegramhandsfree} flags=0x0}
02-15 22:57:33.298 V/WindowManager( 8359): Sent Transition (#2137) createdAt=02-15 22:57:33.241 via request=TransitionRequestInfo { type = OPEN, triggerTask = TaskInfo{userId=0 taskId=1047 effectiveUid=10542 displayId=0 isRunning=true baseIntent=Intent { act=android.intent.action.MAIN cat=[android.intent.category.LAUNCHER] flg=0x10200000 cmp=io.openclaw.telegramhandsfree/.MainActivity } baseActivity=ComponentInfo{io.openclaw.telegramhandsfree/io.openclaw.telegramhandsfree.MainActivity} topActivity=ComponentInfo{com.google.android.permissioncontroller/com.android.permissioncontroller.role.ui.RequestRoleActivity} origActivity=null realActivity=ComponentInfo{io.openclaw.telegramhandsfree/io.openclaw.telegramhandsfree.MainActivity} numActivities=2 lastActiveTime=363035743 supportsMultiWindow=true resizeMode=1 isResizeable=true minWidth=-1 minHeight=-1 maxWidth=-1 maxHeight=-1 defaultMinSize=220 desktopDefaultMinSize=304 token=WCT{RemoteToken{ce08bab Task{e636d15 #1047 type=standard A=10542:io.openclaw.telegramhandsfree}}} topActivityType=1 pictureInPictureParams=null shouldDockBigOverlays=false launchIntoPipHostTaskId=-1 lastParentTaskIdBeforePip=-1 displayCutoutSafeInsets=Rect(0, 0 - 0, 0) topActivityInfo=ActivityInfo{2928a8e com.android.permissioncontroller.role.ui.RequestRoleActivity} launchCookies=[android.os.BinderProxy@8303da1] positionInParent=Point(0, 0) parentTaskId=-1 isFocused=true isVisible=true isVisibleRequested=true isTopActivityNoDisplay=false isSleeping=false locusId=null displayAreaFeatureId=1 isTopActivityTransparent=true isActivityStackTransparent=false lastNonFullscreenBounds=Rect(81, 597 - 999, 1755) capturedLink=null capturedLinkTimestamp=0 requestedVisibleTypes=-9 topActivityRequestOpenInBrowserEducationTimestamp=0 appCompatTaskInfo=AppCompatTaskInfo { topActivityInSizeCompat=false eligibleForLetterboxEducation= false isLetterboxEducationEnabled= false isLetterboxDoubleTapEnabled= false eligibleForUserAspectRatioButton= false topActivityBoundsLetterboxed= false isFromLetterboxDoubleTap= false topActivityLetterboxVerticalPosition= -1 topActivityLetterboxHorizontalPosition= -1 topActivityLetterboxWidth=-1 topActivityLetterboxHeight=-1 topActivityAppBounds=Rect(0, 0 - 1080, 2316) isUserFullscreenOverrideEnabled=false isSystemFullscreenOverrideEnabled=false hasMinAspectRatioOverride=false topActivityLetterboxBounds=null cameraCompatTaskInfo=CameraCompatTaskInfo { freeformCameraCompatMode=inactive} topActivityBounds=null topActivityInDisplayCompat=false singleTapFromLetterbox=false} topActivityMainWindowFrame=null originallySupportedMultiWindow=true hasWallpaper=false rootAffinity=10542:io.openclaw.telegramhandsfree isTopTaskInStage=false CoverLauncherWidgetTask=false LaunchedFromAppsCoverLauncherTask=false LaunchedFromMultistarCoverLauncherTask=false isAllowedSeamlessRotation=false isTopTransparentActivity=false isAliasManaged=false hasConfigChanged=false snappingGuideBounds=null isAiKeyRemoveAppTask=false lastDesktopWindowingBounds=null lastExternalDesktopWindowingBounds=null safeCutoutInsets=null}, pipChange = null, remoteTransition = null, displayChange = null, flags = 0, debugId = 2137 }
02-15 22:57:33.302 V/WindowManager( 8359):    ChangeInfo{a6b3a39 container=Task{e636d15 #1047 type=standard A=10542:io.openclaw.telegramhandsfree} flags=0x0}
02-15 22:57:33.302 D/ChangeTransitionController( 8359):    ChangeInfo{a6b3a39 container=Task{e636d15 #1047 type=standard A=10542:io.openclaw.telegramhandsfree} flags=0x0}
02-15 22:57:33.307 D/SurfaceFlinger( 1664): [input] setFocusedWindow: 3a73544 io.openclaw.telegramhandsfree/io.openclaw.telegramhandsfree.MainActivity
02-15 22:57:33.307 D/InputDispatcher( 8359): Once focus requested (0): 3a73544 io.openclaw.telegramhandsfree/io.openclaw.telegramhandsfree.MainActivity
02-15 22:57:33.307 D/InputDispatcher( 8359): Focus entered window (0): 3a73544 io.openclaw.telegramhandsfree/io.openclaw.telegramhandsfree.MainActivity
02-15 22:57:33.316 D/SGM:FgCheckThread( 8359): noteResumeComponent(), received pkgName: io.openclaw.telegramhandsfree, userId: 0
02-15 22:57:33.316 D/SGM:GameManager( 8359): identifyGamePackage. io.openclaw.telegramhandsfree, mCurrentUserId: 0, callingMethodInfo: com.samsung.android.game.SemGameManager.isGamePackage(SemGameManager.java:106)
02-15 22:57:33.316 D/SGM:FgCheckThread( 8359): onLooperPrepared(), msg: MSG_APP_RESUME, pkgName: io.openclaw.telegramhandsfree, userid: 0
02-15 22:57:33.316 D/SGM:SemGameManager( 8359): isGamePackage(), pkgName=io.openclaw.telegramhandsfree, ret=false
02-15 22:57:33.316 D/SGM:FgCheckThread( 8359):   handleResume(). pkgName: io.openclaw.telegramhandsfree, userId: 0, category: non-game
02-15 22:57:33.316 D/SGM:FgCheckThread( 8359): notifyFocusInOut(). of pkg: io.openclaw.telegramhandsfree, type: 4, isSecGameFamily: false, userId: 0
02-15 22:57:33.318 I/HoneySpace.EdgePanel.EdgePanelContainerViewModel( 9309): cocktailHostRepository.edgePanelOperation NoteResumeComponent(componentName=ComponentInfo{io.openclaw.telegramhandsfree/io.openclaw.telegramhandsfree.MainActivity})
02-15 22:57:33.318 I/HoneySpace.EdgePanel.ActivityUtils( 9309): HomePackage : com.sec.android.app.launcher, resumePackageName : io.openclaw.telegramhandsfree, className : io.openclaw.telegramhandsfree.MainActivity
02-15 22:57:33.318 I/Routine@Core[4.9.04.13]: ActivityWatcherListenerImpl(12362): onResumeComponent: componentName - io.openclaw.telegramhandsfree, io.openclaw.telegramhandsfree.MainActivity, userId: 0
02-15 22:57:33.318 I/SDHMS:k (10536): handleResumeComponent : put = io.openclaw.telegramhandsfree, userid = 0 instanceid =248514602
02-15 22:57:33.321 D/SGM:GameManager( 8359): identifyForegroundApp. io.openclaw.telegramhandsfree, mCurrentUserId: 0, callerUserId: 0
02-15 22:57:33.323 D/SGM:GameManager( 8359): identifyForegroundApp. io.openclaw.telegramhandsfree, mCurrentUserId: 0, callerUserId: 0
02-15 22:57:33.328 D/SGM:FgCheckThread( 8359): getForegroundApp(), foregroundPkgName=io.openclaw.telegramhandsfree
02-15 22:57:33.329 D/SGM:FgCheckThread( 8359): noteStopComponent(), received pkgName: com.google.android.permissioncontroller, focusedPkgName: io.openclaw.telegramhandsfree, userId: 0
02-15 22:57:33.330 D/SurfaceComposerClient( 8359): setCornerRadius ## 3a73544 io.openclaw.telegramhandsfree/io.openclaw.telegramhandsfree.MainActivity#40790 cornerRadius=0.000000
02-15 22:57:33.336 I/Pageboost( 8359): db update :io.openclaw.telegramhandsfree ret 1
02-15 22:57:33.338 I/Toast   (29190): show: caller = io.openclaw.telegramhandsfree.MainActivity.requestAssistantRoleLauncher$lambda$2:66 
02-15 22:57:33.354 I/AppIconSolution( 8802): start to load, pkg=io.openclaw.telegramhandsfree, bg=192-192, dr=84-84, forDefault=true, density=0
02-15 22:57:33.354 I/AppIconSolution( 8802): getIconScale, pkg=io.openclaw.telegramhandsfree, size=84, iconScale=IconScale[alpha=13, scale=0.72, isCrop=false]
02-15 22:57:33.357 I/AppIconSolution( 8802): default container[Contain], pkg=io.openclaw.telegramhandsfree, bg=80-80, dr=84-84, isNight = true
02-15 22:57:33.363 I/ImeTracker( 8359): io.openclaw.telegramhandsfree:34271cb9: onRequestHide at ORIGIN_SERVER reason HIDE_SAME_WINDOW_FOCUSED_WITHOUT_EDITOR fromUser false
02-15 22:57:33.364 I/WindowManager( 8359): Relayout Window{3a73544 u0 io.openclaw.telegramhandsfree/io.openclaw.telegramhandsfree.MainActivity}: viewVisibility=0 req=1080x2316 ty=1 d0
02-15 22:57:33.364 D/SurfaceComposerClient( 8359): setCornerRadius ## 3a73544 io.openclaw.telegramhandsfree/io.openclaw.telegramhandsfree.MainActivity#40790 cornerRadius=0.000000
02-15 22:57:33.364 D/SurfaceComposerClient( 8359): setCornerRadius ## 3a73544 io.openclaw.telegramhandsfree/io.openclaw.telegramhandsfree.MainActivity#40790 cornerRadius=0.000000
02-15 22:57:33.369 I/ImeTracker(29190): io.openclaw.telegramhandsfree:34271cb9: onCancelled at PHASE_CLIENT_ALREADY_HIDDEN
02-15 22:57:33.370 I/Pageboost( 8359): memUsage collected : 87819 39744 8272 for io.openclaw.telegramhandsfree 29190
02-15 22:57:33.397 D/SurfaceComposerClient( 8359): setCornerRadius ## 3a73544 io.openclaw.telegramhandsfree/io.openclaw.telegramhandsfree.MainActivity#40790 cornerRadius=0.000000
02-15 22:57:33.398 D/SurfaceComposerClient( 8359): setCornerRadius ## 3a73544 io.openclaw.telegramhandsfree/io.openclaw.telegramhandsfree.MainActivity#40790 cornerRadius=0.000000
02-15 22:57:33.406 I/HBD     ( 6464): b [AiWriter] setContact : io.openclaw.telegramhandsfree
02-15 22:57:33.409 I/[AirCmd]_ActivitySwitchDetector(13986): onTaskStackChanged : componentName - ComponentInfo{io.openclaw.telegramhandsfree/io.openclaw.telegramhandsfree.MainActivity}
02-15 22:57:33.415 D/SurfaceComposerClient( 8359): setCornerRadius ## 3a73544 io.openclaw.telegramhandsfree/io.openclaw.telegramhandsfree.MainActivity#40790 cornerRadius=0.000000
02-15 22:57:33.418 D/SurfaceComposerClient( 8359): setCornerRadius ## 3a73544 io.openclaw.telegramhandsfree/io.openclaw.telegramhandsfree.MainActivity#40790 cornerRadius=0.000000
02-15 22:57:33.432 D/SurfaceComposerClient( 8359): setCornerRadius ## 3a73544 io.openclaw.telegramhandsfree/io.openclaw.telegramhandsfree.MainActivity#40790 cornerRadius=0.000000
02-15 22:57:33.439 D/SurfaceFlinger( 1664):        DEVICE |          125370095370243 | 00002102 | RGBA_8888    |    0.0    0.0 1080.0 2316.0 |    0    0 1080 2316 | io.openclaw.telegramhandsfree/io.ope[...]mhandsfree.MainActivity$_29190#40791 (41)
02-15 22:57:33.453 D/MdnieScenarioControlService( 8359):  packageName : io.openclaw.telegramhandsfree    className : io.openclaw.telegramhandsfree.MainActivity
02-15 22:57:33.869 D/SGM:GameManager( 8359): identifyForegroundApp. io.openclaw.telegramhandsfree, mCurrentUserId: 0, callerUserId: 0
02-15 22:57:33.922 D/SurfaceComposerClient( 8359): setCornerRadius ## 3a73544 io.openclaw.telegramhandsfree/io.openclaw.telegramhandsfree.MainActivity#40790 cornerRadius=0.000000
02-15 22:57:33.931 D/SurfaceComposerClient( 8359): setCornerRadius ## 3a73544 io.openclaw.telegramhandsfree/io.openclaw.telegramhandsfree.MainActivity#40790 cornerRadius=0.000000
02-15 22:57:33.942 D/SurfaceComposerClient( 8359): setCornerRadius ## 3a73544 io.openclaw.telegramhandsfree/io.openclaw.telegramhandsfree.MainActivity#40790 cornerRadius=0.000000
02-15 22:57:34.062 D/ProfileInstaller(29190): Installing profile for io.openclaw.telegramhandsfree
02-15 22:57:36.241 I/SurfaceFlinger( 1664): [io.openclaw.telegramhandsfree/io.openclaw.telegramhandsfree.MainActivity$_29190#40791] setFrameRateCategory: NoPreference
02-15 22:57:37.203 D/SurfaceComposerClient( 8359): setCornerRadius ## 3a73544 io.openclaw.telegramhandsfree/io.openclaw.telegramhandsfree.MainActivity#40790 cornerRadius=0.000000
02-15 22:57:37.206 D/SurfaceComposerClient( 8359): setCornerRadius ## 3a73544 io.openclaw.telegramhandsfree/io.openclaw.telegramhandsfree.MainActivity#40790 cornerRadius=0.000000
02-15 22:57:37.208 D/SurfaceComposerClient( 8359): setCornerRadius ## 3a73544 io.openclaw.telegramhandsfree/io.openclaw.telegramhandsfree.MainActivity#40790 cornerRadius=0.000000
02-15 22:57:37.209 W/NotificationService( 8359): Toast already killed. pkg=io.openclaw.telegramhandsfree token=android.os.BinderProxy@7ebea0c
02-15 22:57:37.230 D/SurfaceComposerClient( 8359): setCornerRadius ## 3a73544 io.openclaw.telegramhandsfree/io.openclaw.telegramhandsfree.MainActivity#40790 cornerRadius=0.000000
02-15 22:57:37.479 D/SurfaceComposerClient( 8359): setCornerRadius ## 3a73544 io.openclaw.telegramhandsfree/io.openclaw.telegramhandsfree.MainActivity#40790 cornerRadius=0.000000
02-15 22:57:37.480 D/SurfaceComposerClient( 8359): setCornerRadius ## 3a73544 io.openclaw.telegramhandsfree/io.openclaw.telegramhandsfree.MainActivity#40790 cornerRadius=0.000000
02-15 22:57:37.721 D/SurfaceComposerClient( 8359): setCornerRadius ## 3a73544 io.openclaw.telegramhandsfree/io.openclaw.telegramhandsfree.MainActivity#40790 cornerRadius=0.000000
02-15 22:57:37.723 D/SurfaceComposerClient( 8359): setCornerRadius ## 3a73544 io.openclaw.telegramhandsfree/io.openclaw.telegramhandsfree.MainActivity#40790 cornerRadius=0.000000
02-15 22:57:37.724 D/SurfaceFlinger( 1664):        DEVICE |          125370095370242 | 00002102 | RGBA_8888    |    0.0    0.0 1080.0 2316.0 |    0    0 1080 2316 | io.openclaw.telegramhandsfree/io.ope[...]mhandsfree.MainActivity$_29190#40791 (62)
02-15 22:57:37.728 D/SurfaceComposerClient( 8359): setCornerRadius ## 3a73544 io.openclaw.telegramhandsfree/io.openclaw.telegramhandsfree.MainActivity#40790 cornerRadius=0.000000
02-15 22:57:37.733 D/SurfaceComposerClient( 8359): setCornerRadius ## 3a73544 io.openclaw.telegramhandsfree/io.openclaw.telegramhandsfree.MainActivity#40790 cornerRadius=0.000000
02-15 22:57:42.294 I/SAccessoryManager_SAccessoryManager( 8359): File read fail java.io.FileNotFoundException: sys/class/power_supply/battery/wpc_auth_mode: open failed: ENOENT (No such file or directory)
02-15 22:57:43.336 I/SurfaceFlinger( 1664): Capture layer list: 	 io.openclaw.telegramhandsfree/io.openclaw.telegramhandsfree.MainActivity$_29190#40791(seamlessTransition:0)
02-15 22:57:43.339 D/RenderEngine( 1664): [SEC_SF_EFFECTS] drawLayersInternal,1483, Rendering layer io.openclaw.telegramhandsfree/io.openclaw.telegramhandsfree.MainActivity$_29190#40791 at index 1
02-15 22:57:44.531 D/ActivityTaskManager( 8359): scheduleTopResumedActivityChanged, onTop=false, r=ActivityRecord{151058124 u0 io.openclaw.telegramhandsfree/.MainActivity t1047}, caller=com.android.server.wm.ActivityTaskSupervisor.scheduleTopResumedActivityStateLossIfNeeded:19 com.android.server.wm.ActivityTaskSupervisor.updateTopResumedActivityIfNeeded:20 com.android.server.wm.TaskDisplayArea.positionChildAt:252 com.android.server.wm.Task.moveToFront:40 com.android.server.wm.ActivityStarter.startActivityInner:315 com.android.server.wm.ActivityStarter.startActivityUnchecked:111 
02-15 22:57:44.547 D/SurfaceComposerClient( 8359): setCornerRadius ## 3a73544 io.openclaw.telegramhandsfree/io.openclaw.telegramhandsfree.MainActivity#40790 cornerRadius=0.000000
02-15 22:57:44.551 D/SGM:FgCheckThread( 8359): notePauseComponent(), received pkgName: io.openclaw.telegramhandsfree, userId: 0
02-15 22:57:44.552 I/Routine@Core[4.9.04.13]: ActivityWatcherListenerImpl(12362): onPauseComponent: componentName - io.openclaw.telegramhandsfree, userId: 0
02-15 22:57:44.553 D/SurfaceComposerClient( 8359): setCornerRadius ## 3a73544 io.openclaw.telegramhandsfree/io.openclaw.telegramhandsfree.MainActivity#40790 cornerRadius=0.000000
02-15 22:57:44.595 D/SGM:GameManager( 8359): identifyForegroundApp. io.openclaw.telegramhandsfree, mCurrentUserId: 0, callerUserId: 0
02-15 22:57:44.596 D/SGM:GameManager( 8359): identifyGamePackage. io.openclaw.telegramhandsfree, mCurrentUserId: 0, callingMethodInfo: com.samsung.android.game.IGameManagerService$Stub.onTransact(IGameManagerService.java:247)
02-15 22:57:44.597 D/SGM:GameManager( 8359): identifyForegroundApp. io.openclaw.telegramhandsfree, mCurrentUserId: 0, callerUserId: 0
02-15 22:57:44.604 D/WindowManager( 8359): Changing focus from Window{3a73544 u0 io.openclaw.telegramhandsfree/io.openclaw.telegramhandsfree.MainActivity} to null displayId=0 Callers=com.android.server.wm.ActivityTaskManagerService.setLastResumedActivityUncheckLocked:264 com.android.server.wm.ActivityTaskSupervisor.updateTopResumedActivityIfNeeded:51 com.android.server.wm.TaskFragment.setResumedActivity:30 com.android.server.wm.ActivityRecord.setState:100 
02-15 22:57:44.607 D/SurfaceComposerClient( 8359): setCornerRadius ## 3a73544 io.openclaw.telegramhandsfree/io.openclaw.telegramhandsfree.MainActivity#40790 cornerRadius=0.000000
02-15 22:57:44.610 I/[AirCmd]_ActivitySwitchDetector(13986): onTaskFocusChanged :mTopMostActivity = ComponentInfo{io.openclaw.telegramhandsfree/io.openclaw.telegramhandsfree.MainActivity}
02-15 22:57:44.620 D/InputDispatcher( 8359): Focus left window (0): 3a73544 io.openclaw.telegramhandsfree/io.openclaw.telegramhandsfree.MainActivity
02-15 22:57:44.702 D/SurfaceComposerClient( 8359): setCornerRadius ## 3a73544 io.openclaw.telegramhandsfree/io.openclaw.telegramhandsfree.MainActivity#40790 cornerRadius=0.000000
02-15 22:57:44.703 D/SurfaceComposerClient( 8359): setCornerRadius ## 3a73544 io.openclaw.telegramhandsfree/io.openclaw.telegramhandsfree.MainActivity#40790 cornerRadius=0.000000
02-15 22:57:44.705 D/WindowManager( 8359): updateSystemBarAttributes: displayId=0, focusedCanBeNavColorWin=false, win=Window{88152aa u0 android/com.android.internal.app.ResolverActivity}, navColorWin=Window{3a73544 u0 io.openclaw.telegramhandsfree/io.openclaw.telegramhandsfree.MainActivity}, caller=com.android.server.wm.WindowManagerService.updateFocusedWindowLocked:372 com.android.server.wm.WindowManagerService.relayoutWindow:1350 com.android.server.wm.Session.relayout:27 
02-15 22:57:44.782 D/SurfaceComposerClient( 8359): setCornerRadius ## 3a73544 io.openclaw.telegramhandsfree/io.openclaw.telegramhandsfree.MainActivity#40790 cornerRadius=0.000000
02-15 22:57:44.782 D/SurfaceComposerClient( 8359): setCornerRadius ## 3a73544 io.openclaw.telegramhandsfree/io.openclaw.telegramhandsfree.MainActivity#40790 cornerRadius=0.000000
02-15 22:57:44.788 D/SurfaceComposerClient( 8359): setCornerRadius ## 3a73544 io.openclaw.telegramhandsfree/io.openclaw.telegramhandsfree.MainActivity#40790 cornerRadius=0.000000
02-15 22:57:44.788 D/SurfaceComposerClient( 8359): setCornerRadius ## 3a73544 io.openclaw.telegramhandsfree/io.openclaw.telegramhandsfree.MainActivity#40790 cornerRadius=0.000000
02-15 22:57:44.796 D/ResolverListAdapter(29409): driInside.mDisplayLabel->Nova Walkie-Talkie driInside.mExtendedInfo;Nova Walkie-Talkie driInside.mResolveInfoResolveInfo{ee62b6f io.openclaw.telegramhandsfree/.AssistActivity m=0x108000 userHandle=UserHandle{0}}
02-15 22:57:44.796 I/ResolverListAdapter(29409): Add DisplayResolveInfo component: ComponentInfo{io.openclaw.telegramhandsfree/io.openclaw.telegramhandsfree.AssistActivity}, intent component: ComponentInfo{io.openclaw.telegramhandsfree/io.openclaw.telegramhandsfree.AssistActivity}
02-15 22:57:44.797 D/ResolverActivity(29409): ComponentInfo{io.openclaw.telegramhandsfree/io.openclaw.telegramhandsfree.AssistActivity}
02-15 22:57:44.802 D/SurfaceComposerClient( 8359): setCornerRadius ## 3a73544 io.openclaw.telegramhandsfree/io.openclaw.telegramhandsfree.MainActivity#40790 cornerRadius=0.000000
02-15 22:57:44.802 D/SurfaceFlinger( 1664):        CLIENT |          125370095370241 | 00002102 | RGBA_8888    |    0.0    0.0 1080.0 2316.0 |    0    0 1080 2316 | io.openclaw.telegramhandsfree/io.ope[...]mhandsfree.MainActivity$_29190#40791 (63)
02-15 22:57:44.819 D/SurfaceFlinger( 1664):        CLIENT |          125370095370241 | 00002102 | RGBA_8888    |    0.0    0.0 1080.0 2316.0 |    0    0 1080 2316 | io.openclaw.telegramhandsfree/io.ope[...]mhandsfree.MainActivity$_29190#40791 (63)
02-15 22:57:44.861 D/SurfaceComposerClient( 8359): setCornerRadius ## 3a73544 io.openclaw.telegramhandsfree/io.openclaw.telegramhandsfree.MainActivity#40790 cornerRadius=0.000000
02-15 22:57:44.911 D/SurfaceComposerClient( 8359): setCornerRadius ## 3a73544 io.openclaw.telegramhandsfree/io.openclaw.telegramhandsfree.MainActivity#40790 cornerRadius=0.000000
02-15 22:57:44.952 W/Finsky  (22968): [2] STU: Failed to get storage stats for package 'com.android.wifi' (1601: Error getting stats: android.content.pm.PackageManager.NameNotFoundException)
02-15 22:57:44.963 W/Finsky  (22968): [2] STU: Failed to get storage stats for package 'com.samsung.android.camera.unihal' (1601: Error getting stats: android.content.pm.PackageManager.NameNotFoundException)
02-15 22:57:44.992 W/Finsky  (22968): [2] STU: Failed to get storage stats for package 'com.samsung.android.shell' (1601: Error getting stats: android.content.pm.PackageManager.NameNotFoundException)
02-15 22:57:45.132 W/Finsky  (22968): [2] STU: Failed to get storage stats for package 'com.android.apex.cts.shim' (1601: Error getting stats: android.content.pm.PackageManager.NameNotFoundException)
02-15 22:57:45.359 W/Finsky  (22968): [2] STU: Failed to get storage stats for package 'com.google.android.appsearch' (1601: Error getting stats: android.content.pm.PackageManager.NameNotFoundException)
02-15 22:57:45.367 W/Finsky  (22968): [2] STU: Failed to get storage stats for package 'com.google.android.art' (1601: Error getting stats: android.content.pm.PackageManager.NameNotFoundException)
02-15 22:57:45.376 W/Finsky  (22968): [2] STU: Failed to get storage stats for package 'com.android.bt' (1601: Error getting stats: android.content.pm.PackageManager.NameNotFoundException)
02-15 22:57:45.444 W/Finsky  (22968): [2] STU: Failed to get storage stats for package 'com.google.android.mediaprovider' (1601: Error getting stats: android.content.pm.PackageManager.NameNotFoundException)
02-15 22:57:45.470 W/Finsky  (22968): [2] STU: Failed to get storage stats for package 'com.samsung.android.camera.qciq' (1601: Error getting stats: android.content.pm.PackageManager.NameNotFoundException)
02-15 22:57:45.479 W/Finsky  (22968): [2] STU: Failed to get storage stats for package 'com.android.virt' (1601: Error getting stats: android.content.pm.PackageManager.NameNotFoundException)
02-15 22:57:45.490 W/Finsky  (22968): [2] STU: Failed to get storage stats for package 'com.google.android.resolv' (1601: Error getting stats: android.content.pm.PackageManager.NameNotFoundException)
02-15 22:57:45.502 W/Finsky  (22968): [2] STU: Failed to get storage stats for package 'com.google.android.configinfrastructure' (1601: Error getting stats: android.content.pm.PackageManager.NameNotFoundException)
02-15 22:57:45.503 W/Finsky  (22968): [2] STU: Failed to get storage stats for package 'com.google.android.media' (1601: Error getting stats: android.content.pm.PackageManager.NameNotFoundException)
02-15 22:57:45.525 W/Finsky  (22968): [2] STU: Failed to get storage stats for package 'com.android.vndk.v31' (1601: Error getting stats: android.content.pm.PackageManager.NameNotFoundException)
02-15 22:57:45.580 W/Finsky  (22968): [2] STU: Failed to get storage stats for package 'com.google.android.sdkext' (1601: Error getting stats: android.content.pm.PackageManager.NameNotFoundException)
02-15 22:57:45.596 W/Finsky  (22968): [2] STU: Failed to get storage stats for package 'com.samsung.android.biometrics.face' (1601: Error getting stats: android.content.pm.PackageManager.NameNotFoundException)
02-15 22:57:45.598 W/Finsky  (22968): [2] STU: Failed to get storage stats for package 'com.google.android.adservices' (1601: Error getting stats: android.content.pm.PackageManager.NameNotFoundException)
02-15 22:57:45.603 W/Finsky  (22968): [2] STU: Failed to get storage stats for package 'com.google.android.tethering' (1601: Error getting stats: android.content.pm.PackageManager.NameNotFoundException)
02-15 22:57:45.659 W/Finsky  (22968): [2] STU: Failed to get storage stats for package 'com.android.runtime' (1601: Error getting stats: android.content.pm.PackageManager.NameNotFoundException)
02-15 22:57:45.709 W/Finsky  (22968): [2] STU: Failed to get storage stats for package 'com.google.android.cellbroadcast' (1601: Error getting stats: android.content.pm.PackageManager.NameNotFoundException)
02-15 22:57:45.722 W/Finsky  (22968): [2] STU: Failed to get storage stats for package 'com.google.android.rkpd' (1601: Error getting stats: android.content.pm.PackageManager.NameNotFoundException)
02-15 22:57:45.838 W/Finsky  (22968): [2] STU: Failed to get storage stats for package 'com.google.android.tzdata6' (1601: Error getting stats: android.content.pm.PackageManager.NameNotFoundException)
02-15 22:57:45.854 W/Finsky  (22968): [2] STU: Failed to get storage stats for package 'com.google.android.permission' (1601: Error getting stats: android.content.pm.PackageManager.NameNotFoundException)
02-15 22:57:46.013 W/Finsky  (22968): [2] STU: Failed to get storage stats for package 'com.samsung.android.biometrics.fingerprint' (1601: Error getting stats: android.content.pm.PackageManager.NameNotFoundException)
02-15 22:57:46.023 W/Finsky  (22968): [2] STU: Failed to get storage stats for package 'com.google.android.media.swcodec' (1601: Error getting stats: android.content.pm.PackageManager.NameNotFoundException)
02-15 22:57:46.029 W/Finsky  (22968): [2] STU: Failed to get storage stats for package 'com.android.uprobestats' (1601: Error getting stats: android.content.pm.PackageManager.NameNotFoundException)
02-15 22:57:46.039 W/Finsky  (22968): [2] STU: Failed to get storage stats for package 'com.android.profiling' (1601: Error getting stats: android.content.pm.PackageManager.NameNotFoundException)
02-15 22:57:46.075 W/Finsky  (22968): [2] STU: Failed to get storage stats for package 'com.samsung.android.media.extractor' (1601: Error getting stats: android.content.pm.PackageManager.NameNotFoundException)
02-15 22:57:46.122 W/Finsky  (22968): [2] STU: Failed to get storage stats for package 'com.samsung.android.media.imagecodec.system' (1601: Error getting stats: android.content.pm.PackageManager.NameNotFoundException)
02-15 22:57:46.140 W/Finsky  (22968): [2] STU: Failed to get storage stats for package 'com.google.android.adbd' (1601: Error getting stats: android.content.pm.PackageManager.NameNotFoundException)
