02-15 22:51:03.045 V/WindowManager( 8359): Sent Transition (#2125) createdAt=02-15 22:51:02.975 via request=TransitionRequestInfo { type = OPEN, triggerTask = TaskInfo{userId=0 taskId=1043 effectiveUid=10541 displayId=0 isRunning=true baseIntent=Intent { act=android.intent.action.MAIN cat=[android.intent.category.LAUNCHER] flg=0x10200000 cmp=io.openclaw.telegramhandsfree/.MainActivity } baseActivity=ComponentInfo{io.openclaw.telegramhandsfree/io.openclaw.telegramhandsfree.MainActivity} topActivity=ComponentInfo{io.openclaw.telegramhandsfree/io.openclaw.telegramhandsfree.MainActivity} origActivity=null realActivity=ComponentInfo{io.openclaw.telegramhandsfree/io.openclaw.telegramhandsfree.MainActivity} numActivities=1 lastActiveTime=362645473 supportsMultiWindow=true resizeMode=1 isResizeable=true minWidth=-1 minHeight=-1 maxWidth=-1 maxHeight=-1 defaultMinSize=220 desktopDefaultMinSize=304 token=WCT{RemoteToken{3844b00 Task{12cc20a #1043 type=standard A=10541:io.openclaw.telegramhandsfree}}} topActivityType=1 pictureInPictureParams=null shouldDockBigOverlays=false launchIntoPipHostTaskId=-1 lastParentTaskIdBeforePip=-1 displayCutoutSafeInsets=Rect(0, 75 - 0, 0) topActivityInfo=ActivityInfo{3cd97e io.openclaw.telegramhandsfree.MainActivity} launchCookies=[android.os.BinderProxy@9a12edf] positionInParent=Point(0, 0) parentTaskId=-1 isFocused=false isVisible=false isVisibleRequested=false isTopActivityNoDisplay=false isSleeping=false locusId=null displayAreaFeatureId=1 isTopActivityTransparent=false isActivityStackTransparent=false lastNonFullscreenBounds=Rect(81, 597 - 999, 1755) capturedLink=null capturedLinkTimestamp=0 requestedVisibleTypes=-9 topActivityRequestOpenInBrowserEducationTimestamp=0 appCompatTaskInfo=AppCompatTaskInfo { topActivityInSizeCompat=false eligibleForLetterboxEducation= false isLetterboxEducationEnabled= false isLetterboxDoubleTapEnabled= false eligibleForUserAspectRatioButton= false topActivityBoundsLetterboxed= false isFromLetterboxDoubleTap= false topActivityLetterboxVerticalPosition= -1 topActivityLetterboxHorizontalPosition= -1 topActivityLetterboxWidth=-1 topActivityLetterboxHeight=-1 topActivityAppBounds=Rect(0, 0 - 1080, 2316) isUserFullscreenOverrideEnabled=false isSystemFullscreenOverrideEnabled=false hasMinAspectRatioOverride=false topActivityLetterboxBounds=null cameraCompatTaskInfo=CameraCompatTaskInfo { freeformCameraCompatMode=inactive} topActivityBounds=null topActivityInDisplayCompat=false singleTapFromLetterbox=false} topActivityMainWindowFrame=null originallySupportedMultiWindow=true hasWallpaper=false rootAffinity=10541:io.openclaw.telegramhandsfree isTopTaskInStage=false CoverLauncherWidgetTask=false LaunchedFromAppsCoverLauncherTask=false LaunchedFromMultistarCoverLauncherTask=false isAllowedSeamlessRotation=false isTopTransparentActivity=false isAliasManaged=false hasConfigChanged=false snappingGuideBounds=null isAiKeyRemoveAppTask=false lastDesktopWindowingBounds=null lastExternalDesktopWindowingBounds=null safeCutoutInsets=null}, pipChange = null, remoteTransition = RemoteTransition { remoteTransition = android.window.IRemoteTransition$Stub$Proxy@563172c, appThread = android.app.IApplicationThread$Stub$Proxy@44875f5, debugName = QuickstepLaunchflags =NONE }, displayChange = null, flags = 0, debugId = 2125 }
02-15 22:51:03.045 V/WindowManager( 8359):         {WCT{RemoteToken{3844b00 Task{12cc20a #1043 type=standard A=10541:io.openclaw.telegramhandsfree}}} m=OPEN f=NONE leash=Surface(name=Task=1043)/@0xafc2c32 sb=Rect(0, 0 - 1080, 2316) eb=Rect(0, 0 - 1080, 2316) epz=Point(1080, 2316) d=0 taskParent=-1 inset=Rect(0, 75 - 0, 39) dim=true},
02-15 22:51:03.046 D/InsetsSourceProvider( 8359): updateControlForTarget: control=InsetsSourceControl: {68ef0001 mType=navigationBars initiallyVisible mSurfacePosition=Point(0, 2190) mInsetsHint=Insets{left=0, top=0, right=0, bottom=39}}, target=Window{bef69e3 u0 Splash Screen io.openclaw.telegramhandsfree}, from=com.android.server.wm.InsetsStateController.onControlTargetChanged:83 com.android.server.wm.InsetsPolicy.updateBarControlTarget:225 com.android.server.wm.DisplayPolicy.updateSystemBarAttributes:262 com.android.server.wm.DisplayPolicy.finishPostLayoutPolicyLw:17 com.android.server.wm.RootWindowContainer.applySurfaceChangesTransaction$1:195 
02-15 22:51:03.047 D/InsetsSourceProvider( 8359): updateControlForTarget: control=InsetsSourceControl: {d0d90000 mType=statusBars initiallyVisible mSurfacePosition=Point(0, 0) mInsetsHint=Insets{left=0, top=75, right=0, bottom=0}}, target=Window{bef69e3 u0 Splash Screen io.openclaw.telegramhandsfree}, from=com.android.server.wm.InsetsStateController.onControlTargetChanged:83 com.android.server.wm.InsetsPolicy.updateBarControlTarget:212 com.android.server.wm.DisplayPolicy.updateSystemBarAttributes:262 com.android.server.wm.DisplayPolicy.finishPostLayoutPolicyLw:17 com.android.server.wm.RootWindowContainer.applySurfaceChangesTransaction$1:195 
02-15 22:51:03.047 D/WindowManager( 8359): updateSystemBarAttributes: displayId=0, focusedCanBeNavColorWin=false, win=Window{bef69e3 u0 Splash Screen io.openclaw.telegramhandsfree}, navColorWin=Window{bef69e3 u0 Splash Screen io.openclaw.telegramhandsfree}, caller=com.android.server.wm.DisplayPolicy.finishPostLayoutPolicyLw:17 com.android.server.wm.RootWindowContainer.applySurfaceChangesTransaction$1:195 com.android.server.wm.RootWindowContainer.performSurfacePlacementNoTrace:59 
02-15 22:51:03.048 D/SurfaceComposerClient( 8359): setCornerRadius ## bef69e3 Splash Screen io.openclaw.telegramhandsfree#40642 cornerRadius=0.000000
02-15 22:51:03.049 I/SurfaceFlinger( 1664): id=40647 createSurf, flag=84000, cc0275f ActivityRecordInputSink io.openclaw.telegramhandsfree/.MainActivity#40647
02-15 22:51:03.058 I/SurfaceFlinger( 1664): RequestedLayer [bef69e3 Splash Screen io.openclaw.telegramhandsfree#40642] hidden!! flag  from(1) --> to(0)
02-15 22:51:03.058 I/SurfaceFlinger( 1664): RequestedLayer [Splash Screen io.openclaw.telegramhandsfree$_8802#40643] hidden!! flag  from(1) --> to(0)
02-15 22:51:03.058 I/SurfaceFlinger( 1664): [cc0275f ActivityRecordInputSink io.openclaw.telegramhandsfree/.MainActivity#40647] attach to parent LayerHierarchy{RequestedLayerState{ActivityRecord{242836085 u0 io.openclaw.telegramhandsfree/.MainActivity t1043}#40641 parentId=40640} 2 children}
02-15 22:51:03.060 I/WindowManager( 8359): notifyInsetsControlChanged, removed=false, win=Window{bef69e3 u0 Splash Screen io.openclaw.telegramhandsfree}, caller=com.android.server.wm.InsetsStateController$$ExternalSyntheticLambda1.run:137 com.android.server.wm.WindowAnimator$$ExternalSyntheticLambda2.onTransactionCommitted:26 android.view.SurfaceControl$Transaction$$ExternalSyntheticLambda4.run:0 android.os.Handler.handleCallback:995 android.os.Handler.dispatchMessage:103 android.os.Looper.loopOnce:273 
02-15 22:51:03.063 I/InsetsSourceConsumer( 8802): applyRequestedVisibilityToControl: visible=true, type=navigationBars, host=Splash Screen io.openclaw.telegramhandsfree
02-15 22:51:03.064 I/InsetsSourceConsumer( 8802): applyRequestedVisibilityToControl: visible=true, type=statusBars, host=Splash Screen io.openclaw.telegramhandsfree
02-15 22:51:03.087 D/SurfaceFlinger( 1664):        CLIENT |           37804302214256 | 00002100 | RGBA_8888    |    0.0   66.0 1080.0 1733.0 |  293 1505  566 1926 | Splash Screen io.openclaw.telegramhandsfree$_8802#40643 (1)
02-15 22:51:03.121 D/SGM:GameManager( 8359): identifyGamePackage. io.openclaw.telegramhandsfree, mCurrentUserId: 0, callingMethodInfo: com.samsung.android.game.IGameManagerService$Stub.onTransact(IGameManagerService.java:247)
02-15 22:51:03.151 D/nativeloader(24915): Configuring clns-9 for other apk /data/app/~~v7JNpdnTYgOkRgmUxR0D1g==/io.openclaw.telegramhandsfree-Q-gaUFZSKICKREins4PWWA==/base.apk. target_sdk_version=35, uses_libraries=, library_path=/data/app/~~v7JNpdnTYgOkRgmUxR0D1g==/io.openclaw.telegramhandsfree-Q-gaUFZSKICKREins4PWWA==/lib/arm64:/data/app/~~v7JNpdnTYgOkRgmUxR0D1g==/io.openclaw.telegramhandsfree-Q-gaUFZSKICKREins4PWWA==/base.apk!/lib/arm64-v8a, permitted_path=/data:/mnt/expand:/data/user/0/io.openclaw.telegramhandsfree
02-15 22:51:03.163 V/GraphicsEnvironment(24915): io.openclaw.telegramhandsfree is not listed in per-application setting
02-15 22:51:03.163 V/GraphicsEnvironment(24915): io.openclaw.telegramhandsfree is not listed in ANGLE allowlist or settings, returning default
02-15 22:51:03.199 D/SGM:GameManager( 8359): identifyGamePackage. io.openclaw.telegramhandsfree, mCurrentUserId: 0, callingMethodInfo: com.samsung.android.game.IGameManagerService$Stub.onTransact(IGameManagerService.java:247)
02-15 22:51:03.211 D/SGM:FgCheckThread( 8359): notifyAppCreated(), packageName: io.openclaw.telegramhandsfree, userId: 0, sendRet: true
02-15 22:51:03.211 D/SGM:FgCheckThread( 8359): onLooperPrepared(), msg: MSG_APP_CREATE, pkgName: io.openclaw.telegramhandsfree, userId: 0
02-15 22:51:03.212 D/SGM:FgCheckThread( 8359):   sendRunningComponentFocus(), pkgName: io.openclaw.telegramhandsfree, userId: 0
02-15 22:51:03.212 D/InputDispatcher( 8359): Focused application(0): ActivityRecord{242836085 u0 io.openclaw.telegramhandsfree/.MainActivity t1043}
02-15 22:51:03.212 D/SGM:FgCheckThread( 8359): onLooperPrepared(), msg: MSG_TASK_FOCUSED, pkgName: io.openclaw.telegramhandsfree, userId: 0
02-15 22:51:03.212 D/ActivityTaskManager( 8359): scheduleTopResumedActivityChanged, onTop=true, r=ActivityRecord{242836085 u0 io.openclaw.telegramhandsfree/.MainActivity t1043}, caller=com.android.server.wm.ActivityTaskSupervisor.scheduleTopResumedActivityStateIfNeeded:18 com.android.server.wm.ActivityTaskSupervisor.updateTopResumedActivityIfNeeded:54 com.android.server.wm.TaskFragment.setResumedActivity:30 com.android.server.wm.ActivityRecord.setState:100 com.android.server.wm.ActivityTaskSupervisor.realStartActivityLocked:477 com.android.server.wm.RootWindowContainer.attachApplication:92 
02-15 22:51:03.213 D/SGM:FgCheckThread( 8359):   handleTaskFocused(), pkgName: io.openclaw.telegramhandsfree, userID:0
02-15 22:51:03.213 D/SGM:FgCheckThread( 8359):   handleResume(). pkgName: io.openclaw.telegramhandsfree, userId: 0, category: non-game
02-15 22:51:03.213 D/SGM:FgCheckThread( 8359): notifyFocusInOut(). of pkg: io.openclaw.telegramhandsfree, type: 4, isSecGameFamily: false, userId: 0
02-15 22:51:03.219 D/GraphicsStatsService( 8359): requestRenderEngineFor(io.openclaw.telegramhandsfree)
02-15 22:51:03.219 D/ActivityThread(24915): io.openclaw.telegramhandsfree will use render engine as VK
02-15 22:51:03.222 D/SGM:FgCheckThread( 8359): noteResumeComponent(), received pkgName: io.openclaw.telegramhandsfree, userId: 0
02-15 22:51:03.222 D/SGM:FgCheckThread( 8359): onLooperPrepared(), msg: MSG_APP_RESUME, pkgName: io.openclaw.telegramhandsfree, userid: 0
02-15 22:51:03.222 D/SGM:FgCheckThread( 8359):   handleResume(). pkgName: io.openclaw.telegramhandsfree, userId: 0, category: non-game
02-15 22:51:03.222 D/SGM:FgCheckThread( 8359): notifyFocusInOut(). of pkg: io.openclaw.telegramhandsfree, type: 4, isSecGameFamily: false, userId: 0
02-15 22:51:03.223 D/MdnieScenarioControlService( 8359):  packageName : io.openclaw.telegramhandsfree    className : io.openclaw.telegramhandsfree.MainActivity
02-15 22:51:03.223 D/SGM:GameManager( 8359): identifyGamePackage. io.openclaw.telegramhandsfree, mCurrentUserId: 0, callingMethodInfo: com.samsung.android.game.SemGameManager.isGamePackage(SemGameManager.java:106)
02-15 22:51:03.223 D/SGM:SemGameManager( 8359): isGamePackage(), pkgName=io.openclaw.telegramhandsfree, ret=false
02-15 22:51:03.227 I/Routine@Core[4.9.04.13]: ActivityWatcherListenerImpl(12362): onResumeComponent: componentName - io.openclaw.telegramhandsfree, io.openclaw.telegramhandsfree.MainActivity, userId: 0
02-15 22:51:03.230 I/[AirCmd]_ActivitySwitchDetector(13986): onTaskFocusChanged : taskId=1043, componentName=ComponentInfo{io.openclaw.telegramhandsfree/io.openclaw.telegramhandsfree.MainActivity}
02-15 22:51:03.234 I/SDHMS:k (10536): handleResumeComponent : put = io.openclaw.telegramhandsfree, userid = 0 instanceid =172339352
02-15 22:51:03.265 I/HoneySpace.EdgePanel.EdgePanelContainerViewModel( 9309): cocktailHostRepository.edgePanelOperation NoteResumeComponent(componentName=ComponentInfo{io.openclaw.telegramhandsfree/io.openclaw.telegramhandsfree.MainActivity})
02-15 22:51:03.266 I/HoneySpace.EdgePanel.ActivityUtils( 9309): HomePackage : com.sec.android.app.launcher, resumePackageName : io.openclaw.telegramhandsfree, className : io.openclaw.telegramhandsfree.MainActivity
02-15 22:51:03.524 I/SurfaceFlinger( 1664): id=40651 createSurf, flag=84004, 46b07cb io.openclaw.telegramhandsfree/io.openclaw.telegramhandsfree.MainActivity#40651
02-15 22:51:03.525 I/SurfaceFlinger( 1664): [46b07cb io.openclaw.telegramhandsfree/io.openclaw.telegramhandsfree.MainActivity#40651] attach to parent LayerHierarchy{RequestedLayerState{ActivityRecord{242836085 u0 io.openclaw.telegramhandsfree/.MainActivity t1043}#40641 parentId=40640} 3 children}
02-15 22:51:03.527 I/InsetsController(24915): onStateChanged: host=io.openclaw.telegramhandsfree/io.openclaw.telegramhandsfree.MainActivity, from=android.view.ViewRootImpl.onInsetsStateChanged:3026, state=InsetsState: {mDisplayFrame=Rect(0, 0 - 1080, 2316), mDisplayCutout=DisplayCutout{insets=Rect(0, 75 - 0, 0) waterfall=Insets{left=0, top=0, right=0, bottom=0} boundingRect={Bounds=[Rect(0, 0 - 0, 0), Rect(512, 0 - 568, 75), Rect(0, 0 - 0, 0), Rect(0, 0 - 0, 0)]} cutoutPathParserInfo={CutoutPathParserInfo{displayWidth=1080 displayHeight=2316 physicalDisplayWidth=1080 physicalDisplayHeight=2316 density={2.8125} cutoutSpec={M 0,0 H -10 V 26.66666666666667 H 10 V 0 H 0 Z @dp} rotation={0} scale={1.0} physicalPixelDisplaySizeRatio={1.0}}} sideOverrides={}}, mRoundedCorners=RoundedCorners{[RoundedCorner{position=TopLeft, radius=11, center=Point(11, 11)}, RoundedCorner{position=TopRight, radius=11, center=Point(1069, 11)}, RoundedCorner{position=BottomRight, radius=11, center=Point(1069, 2305)}, RoundedCorner{position=BottomLeft, radius=11, center=Point(11, 2305)}]}  mRoundedCornerFrame=Rect(0, 0 - 1080, 2316), mPrivacyIndicatorBounds=PrivacyIndicatorBounds {static bounds=Rect(964, 0 - 1080, 75) rotation=0}, mDisplayShape=DisplayShape{ spec=-311912193 displayWidth=1080 displayHeight=2316 physicalPixelDisplaySizeRatio=0.75 rotation=0 offsetX=0 offsetY=0 scale=1.0}, mSources= { InsetsSource: {d0d90000 mType=statusBars mFrame=[0,0][1080,75] mVisible=true mFlags= mSideHint=TOP mBoundingRects=null}, InsetsSource: {d0d90005 mType=mandatorySystemGestures mFrame=[0,0][1080,107] mVisible=true mFlags= mSideHint=TOP mBoundingRects=null}, InsetsSource: {d0d90006 mType=tappableElement mFrame=[0,0][1080,75] mVisible=true mFlags= mSideHint=TOP mBoundingRects=null}, InsetsSource: {3 mType=ime mFrame=[0,0][0,0] mVisible=false mFlags= mSideHint=NONE mBoundingRects=null}, InsetsSource: {27 mType=displayCutout mFrame=[0,0][1080,75] mVisible=true mFlags= mSideHint=TOP mBoundingRects=null}, InsetsSource: {68ef0001 mType=navigationBars mFrame=[0,2277][1080,2316] mVisible=true mFlags=SUPPRESS_SCRIM mSideHint=BOTTOM mBoundingRects=null}, InsetsSource: {68ef0004 mType=systemGestures mFrame=[0,0][78,2316] mVisible=true mFlags= mSideHint=LEFT mBoundingRects=null}, InsetsSource: {68ef0005 mType=mandatorySystemGestures mFrame=[0,2232][1080,2316] mVisible=true mFlags= mSideHint=BOTTOM mBoundingRects=null}, InsetsSource: {68ef0006 mType=tappableElement mFrame=[0,0][0,0] mVisible=true mFlags= mSideHint=NONE mBoundingRects=null}, InsetsSource: {68ef0024 mType=systemGestures mFrame=[1002,0][1080,2316] mVisible=true mFlags= mSideHint=RIGHT mBoundingRects=null} }
02-15 22:51:03.529 I/IDS_TAG (24915): Getting Shared Preference for io.openclaw.telegramhandsfree.NovaApp@e8ad330 uid = 10541
02-15 22:51:03.531 I/IDS_TAG (24915): App io.openclaw.telegramhandsfree.NovaApp@e8ad330 has not finished training
02-15 22:51:03.532 I/IDS_TAG (24915): Getting Shared Preference for io.openclaw.telegramhandsfree.NovaApp@e8ad330 uid = 10541
02-15 22:51:03.532 I/IDS_TAG (24915): IDS count updated to 1 for io.openclaw.telegramhandsfree.NovaApp@e8ad330
02-15 22:51:03.562 D/CoreBackPreview( 8359): Window{46b07cb u0 io.openclaw.telegramhandsfree/io.openclaw.telegramhandsfree.MainActivity}: Setting back callback OnBackInvokedCallbackInfo{mCallback=android.window.IOnBackInvokedCallback$Stub$Proxy@32055a7, mPriority=0, mIsAnimationCallback=false, mOverrideBehavior=0}
02-15 22:51:03.573 I/WindowManager( 8359): Relayout Window{46b07cb u0 io.openclaw.telegramhandsfree/io.openclaw.telegramhandsfree.MainActivity}: viewVisibility=0 req=1080x2316 ty=1 d0
02-15 22:51:03.573 I/SurfaceFlinger( 1664): id=40652 createSurf, flag=44004, io.openclaw.telegramhandsfree/io.openclaw.telegramhandsfree.MainActivity$_24915#40652
02-15 22:51:03.574 D/WindowManager( 8359): makeSurface duration=1 name=io.openclaw.telegramhandsfree/io.openclaw.telegramhandsfree.MainActivity$_24915
02-15 22:51:03.575 I/SurfaceFlinger( 1664): [io.openclaw.telegramhandsfree/io.openclaw.telegramhandsfree.MainActivity$_24915#40652] attach to parent LayerHierarchy{RequestedLayerState{46b07cb io.openclaw.telegramhandsfree/io.openclaw.telegramhandsfree.MainActivity#40651 parentId=40641} 1 children}
02-15 22:51:03.575 D/SurfaceComposerClient( 8359): setCornerRadius ## bef69e3 Splash Screen io.openclaw.telegramhandsfree#40642 cornerRadius=0.000000
02-15 22:51:03.575 D/SurfaceComposerClient( 8359): setCornerRadius ## 46b07cb io.openclaw.telegramhandsfree/io.openclaw.telegramhandsfree.MainActivity#40651 cornerRadius=0.000000
02-15 22:51:03.576 D/SurfaceComposerClient( 8359): setCornerRadius ## bef69e3 Splash Screen io.openclaw.telegramhandsfree#40642 cornerRadius=0.000000
02-15 22:51:03.576 D/SurfaceComposerClient( 8359): setCornerRadius ## 46b07cb io.openclaw.telegramhandsfree/io.openclaw.telegramhandsfree.MainActivity#40651 cornerRadius=0.000000
02-15 22:51:03.576 D/WindowManager( 8359): Changing focus from null to Window{46b07cb u0 io.openclaw.telegramhandsfree/io.openclaw.telegramhandsfree.MainActivity} displayId=0 Callers=com.android.server.wm.WindowManagerService.relayoutWindow:1350 com.android.server.wm.Session.relayout:27 android.view.IWindowSession$Stub.onTransact:829 com.android.server.wm.Session.onTransact:1 
02-15 22:51:03.579 D/InsetsSourceProvider( 8359): updateControlForTarget: control=InsetsSourceControl: {68ef0001 mType=navigationBars initiallyVisible mSurfacePosition=Point(0, 2190) mInsetsHint=Insets{left=0, top=0, right=0, bottom=39}}, target=Window{46b07cb u0 io.openclaw.telegramhandsfree/io.openclaw.telegramhandsfree.MainActivity}, from=com.android.server.wm.InsetsStateController.onControlTargetChanged:83 com.android.server.wm.InsetsPolicy.updateBarControlTarget:225 com.android.server.wm.DisplayPolicy.updateSystemBarAttributes:262 com.android.server.wm.WindowManagerService.updateFocusedWindowLocked:372 com.android.server.wm.WindowManagerService.relayoutWindow:1350 
02-15 22:51:03.581 D/InsetsSourceProvider( 8359): updateControlForTarget: control=InsetsSourceControl: {d0d90000 mType=statusBars initiallyVisible mSurfacePosition=Point(0, 0) mInsetsHint=Insets{left=0, top=75, right=0, bottom=0}}, target=Window{46b07cb u0 io.openclaw.telegramhandsfree/io.openclaw.telegramhandsfree.MainActivity}, from=com.android.server.wm.InsetsStateController.onControlTargetChanged:83 com.android.server.wm.InsetsPolicy.updateBarControlTarget:212 com.android.server.wm.DisplayPolicy.updateSystemBarAttributes:262 com.android.server.wm.WindowManagerService.updateFocusedWindowLocked:372 com.android.server.wm.WindowManagerService.relayoutWindow:1350 
02-15 22:51:03.581 V/SystemKeyManager( 8359): updateFocusedWindow() is called, io.openclaw.telegramhandsfree/io.openclaw.telegramhandsfree.MainActivity
02-15 22:51:03.593 I/WindowManager( 8359): notifyInsetsControlChanged, removed=false, win=Window{bef69e3 u0 Splash Screen io.openclaw.telegramhandsfree}, caller=com.android.server.wm.InsetsStateController$$ExternalSyntheticLambda1.run:137 com.android.server.wm.WindowAnimator$$ExternalSyntheticLambda2.onTransactionCommitted:26 android.view.SurfaceControl$Transaction$$ExternalSyntheticLambda4.run:0 android.os.Handler.handleCallback:995 android.os.Handler.dispatchMessage:103 android.os.Looper.loopOnce:273 
02-15 22:51:03.596 D/SurfaceFlinger( 1664): [input] setFocusedWindow: 46b07cb io.openclaw.telegramhandsfree/io.openclaw.telegramhandsfree.MainActivity
02-15 22:51:03.597 D/InputDispatcher( 8359): Once focus requested (0): 46b07cb io.openclaw.telegramhandsfree/io.openclaw.telegramhandsfree.MainActivity
02-15 22:51:03.597 D/InputDispatcher( 8359): Focus request (0): 46b07cb io.openclaw.telegramhandsfree/io.openclaw.telegramhandsfree.MainActivity but waiting because NO_WINDOW
02-15 22:51:03.718 V/WindowManager( 8359):    ChangeInfo{50c1047 container=Task{12cc20a #1043 type=standard A=10541:io.openclaw.telegramhandsfree} flags=0x10}
02-15 22:51:03.718 V/WindowManager( 8359):    ChangeInfo{102c074 container=ActivityRecord{242836085 u0 io.openclaw.telegramhandsfree/.MainActivity t1043} flags=0x0}
02-15 22:51:03.720 D/ChangeTransitionController( 8359):    ChangeInfo{50c1047 container=Task{12cc20a #1043 type=standard A=10541:io.openclaw.telegramhandsfree} flags=0x10}
02-15 22:51:03.720 D/ChangeTransitionController( 8359):    ChangeInfo{102c074 container=ActivityRecord{242836085 u0 io.openclaw.telegramhandsfree/.MainActivity t1043} flags=0x0}
02-15 22:51:03.722 D/SurfaceComposerClient( 8359): setCornerRadius ## bef69e3 Splash Screen io.openclaw.telegramhandsfree#40642 cornerRadius=0.000000
02-15 22:51:03.722 D/SurfaceComposerClient( 8359): setCornerRadius ## 46b07cb io.openclaw.telegramhandsfree/io.openclaw.telegramhandsfree.MainActivity#40651 cornerRadius=0.000000
02-15 22:51:03.728 D/SurfaceFlinger( 1664):        DEVICE |           37804302214256 | 00002100 | RGBA_8888    |    0.0    0.0 1080.0 2316.0 |    0    0 1080 2316 | Splash Screen io.openclaw.telegramhandsfree$_8802#40643 (1)
02-15 22:51:03.732 D/SurfaceComposerClient( 8359): setCornerRadius ## bef69e3 Splash Screen io.openclaw.telegramhandsfree#40642 cornerRadius=0.000000
02-15 22:51:03.732 D/SurfaceComposerClient( 8359): setCornerRadius ## 46b07cb io.openclaw.telegramhandsfree/io.openclaw.telegramhandsfree.MainActivity#40651 cornerRadius=0.000000
02-15 22:51:03.732 D/SurfaceComposerClient( 8359): setCornerRadius ## bef69e3 Splash Screen io.openclaw.telegramhandsfree#40642 cornerRadius=0.000000
02-15 22:51:03.732 D/SurfaceComposerClient( 8359): setCornerRadius ## 46b07cb io.openclaw.telegramhandsfree/io.openclaw.telegramhandsfree.MainActivity#40651 cornerRadius=0.000000
02-15 22:51:03.733 D/SurfaceComposerClient( 8359): setCornerRadius ## bef69e3 Splash Screen io.openclaw.telegramhandsfree#40642 cornerRadius=0.000000
02-15 22:51:03.733 D/SurfaceComposerClient( 8359): setCornerRadius ## 46b07cb io.openclaw.telegramhandsfree/io.openclaw.telegramhandsfree.MainActivity#40651 cornerRadius=0.000000
02-15 22:51:03.736 D/SurfaceFlinger( 1664):        DEVICE |           37804302214256 | 00002100 | RGBA_8888    |    0.0    0.0 1080.0 2316.0 |    0    0 1080 2316 | Splash Screen io.openclaw.telegramhandsfree$_8802#40643 (1)
02-15 22:51:03.737 D/SurfaceComposerClient( 8359): setCornerRadius ## bef69e3 Splash Screen io.openclaw.telegramhandsfree#40642 cornerRadius=0.000000
02-15 22:51:03.737 D/SurfaceComposerClient( 8359): setCornerRadius ## 46b07cb io.openclaw.telegramhandsfree/io.openclaw.telegramhandsfree.MainActivity#40651 cornerRadius=0.000000
02-15 22:51:03.738 D/SurfaceComposerClient( 8359): setCornerRadius ## bef69e3 Splash Screen io.openclaw.telegramhandsfree#40642 cornerRadius=0.000000
02-15 22:51:03.738 D/SurfaceComposerClient( 8359): setCornerRadius ## 46b07cb io.openclaw.telegramhandsfree/io.openclaw.telegramhandsfree.MainActivity#40651 cornerRadius=0.000000
02-15 22:51:03.741 D/SurfaceComposerClient( 8359): setCornerRadius ## bef69e3 Splash Screen io.openclaw.telegramhandsfree#40642 cornerRadius=0.000000
02-15 22:51:03.741 D/SurfaceComposerClient( 8359): setCornerRadius ## 46b07cb io.openclaw.telegramhandsfree/io.openclaw.telegramhandsfree.MainActivity#40651 cornerRadius=0.000000
02-15 22:51:03.791 I/SurfaceFlinger( 1664): [io.openclaw.telegramhandsfree/io.openclaw.telegramhandsfree.MainActivity$_24915#40652] setTransactionState with the first frame. bufferData(ID: 107009110179842, frameNumber: 1)
02-15 22:51:03.794 D/WindowManager( 8359): finishDrawingWindow: Window{46b07cb u0 io.openclaw.telegramhandsfree/io.openclaw.telegramhandsfree.MainActivity} mDrawState=DRAW_PENDING seqId=0
02-15 22:51:03.794 D/SurfaceComposerClient( 8359): setCornerRadius ## bef69e3 Splash Screen io.openclaw.telegramhandsfree#40642 cornerRadius=0.000000
02-15 22:51:03.794 D/SurfaceComposerClient( 8359): setCornerRadius ## 46b07cb io.openclaw.telegramhandsfree/io.openclaw.telegramhandsfree.MainActivity#40651 cornerRadius=0.000000
02-15 22:51:03.795 D/SurfaceComposerClient( 8359): setCornerRadius ## bef69e3 Splash Screen io.openclaw.telegramhandsfree#40642 cornerRadius=0.000000
02-15 22:51:03.796 V/WindowManager( 8359): Finish starting ActivityRecord{242836085 u0 io.openclaw.telegramhandsfree/.MainActivity t1043}: first real window is shown, no animation
02-15 22:51:03.796 V/WindowManager( 8359): Schedule remove starting ActivityRecord{242836085 u0 io.openclaw.telegramhandsfree/.MainActivity t1043} startingWindow=Window{bef69e3 u0 Splash Screen io.openclaw.telegramhandsfree} animate=true Callers=com.android.server.wm.ActivityRecord.removeStartingWindow:178 com.android.server.wm.WindowState.performShowLocked:155 com.android.server.wm.WindowStateAnimator.commitFinishDrawingLocked:73 com.android.server.wm.DisplayContent$$ExternalSyntheticLambda1.accept$com$android$server$wm$DisplayContent$$ExternalSyntheticLambda37:23 com.android.server.wm.DisplayContent$$ExternalSyntheticLambda1.accept:143 
02-15 22:51:03.796 D/TaskOrganizerController( 8359): applyStartingWindowAnimation, window=Window{46b07cb u0 io.openclaw.telegramhandsfree/io.openclaw.telegramhandsfree.MainActivity}, caller=com.android.server.wm.TaskOrganizerController.removeStartingWindow:132 com.android.server.wm.StartingSurfaceController$StartingSurface.remove:23 com.android.server.wm.ActivityRecord.removeStartingWindowAnimation:171 
02-15 22:51:03.796 I/WindowManager( 8359): Reparenting to leash, surface=Surface(name=46b07cb io.openclaw.telegramhandsfree/io.openclaw.telegramhandsfree.MainActivity)/@0x2a7343e, leashParent=Surface(name=ActivityRecord{242836085 u0 io.openclaw.telegramhandsfree/.MainActivity t1043})/@0x910529f
02-15 22:51:03.796 I/SurfaceFlinger( 1664): id=40655 createSurf, flag=24000, Surface(name=46b07cb io.openclaw.telegramhandsfree/io.openclaw.telegramhandsfree.MainActivity)/@0x2a7343e - animation-leash of starting_reveal#40655
02-15 22:51:03.797 I/InsetsSourceConsumer(24915): applyRequestedVisibilityToControl: visible=true, type=navigationBars, host=io.openclaw.telegramhandsfree/io.openclaw.telegramhandsfree.MainActivity
02-15 22:51:03.797 D/WindowManager( 8359): makeSurface duration=1 leash=Surface(name=Surface(name=46b07cb io.openclaw.telegramhandsfree/io.openclaw.telegramhandsfree.MainActivity)/@0x2a7343e - animation-leash of starting_reveal)/@0xb19cfec
02-15 22:51:03.798 I/InsetsSourceConsumer(24915): applyRequestedVisibilityToControl: visible=true, type=statusBars, host=io.openclaw.telegramhandsfree/io.openclaw.telegramhandsfree.MainActivity
02-15 22:51:03.798 V/WindowManager( 8359): performShowLocked: mDrawState=HAS_DRAWN in Window{46b07cb u0 io.openclaw.telegramhandsfree/io.openclaw.telegramhandsfree.MainActivity}
02-15 22:51:03.798 D/SurfaceComposerClient( 8359): setCornerRadius ## 46b07cb io.openclaw.telegramhandsfree/io.openclaw.telegramhandsfree.MainActivity#40651 cornerRadius=0.000000
02-15 22:51:03.799 D/SurfaceComposerClient( 8359): setCornerRadius ## bef69e3 Splash Screen io.openclaw.telegramhandsfree#40642 cornerRadius=0.000000
02-15 22:51:03.799 D/SurfaceComposerClient( 8359): setCornerRadius ## 46b07cb io.openclaw.telegramhandsfree/io.openclaw.telegramhandsfree.MainActivity#40651 cornerRadius=0.000000
02-15 22:51:03.799 D/SurfaceComposerClient( 8359): setCornerRadius ## bef69e3 Splash Screen io.openclaw.telegramhandsfree#40642 cornerRadius=0.000000
02-15 22:51:03.799 D/SurfaceComposerClient( 8359): setCornerRadius ## 46b07cb io.openclaw.telegramhandsfree/io.openclaw.telegramhandsfree.MainActivity#40651 cornerRadius=0.000000
02-15 22:51:03.800 I/SurfaceFlinger( 1664): [Surface(name=46b07cb io.openclaw.telegramhandsfree/io.openclaw.telegramhandsfree.MainActivity)/@0x2a7343e - animation-leash of starting_reveal#40655] attach to parent LayerHierarchy{RequestedLayerState{ActivityRecord{242836085 u0 io.openclaw.telegramhandsfree/.MainActivity t1043}#40641 parentId=40640} 4 children}
02-15 22:51:03.801 I/PkgPredictorService-SecIpmManagerServiceImpl( 8359): reportToNAP uid:10541 io.openclaw.telegramhandsfree/io.openclaw.telegramhandsfree.MainActivity thisTime:828
02-15 22:51:03.807 I/ActivityTaskManager( 8359): Displayed io.openclaw.telegramhandsfree/.MainActivity for user 0: +828ms
02-15 22:51:03.807 I/Pageboost( 8359): Launch time gathered : pid 24915 io.openclaw.telegramhandsfree 828
02-15 22:51:03.808 I/SurfaceFlinger( 1664): RequestedLayer [io.openclaw.telegramhandsfree/io.ope[...]mhandsfree.MainActivity$_24915#40652] hidden!! flag  from(1) --> to(0)
02-15 22:51:03.808 I/SurfaceFlinger( 1664): [LayerHierarchy{RequestedLayerState{46b07cb io.openclaw.telegramhandsfree/io.openclaw.telegramhandsfree.MainActivity#40651 parentId=40655} 1 children}] reparent to LayerHierarchy{RequestedLayerState{Surface(name=46b07cb io.openclaw.telegramhandsfree/io.openclaw.telegramhandsfree.MainActivity)/@0x2a7343e - animation-leash of starting_reveal#40655 parentId=40641} 1 children}
02-15 22:51:03.811 D/SurfaceFlinger( 1664):        DEVICE |          107009110179843 | 00002102 | RGBA_8888    |    0.0    0.0 1080.0 2316.0 |    0    0 1080 2316 | io.openclaw.telegramhandsfree/io.ope[...]mhandsfree.MainActivity$_24915#40652 (2)
02-15 22:51:03.811 D/SurfaceFlinger( 1664):        DEVICE |           37804302214256 | 00002100 | RGBA_8888    |    0.0    0.0 1080.0 2316.0 |    0    0 1080 2316 | Splash Screen io.openclaw.telegramhandsfree$_8802#40643 (1)
02-15 22:51:03.813 D/InputDispatcher( 8359): Focus entered window (0): 46b07cb io.openclaw.telegramhandsfree/io.openclaw.telegramhandsfree.MainActivity
02-15 22:51:03.821 D/SGM:FgCheckThread( 8359): getForegroundApp(), foregroundPkgName=io.openclaw.telegramhandsfree
02-15 22:51:03.822 D/SGM:FgCheckThread( 8359): noteStopComponent(), received pkgName: com.sec.android.app.launcher, focusedPkgName: io.openclaw.telegramhandsfree, userId: 0
02-15 22:51:03.830 D/SGM:GameManager( 8359): identifyForegroundApp. io.openclaw.telegramhandsfree, mCurrentUserId: 0, callerUserId: 0
02-15 22:51:03.830 D/SGM:GameManager( 8359): identifyForegroundApp. io.openclaw.telegramhandsfree, mCurrentUserId: 0, callerUserId: 0
02-15 22:51:03.832 D/SurfaceComposerClient( 8359): setCornerRadius ## bef69e3 Splash Screen io.openclaw.telegramhandsfree#40642 cornerRadius=0.000000
02-15 22:51:03.832 D/SurfaceComposerClient( 8359): setCornerRadius ## 46b07cb io.openclaw.telegramhandsfree/io.openclaw.telegramhandsfree.MainActivity#40651 cornerRadius=0.000000
02-15 22:51:03.832 D/SurfaceComposerClient( 8359): setCornerRadius ## bef69e3 Splash Screen io.openclaw.telegramhandsfree#40642 cornerRadius=0.000000
02-15 22:51:03.832 D/SurfaceComposerClient( 8359): setCornerRadius ## 46b07cb io.openclaw.telegramhandsfree/io.openclaw.telegramhandsfree.MainActivity#40651 cornerRadius=0.000000
02-15 22:51:03.848 I/ImeTracker( 8359): io.openclaw.telegramhandsfree:e3f6da9c: onRequestHide at ORIGIN_SERVER reason HIDE_UNSPECIFIED_WINDOW fromUser false
02-15 22:51:03.850 I/ImeTracker(24915): io.openclaw.telegramhandsfree:e3f6da9c: onCancelled at PHASE_CLIENT_ALREADY_HIDDEN
02-15 22:51:03.859 D/InsetsSourceProvider( 8359): updateControlForTarget: control=InsetsSourceControl: {3 mType=ime mSurfacePosition=Point(0, 75) mInsetsHint=Insets{left=0, top=0, right=0, bottom=991}}, target=Window{46b07cb u0 io.openclaw.telegramhandsfree/io.openclaw.telegramhandsfree.MainActivity}, from=com.android.server.wm.ImeInsetsSourceProvider.updateControlForTarget:17 com.android.server.wm.InsetsStateController.onControlTargetChanged:83 com.android.server.wm.DisplayContent.updateImeControlTarget:21 com.android.server.wm.DisplayContent.updateImeInputAndControlTarget:156 com.android.server.wm.WindowManagerService$LocalService.updateInputMethodTargetWindow:64 
02-15 22:51:03.860 D/SurfaceComposerClient( 8359): setCornerRadius ## bef69e3 Splash Screen io.openclaw.telegramhandsfree#40642 cornerRadius=0.000000
02-15 22:51:03.860 D/SurfaceComposerClient( 8359): setCornerRadius ## 46b07cb io.openclaw.telegramhandsfree/io.openclaw.telegramhandsfree.MainActivity#40651 cornerRadius=0.000000
02-15 22:51:03.864 I/WindowManager( 8359): Relayout Window{bef69e3 u0 Splash Screen io.openclaw.telegramhandsfree}: viewVisibility=8 req=1080x2316 ty=3 d0
02-15 22:51:03.864 D/SurfaceComposerClient( 8359): setCornerRadius ## 46b07cb io.openclaw.telegramhandsfree/io.openclaw.telegramhandsfree.MainActivity#40651 cornerRadius=0.000000
02-15 22:51:03.864 D/SurfaceComposerClient( 8359): setCornerRadius ## bef69e3 Splash Screen io.openclaw.telegramhandsfree#40642 cornerRadius=0.000000
02-15 22:51:03.864 D/SurfaceComposerClient( 8359): setCornerRadius ## 46b07cb io.openclaw.telegramhandsfree/io.openclaw.telegramhandsfree.MainActivity#40651 cornerRadius=0.000000
02-15 22:51:03.868 D/CoreBackPreview( 8359): Window{bef69e3 u0 Splash Screen io.openclaw.telegramhandsfree}: Setting back callback null
02-15 22:51:03.869 D/WindowManager( 8359): Starting window removed Window{bef69e3 u0 Splash Screen io.openclaw.telegramhandsfree}
02-15 22:51:03.869 I/WindowManager( 8359): Cancelling animation restarting=false, leash=Surface(name=Surface(name=46b07cb io.openclaw.telegramhandsfree/io.openclaw.telegramhandsfree.MainActivity)/@0x2a7343e - animation-leash of starting_reveal)/@0xb19cfec
02-15 22:51:03.869 I/WindowManager( 8359): Reparenting to original parent: Surface(name=ActivityRecord{242836085 u0 io.openclaw.telegramhandsfree/.MainActivity t1043})/@0x910529f, destroy=false, surface=Surface(name=46b07cb io.openclaw.telegramhandsfree/io.openclaw.telegramhandsfree.MainActivity)/@0x2a7343e
02-15 22:51:03.870 V/WindowManager( 8359): Remove Window{bef69e3 u0 Splash Screen io.openclaw.telegramhandsfree}: mSurfaceControl=Surface(name=Splash Screen io.openclaw.telegramhandsfree$_8802)/@0x74f8362 mAnimatingExit=false mRemoveOnExit=false mHasSurface=true surfaceShowing=true animating=false app-animation=false callers=com.android.server.wm.Session.remove:16 android.view.IWindowSession$Stub.onTransact:804 com.android.server.wm.Session.onTransact:1 android.os.Binder.execTransactInternal:1462 android.os.Binder.execTransact:1401 <bottom of call stack> 
02-15 22:51:03.870 D/SurfaceComposerClient( 8359): setCornerRadius ## 46b07cb io.openclaw.telegramhandsfree/io.openclaw.telegramhandsfree.MainActivity#40651 cornerRadius=0.000000
02-15 22:51:03.871 D/SurfaceComposerClient( 8359): setCornerRadius ## 46b07cb io.openclaw.telegramhandsfree/io.openclaw.telegramhandsfree.MainActivity#40651 cornerRadius=0.000000
02-15 22:51:03.872 D/SurfaceComposerClient( 8359): setCornerRadius ## 46b07cb io.openclaw.telegramhandsfree/io.openclaw.telegramhandsfree.MainActivity#40651 cornerRadius=0.000000
02-15 22:51:03.875 I/SurfaceFlinger( 1664): [LayerHierarchy{RequestedLayerState{ImeContainer#12606 parentId=40641 relativeParentId=40651 z=1} 1 children}] reparent to LayerHierarchy{RequestedLayerState{ActivityRecord{242836085 u0 io.openclaw.telegramhandsfree/.MainActivity t1043}#40641 parentId=40640} 4 children}
02-15 22:51:03.875 I/SurfaceFlinger( 1664): [LayerHierarchy{RequestedLayerState{ImeContainer#12606 parentId=40641 relativeParentId=40651 z=1} 1 children}] RelativeParent to LayerHierarchy{RequestedLayerState{46b07cb io.openclaw.telegramhandsfree/io.openclaw.telegramhandsfree.MainActivity#40651 parentId=40641} 2 children}
02-15 22:51:03.875 I/SurfaceFlinger( 1664): [LayerHierarchy{RequestedLayerState{Surface(name=46b07cb io.openclaw.telegramhandsfree/io.openclaw.telegramhandsfree.MainActivity)/@0x2a7343e - animation-leash of starting_reveal#40655} 1 children}] reparent to OffscreenRoot
02-15 22:51:03.875 I/SurfaceFlinger( 1664): [LayerHierarchy{RequestedLayerState{Surface(name=46b07cb io.openclaw.telegramhandsfree/io.openclaw.telegramhandsfree.MainActivity)/@0x2a7343e - animation-leash of starting_reveal#40655} 1 children}] RelativeParent to null
02-15 22:51:03.875 I/SurfaceFlinger( 1664): [LayerHierarchy{RequestedLayerState{bef69e3 Splash Screen io.openclaw.telegramhandsfree#40642 z=2147483647} 1 children}] reparent to OffscreenRoot
02-15 22:51:03.875 I/SurfaceFlinger( 1664): [LayerHierarchy{RequestedLayerState{bef69e3 Splash Screen io.openclaw.telegramhandsfree#40642 z=2147483647} 1 children}] RelativeParent to null
02-15 22:51:03.875 I/SurfaceFlinger( 1664): [LayerHierarchy{RequestedLayerState{Splash Screen io.openclaw.telegramhandsfree$_8802#40643} no children}] reparent to OffscreenRoot
02-15 22:51:03.875 I/SurfaceFlinger( 1664): [LayerHierarchy{RequestedLayerState{Splash Screen io.openclaw.telegramhandsfree$_8802#40643} no children}] RelativeParent to null
02-15 22:51:03.875 I/SurfaceFlinger( 1664): [LayerHierarchy{RequestedLayerState{46b07cb io.openclaw.telegramhandsfree/io.openclaw.telegramhandsfree.MainActivity#40651 parentId=40641} 2 children}] reparent to LayerHierarchy{RequestedLayerState{ActivityRecord{242836085 u0 io.openclaw.telegramhandsfree/.MainActivity t1043}#40641 parentId=40640} 3 children}
02-15 22:51:03.881 D/SurfaceFlinger( 1664):        DEVICE |          107009110179841 | 00002102 | RGBA_8888    |    0.0    0.0 1080.0 2316.0 |    0    0 1080 2316 | io.openclaw.telegramhandsfree/io.ope[...]mhandsfree.MainActivity$_24915#40652 (7)
02-15 22:51:03.890 D/SurfaceComposerClient( 8359): setCornerRadius ## 46b07cb io.openclaw.telegramhandsfree/io.openclaw.telegramhandsfree.MainActivity#40651 cornerRadius=0.000000
02-15 22:51:03.892 I/SurfaceFlinger( 1664): id=40642 Removed bef69e3 Splash Screen io.openclaw.telegramhandsfree#40642 (259)
02-15 22:51:03.893 I/SurfaceFlinger( 1664): id=40643 Removed Splash Screen io.openclaw.telegramhandsfree$_8802#40643 (259)
02-15 22:51:03.897 I/HBD     ( 6464): b [AiWriter] setContact : io.openclaw.telegramhandsfree
02-15 22:51:03.897 I/HBD     ( 6464): a [AiWriter] setContact : io.openclaw.telegramhandsfree
02-15 22:51:03.900 I/SurfaceFlinger( 1664): destroyed bef69e3 Splash Screen io.openclaw.telegramhandsfree#40642 form LifecycleManager
02-15 22:51:03.900 I/SurfaceFlinger( 1664): destroyed Splash Screen io.openclaw.telegramhandsfree$_8802#40643 form LifecycleManager
02-15 22:51:03.900 I/SurfaceFlinger( 1664): id=40642 onLayerDestroyed from LayerHierarchyBuilder(RequestedLayerState{bef69e3 Splash Screen io.openclaw.telegramhandsfree#40642 !handle z=2147483647})
02-15 22:51:03.900 I/SurfaceFlinger( 1664): id=40643 onLayerDestroyed from LayerHierarchyBuilder(RequestedLayerState{Splash Screen io.openclaw.telegramhandsfree$_8802#40643 !handle})
02-15 22:51:03.901 I/Layer   ( 1664): id=40642 Destroyed bef69e3 Splash Screen io.openclaw.telegramhandsfree#40642
02-15 22:51:03.901 I/Layer   ( 1664): id=40643 Destroyed Splash Screen io.openclaw.telegramhandsfree$_8802#40643
02-15 22:51:03.961 D/MdnieScenarioControlService( 8359):  packageName : io.openclaw.telegramhandsfree    className : io.openclaw.telegramhandsfree.MainActivity
02-15 22:51:04.108 I/HBD     ( 6464): a [SKE_SPECIFIC] specific model[io.openclaw.telegramhandsfree] loaded, 169281563 ns
02-15 22:51:04.360 D/SGM:GameManager( 8359): identifyForegroundApp. io.openclaw.telegramhandsfree, mCurrentUserId: 0, callerUserId: 0
02-15 22:51:04.609 I/Finsky  (22968): [347] Installer package name of package io.openclaw.telegramhandsfree is 
02-15 22:51:05.384 I/SurfaceFlinger( 1664): [io.openclaw.telegramhandsfree/io.openclaw.telegramhandsfree.MainActivity$_24915#40652] setFrameRateCategory: HighHint
02-15 22:51:05.514 D/ActivityTaskManager( 8359): DesktopModeLaunchParamsModifier: task=Task{12cc20a #1043 type=standard A=10541:io.openclaw.telegramhandsfree} activity=ActivityRecord{201548086 u0 com.google.android.permissioncontroller/com.android.permissioncontroller.permission.ui.GrantPermissionsActivity t-1} non-desktop, skipping
02-15 22:51:05.515 D/ActivityTaskManager( 8359): TaskLaunchParamsModifier:task=Task{12cc20a #1043 type=standard A=10541:io.openclaw.telegramhandsfree} activity=ActivityRecord{201548086 u0 com.google.android.permissioncontroller/com.android.permissioncontroller.permission.ui.GrantPermissionsActivity t-1} display-area-from-source=DefaultTaskDisplayArea_d0@17612067 display-id=0 task-display-area-windowing-mode=1 suggested-display-area=DefaultTaskDisplayArea_d0@17612067 inherit-from-source=fullscreen non-freeform-task-display-area display-area=DefaultTaskDisplayArea_d0@17612067 default-portrait freeform-size-mismatch=Rect(81, 597 - 999, 1755)
02-15 22:51:05.515 D/ActivityTaskManager( 8359): DesktopModeLaunchParamsModifier: task=Task{12cc20a #1043 type=standard A=10541:io.openclaw.telegramhandsfree} activity=ActivityRecord{201548086 u0 com.google.android.permissioncontroller/com.android.permissioncontroller.permission.ui.GrantPermissionsActivity t-1} non-desktop, skipping
02-15 22:51:05.515 D/ActivityTaskManager( 8359): TaskLaunchParamsModifier:task=Task{12cc20a #1043 type=standard A=10541:io.openclaw.telegramhandsfree} activity=ActivityRecord{201548086 u0 com.google.android.permissioncontroller/com.android.permissioncontroller.permission.ui.GrantPermissionsActivity t-1} display-area-from-source=DefaultTaskDisplayArea_d0@17612067 display-id=0 task-display-area-windowing-mode=1 suggested-display-area=DefaultTaskDisplayArea_d0@17612067 inherit-from-source=fullscreen non-freeform-task-display-area display-area=DefaultTaskDisplayArea_d0@17612067 default-portrait freeform-size-mismatch=Rect(81, 597 - 999, 1755)
02-15 22:51:05.521 D/ActivityTaskManager( 8359): scheduleTopResumedActivityChanged, onTop=false, r=ActivityRecord{242836085 u0 io.openclaw.telegramhandsfree/.MainActivity t1043}, caller=com.android.server.wm.ActivityTaskSupervisor.scheduleTopResumedActivityStateLossIfNeeded:19 com.android.server.wm.ActivityTaskSupervisor.updateTopResumedActivityIfNeeded:20 com.android.server.wm.TaskFragment.setResumedActivity:30 com.android.server.wm.ActivityRecord.setState:91 com.android.server.wm.TaskFragment.startPausing$1:209 com.android.server.wm.TaskFragment.resumeTopActivity:699 
02-15 22:51:05.522 V/WindowManager( 8359):    ChangeInfo{570cb09 container=Task{12cc20a #1043 type=standard A=10541:io.openclaw.telegramhandsfree} flags=0x0}
02-15 22:51:05.523 V/WindowManagerShell( 8802): Transition requested (#2126): android.os.BinderProxy@a8174e0 TransitionRequestInfo { type = OPEN, triggerTask = TaskInfo{userId=0 taskId=1043 effectiveUid=10541 displayId=0 isRunning=true baseIntent=Intent { act=android.intent.action.MAIN cat=[android.intent.category.LAUNCHER] flg=0x10200000 cmp=io.openclaw.telegramhandsfree/.MainActivity } baseActivity=ComponentInfo{io.openclaw.telegramhandsfree/io.openclaw.telegramhandsfree.MainActivity} topActivity=ComponentInfo{com.google.android.permissioncontroller/com.android.permissioncontroller.permission.ui.GrantPermissionsActivity} origActivity=null realActivity=ComponentInfo{io.openclaw.telegramhandsfree/io.openclaw.telegramhandsfree.MainActivity} numActivities=2 lastActiveTime=362648010 supportsMultiWindow=true resizeMode=1 isResizeable=true minWidth=-1 minHeight=-1 maxWidth=-1 maxHeight=-1 defaultMinSize=220 desktopDefaultMinSize=304 token=WCT{android.window.IWindowContainerToken$Stub$Proxy@ffb3399} topActivityType=1 pictureInPictureParams=null shouldDockBigOverlays=false launchIntoPipHostTaskId=-1 lastParentTaskIdBeforePip=-1 displayCutoutSafeInsets=Rect(0, 0 - 0, 0) topActivityInfo=ActivityInfo{903c65e com.android.permissioncontroller.permission.ui.GrantPermissionsActivity} launchCookies=[android.os.BinderProxy@3821375] positionInParent=Point(0, 0) parentTaskId=-1 isFocused=true isVisible=true isVisibleRequested=true isTopActivityNoDisplay=false isSleeping=false locusId=null displayAreaFeatureId=1 isTopActivityTransparent=true isActivityStackTransparent=false lastNonFullscreenBounds=Rect(81, 597 - 999, 1755) capturedLink=null capturedLinkTimestamp=0 requestedVisibleTypes=-9 topActivityRequestOpenInBrowserEducationTimestamp=0 appCompatTaskInfo=AppCompatTaskInfo { topActivityInSizeCompat=false eligibleForLetterboxEducation= false isLetterboxEducationEnabled= false isLetterboxDoubleTapEnabled= false eligibleForUserAspectRatioButton= false topActivityBoundsLetterboxed= false isFromLetterboxDoubleTap= false topActivityLetterboxVerticalPosition= -1 topActivityLetterboxHorizontalPosition= -1 topActivityLetterboxWidth=-1 topActivityLetterboxHeight=-1 topActivityAppBounds=Rect(0, 0 - 1080, 2316) isUserFullscreenOverrideEnabled=false isSystemFullscreenOverrideEnabled=false hasMinAspectRatioOverride=false topActivityLetterboxBounds=null cameraCompatTaskInfo=CameraCompatTaskInfo { freeformCameraCompatMode=inactive} topActivityBounds=null topActivityInDisplayCompat=false singleTapFromLetterbox=false} topActivityMainWindowFrame=null originallySupportedMultiWindow=true hasWallpaper=false rootAffinity=10541:io.openclaw.telegramhandsfree isTopTaskInStage=false CoverLauncherWidgetTask=false LaunchedFromAppsCoverLauncherTask=false LaunchedFromMultistarCoverLauncherTask=false isAllowedSeamlessRotation=false isTopTransparentActivity=false isAliasManaged=false hasConfigChanged=false snappingGuideBounds=null isAiKeyRemoveAppTask=false lastDesktopWindowingBounds=null lastExternalDesktopWindowingBounds=null safeCutoutInsets=null}, pipChange = null, remoteTransition = null, displayChange = null, flags = 0, debugId = 2126 }
02-15 22:51:05.534 D/WindowManager( 8359): Changing focus from Window{46b07cb u0 io.openclaw.telegramhandsfree/io.openclaw.telegramhandsfree.MainActivity} to null displayId=0 Callers=com.android.server.wm.ActivityTaskManagerService.setLastResumedActivityUncheckLocked:264 com.android.server.wm.ActivityTaskSupervisor.updateTopResumedActivityIfNeeded:51 com.android.server.wm.TaskFragment.setResumedActivity:30 com.android.server.wm.ActivityRecord.setState:100 
02-15 22:51:05.537 D/SurfaceComposerClient( 8359): setCornerRadius ## 46b07cb io.openclaw.telegramhandsfree/io.openclaw.telegramhandsfree.MainActivity#40651 cornerRadius=0.000000
02-15 22:51:05.538 D/SGM:FgCheckThread( 8359): notePauseComponent(), received pkgName: io.openclaw.telegramhandsfree, userId: 0
02-15 22:51:05.539 I/Routine@Core[4.9.04.13]: ActivityWatcherListenerImpl(12362): onPauseComponent: componentName - io.openclaw.telegramhandsfree, userId: 0
02-15 22:51:05.543 D/SGM:GameManager( 8359): identifyForegroundApp. io.openclaw.telegramhandsfree, mCurrentUserId: 0, callerUserId: 0
02-15 22:51:05.545 D/SGM:GameManager( 8359): identifyForegroundApp. io.openclaw.telegramhandsfree, mCurrentUserId: 0, callerUserId: 0
02-15 22:51:05.547 D/InputDispatcher( 8359): Focus left window (0): 46b07cb io.openclaw.telegramhandsfree/io.openclaw.telegramhandsfree.MainActivity
02-15 22:51:05.551 D/SurfaceComposerClient( 8359): setCornerRadius ## 46b07cb io.openclaw.telegramhandsfree/io.openclaw.telegramhandsfree.MainActivity#40651 cornerRadius=0.000000
02-15 22:51:05.574 D/SurfaceComposerClient( 8359): setCornerRadius ## 46b07cb io.openclaw.telegramhandsfree/io.openclaw.telegramhandsfree.MainActivity#40651 cornerRadius=0.000000
02-15 22:51:05.574 D/SurfaceComposerClient( 8359): setCornerRadius ## 46b07cb io.openclaw.telegramhandsfree/io.openclaw.telegramhandsfree.MainActivity#40651 cornerRadius=0.000000
02-15 22:51:05.578 D/WindowManager( 8359): updateSystemBarAttributes: displayId=0, focusedCanBeNavColorWin=false, win=Window{c1833f6 u0 com.google.android.permissioncontroller/com.android.permissioncontroller.permission.ui.GrantPermissionsActivity}, navColorWin=Window{46b07cb u0 io.openclaw.telegramhandsfree/io.openclaw.telegramhandsfree.MainActivity}, caller=com.android.server.wm.WindowManagerService.updateFocusedWindowLocked:372 com.android.server.wm.WindowManagerService.relayoutWindow:1350 com.android.server.wm.Session.relayout:27 
02-15 22:51:05.590 D/SurfaceComposerClient( 8359): setCornerRadius ## 46b07cb io.openclaw.telegramhandsfree/io.openclaw.telegramhandsfree.MainActivity#40651 cornerRadius=0.000000
02-15 22:51:05.591 D/SurfaceComposerClient( 8359): setCornerRadius ## 46b07cb io.openclaw.telegramhandsfree/io.openclaw.telegramhandsfree.MainActivity#40651 cornerRadius=0.000000
02-15 22:51:05.592 D/ChangeTransitionController( 8359):    ChangeInfo{570cb09 container=Task{12cc20a #1043 type=standard A=10541:io.openclaw.telegramhandsfree} flags=0x0}
02-15 22:51:05.598 D/SurfaceComposerClient( 8359): setCornerRadius ## 46b07cb io.openclaw.telegramhandsfree/io.openclaw.telegramhandsfree.MainActivity#40651 cornerRadius=0.000000
02-15 22:51:05.599 D/SurfaceComposerClient( 8359): setCornerRadius ## 46b07cb io.openclaw.telegramhandsfree/io.openclaw.telegramhandsfree.MainActivity#40651 cornerRadius=0.000000
02-15 22:51:05.603 D/SurfaceComposerClient( 8359): setCornerRadius ## 46b07cb io.openclaw.telegramhandsfree/io.openclaw.telegramhandsfree.MainActivity#40651 cornerRadius=0.000000
02-15 22:51:05.606 D/SurfaceComposerClient( 8359): setCornerRadius ## 46b07cb io.openclaw.telegramhandsfree/io.openclaw.telegramhandsfree.MainActivity#40651 cornerRadius=0.000000
02-15 22:51:05.608 V/WindowManager( 8359):    ChangeInfo{570cb09 container=Task{12cc20a #1043 type=standard A=10541:io.openclaw.telegramhandsfree} flags=0x0}
